2026-09-08 07:23:33.622 | INFO     | __main__:main:97 - 4/791 real:3 lifting=True rep=0 solved 0.479s
2026-09-08 07:23:34.102 | INFO     | __main__:main:97 - 4/791 real:3 lifting=False rep=0 solved 0.478s
2026-09-08 07:23:34.824 | INFO     | __main__:main:97 - 8/791 real:7 lifting=True rep=0 solved 0.720s
2026-09-08 07:23:35.542 | INFO     | __main__:main:97 - 8/791 real:7 lifting=False rep=0 solved 0.716s
2026-09-08 07:23:36.113 | INFO     | __main__:main:97 - 12/791 real:14 lifting=True rep=0 solved 0.570s
2026-09-08 07:23:36.688 | INFO     | __main__:main:97 - 12/791 real:14 lifting=False rep=0 solved 0.574s
2026-09-08 07:23:37.169 | INFO     | __main__:main:97 - 16/791 real:20 lifting=True rep=0 solved 0.480s
2026-09-08 07:23:37.649 | INFO     | __main__:main:97 - 16/791 real:20 lifting=False rep=0 solved 0.479s
2026-09-08 07:23:38.592 | INFO     | __main__:main:97 - 20/791 real:24 lifting=True rep=0 solved 0.942s
2026-09-08 07:23:39.533 | INFO     | __main__:main:97 - 20/791 real:24 lifting=False rep=0 solved 0.940s
2026-09-08 07:23:40.106 | INFO     | __main__:main:97 - 24/791 real:28 lifting=True rep=0 solved 0.571s
2026-09-08 07:23:40.678 | INFO     | __main__:main:97 - 24/791 real:28 lifting=False rep=0 solved 0.571s
2026-09-08 07:23:41.856 | INFO     | __main__:main:97 - 28/791 real:32 lifting=True rep=0 solved 1.177s
2026-09-08 07:23:43.027 | INFO     | __main__:main:97 - 28/791 real:32 lifting=False rep=0 solved 1.169s
2026-09-08 07:23:43.624 | INFO     | __main__:main:97 - 32/791 real:38 lifting=True rep=0 solved 0.596s
2026-09-08 07:23:44.214 | INFO     | __main__:main:97 - 32/791 real:38 lifting=False rep=0 solved 0.589s
2026-09-08 07:23:45.076 | INFO     | __main__:main:97 - 36/791 real:43 lifting=True rep=0 solved 0.860s
2026-09-08 07:23:45.927 | INFO     | __main__:main:97 - 36/791 real:43 lifting=False rep=0 solved 0.850s
2026-09-08 07:23:47.094 | INFO     | __main__:main:97 - 40/791 real:48 lifting=True rep=0 solved 1.166s
2026-09-08 07:23:48.269 | INFO     | __main__:main:97 - 40/791 real:48 lifting=False rep=0 solved 1.174s
2026-09-08 07:23:48.858 | INFO     | __main__:main:97 - 44/791 real:56 lifting=True rep=0 solved 0.587s
2026-09-08 07:23:49.425 | INFO     | __main__:main:97 - 44/791 real:56 lifting=False rep=0 solved 0.566s
2026-09-08 07:23:49.933 | INFO     | __main__:main:97 - 48/791 real:60 lifting=True rep=0 solved 0.506s
2026-09-08 07:23:50.417 | INFO     | __main__:main:97 - 48/791 real:60 lifting=False rep=0 solved 0.483s
2026-09-08 07:23:51.542 | INFO     | __main__:main:97 - 52/791 real:65 lifting=True rep=0 solved 1.124s
2026-09-08 07:23:52.643 | INFO     | __main__:main:97 - 52/791 real:65 lifting=False rep=0 solved 1.099s
2026-09-08 07:23:53.268 | INFO     | __main__:main:97 - 56/791 real:70 lifting=True rep=0 solved 0.624s
2026-09-08 07:23:53.900 | INFO     | __main__:main:97 - 56/791 real:70 lifting=False rep=0 solved 0.631s
2026-09-08 07:23:54.994 | INFO     | __main__:main:97 - 60/791 real:74 lifting=True rep=0 solved 1.093s
2026-09-08 07:23:56.078 | INFO     | __main__:main:97 - 60/791 real:74 lifting=False rep=0 solved 1.083s
2026-09-08 07:23:56.718 | INFO     | __main__:main:97 - 64/791 real:80 lifting=True rep=0 solved 0.638s
2026-09-08 07:23:57.360 | INFO     | __main__:main:97 - 64/791 real:80 lifting=False rep=0 solved 0.641s
2026-09-08 07:23:57.934 | INFO     | __main__:main:97 - 68/791 real:85 lifting=True rep=0 solved 0.572s
2026-09-08 07:23:58.509 | INFO     | __main__:main:97 - 68/791 real:85 lifting=False rep=0 solved 0.573s
2026-09-08 07:23:59.552 | INFO     | __main__:main:97 - 72/791 real:92 lifting=True rep=0 solved 1.042s
2026-09-08 07:24:00.594 | INFO     | __main__:main:97 - 72/791 real:92 lifting=False rep=0 solved 1.041s
2026-09-08 07:24:01.171 | INFO     | __main__:main:97 - 76/791 real:96 lifting=True rep=0 solved 0.575s
2026-09-08 07:24:01.752 | INFO     | __main__:main:97 - 76/791 real:96 lifting=False rep=0 solved 0.580s
2026-09-08 07:24:02.871 | INFO     | __main__:main:97 - 80/791 real:100 lifting=True rep=0 solved 1.118s
2026-09-08 07:24:03.987 | INFO     | __main__:main:97 - 80/791 real:100 lifting=False rep=0 solved 1.114s
2026-09-08 07:24:05.043 | INFO     | __main__:main:97 - 84/791 real:104 lifting=True rep=0 solved 1.055s
2026-09-08 07:24:06.049 | INFO     | __main__:main:97 - 84/791 real:104 lifting=False rep=0 solved 1.004s
2026-09-08 07:24:06.904 | INFO     | __main__:main:97 - 88/791 real:108 lifting=True rep=0 solved 0.854s
2026-09-08 07:24:07.787 | INFO     | __main__:main:97 - 88/791 real:108 lifting=False rep=0 solved 0.882s
2026-09-08 07:24:08.757 | INFO     | __main__:main:97 - 92/791 real:112 lifting=True rep=0 solved 0.968s
2026-09-08 07:24:09.725 | INFO     | __main__:main:97 - 92/791 real:112 lifting=False rep=0 solved 0.967s
2026-09-08 07:24:10.175 | INFO     | __main__:main:97 - 96/791 real:118 lifting=True rep=0 solved 0.448s
2026-09-08 07:24:10.623 | INFO     | __main__:main:97 - 96/791 real:118 lifting=False rep=0 solved 0.446s
2026-09-08 07:24:11.068 | INFO     | __main__:main:97 - 100/791 real:124 lifting=True rep=0 solved 0.444s
2026-09-08 07:24:11.517 | INFO     | __main__:main:97 - 100/791 real:124 lifting=False rep=0 solved 0.448s
2026-09-08 07:24:12.202 | INFO     | __main__:main:97 - 104/791 real:128 lifting=True rep=0 solved 0.683s
2026-09-08 07:24:12.885 | INFO     | __main__:main:97 - 104/791 real:128 lifting=False rep=0 solved 0.682s
2026-09-08 07:24:13.560 | INFO     | __main__:main:97 - 108/791 real:132 lifting=True rep=0 solved 0.673s
2026-09-08 07:24:14.313 | INFO     | __main__:main:97 - 108/791 real:132 lifting=False rep=0 solved 0.752s
2026-09-08 07:24:15.936 | INFO     | __main__:main:97 - 112/791 real:136 lifting=True rep=0 solved 1.621s
2026-09-08 07:24:17.566 | INFO     | __main__:main:97 - 112/791 real:136 lifting=False rep=0 solved 1.629s
2026-09-08 07:24:18.356 | INFO     | __main__:main:97 - 116/791 real:142 lifting=True rep=0 solved 0.789s
2026-09-08 07:24:19.000 | INFO     | __main__:main:97 - 116/791 real:142 lifting=False rep=0 solved 0.642s
2026-09-08 07:24:19.641 | INFO     | __main__:main:97 - 116/791 real:142 lifting=False rep=1 solved 0.640s
2026-09-08 07:24:20.282 | INFO     | __main__:main:97 - 116/791 real:142 lifting=True rep=1 solved 0.639s
2026-09-08 07:24:20.923 | INFO     | __main__:main:97 - 116/791 real:142 lifting=True rep=2 solved 0.640s
2026-09-08 07:24:21.567 | INFO     | __main__:main:97 - 116/791 real:142 lifting=False rep=2 solved 0.643s
2026-09-08 07:24:22.210 | INFO     | __main__:main:97 - 116/791 real:142 lifting=False rep=3 solved 0.642s
2026-09-08 07:24:22.856 | INFO     | __main__:main:97 - 116/791 real:142 lifting=True rep=3 solved 0.644s
2026-09-08 07:24:23.642 | INFO     | __main__:main:97 - 120/791 real:146 lifting=True rep=0 solved 0.785s
2026-09-08 07:24:24.428 | INFO     | __main__:main:97 - 120/791 real:146 lifting=False rep=0 solved 0.784s
2026-09-08 07:24:25.077 | INFO     | __main__:main:97 - 124/791 real:152 lifting=True rep=0 solved 0.648s
2026-09-08 07:24:25.724 | INFO     | __main__:main:97 - 124/791 real:152 lifting=False rep=0 solved 0.646s
2026-09-08 07:24:26.054 | INFO     | __main__:main:97 - 128/791 real:158 lifting=True rep=0 solved 0.328s
2026-09-08 07:24:26.389 | INFO     | __main__:main:97 - 128/791 real:158 lifting=False rep=0 solved 0.334s
2026-09-08 07:24:26.726 | INFO     | __main__:main:97 - 132/791 real:163 lifting=True rep=0 solved 0.335s
2026-09-08 07:24:27.059 | INFO     | __main__:main:97 - 132/791 real:163 lifting=False rep=0 solved 0.332s
2026-09-08 07:24:27.451 | INFO     | __main__:main:97 - 136/791 real:167 lifting=True rep=0 solved 0.390s
2026-09-08 07:24:27.836 | INFO     | __main__:main:97 - 136/791 real:167 lifting=False rep=0 solved 0.384s
2026-09-08 07:24:28.207 | INFO     | __main__:main:97 - 140/791 real:171 lifting=True rep=0 solved 0.370s
2026-09-08 07:24:28.583 | INFO     | __main__:main:97 - 140/791 real:171 lifting=False rep=0 solved 0.375s
2026-09-08 07:24:29.463 | INFO     | __main__:main:97 - 144/791 real:176 lifting=True rep=0 solved 0.878s
2026-09-08 07:24:30.340 | INFO     | __main__:main:97 - 144/791 real:176 lifting=False rep=0 solved 0.876s
2026-09-08 07:24:31.338 | INFO     | __main__:main:97 - 148/791 real:181 lifting=True rep=0 solved 0.997s
2026-09-08 07:24:32.343 | INFO     | __main__:main:97 - 148/791 real:181 lifting=False rep=0 solved 1.004s
2026-09-08 07:24:32.665 | INFO     | __main__:main:97 - 152/791 real:185 lifting=True rep=0 solved 0.320s
2026-09-08 07:24:32.997 | INFO     | __main__:main:97 - 152/791 real:185 lifting=False rep=0 solved 0.331s
2026-09-08 07:24:33.367 | INFO     | __main__:main:97 - 156/791 real:189 lifting=True rep=0 solved 0.368s
2026-09-08 07:24:33.740 | INFO     | __main__:main:97 - 156/791 real:189 lifting=False rep=0 solved 0.371s
2026-09-08 07:24:34.138 | INFO     | __main__:main:97 - 160/791 real:193 lifting=True rep=0 solved 0.397s
2026-09-08 07:24:34.532 | INFO     | __main__:main:97 - 160/791 real:193 lifting=False rep=0 solved 0.393s
2026-09-08 07:24:35.193 | INFO     | __main__:main:97 - 164/791 real:200 lifting=True rep=0 solved 0.659s
2026-09-08 07:24:35.841 | INFO     | __main__:main:97 - 164/791 real:200 lifting=False rep=0 solved 0.647s
2026-09-08 07:24:36.163 | INFO     | __main__:main:97 - 168/791 real:204 lifting=True rep=0 solved 0.321s
2026-09-08 07:24:36.492 | INFO     | __main__:main:97 - 168/791 real:204 lifting=False rep=0 solved 0.328s
2026-09-08 07:24:36.815 | INFO     | __main__:main:97 - 172/791 real:211 lifting=True rep=0 solved 0.321s
2026-09-08 07:24:37.140 | INFO     | __main__:main:97 - 172/791 real:211 lifting=False rep=0 solved 0.324s
2026-09-08 07:24:37.621 | INFO     | __main__:main:97 - 176/791 real:219 lifting=True rep=0 solved 0.479s
2026-09-08 07:24:38.107 | INFO     | __main__:main:97 - 176/791 real:219 lifting=False rep=0 solved 0.484s
2026-09-08 07:24:38.428 | INFO     | __main__:main:97 - 180/791 real:225 lifting=True rep=0 solved 0.320s
2026-09-08 07:24:38.748 | INFO     | __main__:main:97 - 180/791 real:225 lifting=False rep=0 solved 0.319s
2026-09-08 07:24:39.140 | INFO     | __main__:main:97 - 184/791 real:231 lifting=True rep=0 solved 0.390s
2026-09-08 07:24:39.528 | INFO     | __main__:main:97 - 184/791 real:231 lifting=False rep=0 solved 0.386s
2026-09-08 07:24:39.996 | INFO     | __main__:main:97 - 188/791 real:237 lifting=True rep=0 solved 0.467s
2026-09-08 07:24:40.468 | INFO     | __main__:main:97 - 188/791 real:237 lifting=False rep=0 solved 0.471s
2026-09-08 07:24:42.083 | INFO     | __main__:main:97 - 192/791 real:242 lifting=True rep=0 solved 1.614s
2026-09-08 07:24:43.711 | INFO     | __main__:main:97 - 192/791 real:242 lifting=False rep=0 solved 1.626s
2026-09-08 07:24:44.038 | INFO     | __main__:main:97 - 196/791 real:246 lifting=True rep=0 solved 0.326s
2026-09-08 07:24:44.363 | INFO     | __main__:main:97 - 196/791 real:246 lifting=False rep=0 solved 0.323s
2026-09-08 07:24:45.166 | INFO     | __main__:main:97 - 200/791 real:252 lifting=True rep=0 solved 0.802s
2026-09-08 07:24:45.973 | INFO     | __main__:main:97 - 200/791 real:252 lifting=False rep=0 solved 0.805s
2026-09-08 07:24:46.296 | INFO     | __main__:main:97 - 204/791 real:256 lifting=True rep=0 solved 0.322s
2026-09-08 07:24:46.621 | INFO     | __main__:main:97 - 204/791 real:256 lifting=False rep=0 solved 0.324s
2026-09-08 07:24:47.443 | INFO     | __main__:main:97 - 208/791 real:262 lifting=True rep=0 solved 0.821s
2026-09-08 07:24:48.273 | INFO     | __main__:main:97 - 208/791 real:262 lifting=False rep=0 solved 0.828s
2026-09-08 07:24:48.698 | INFO     | __main__:main:97 - 212/791 real:268 lifting=True rep=0 solved 0.424s
2026-09-08 07:24:49.132 | INFO     | __main__:main:97 - 212/791 real:268 lifting=False rep=0 solved 0.432s
2026-09-08 07:24:49.459 | INFO     | __main__:main:97 - 216/791 real:274 lifting=True rep=0 solved 0.326s
2026-09-08 07:24:49.787 | INFO     | __main__:main:97 - 216/791 real:274 lifting=False rep=0 solved 0.326s
2026-09-08 07:24:50.207 | INFO     | __main__:main:97 - 220/791 real:279 lifting=True rep=0 solved 0.418s
2026-09-08 07:24:50.630 | INFO     | __main__:main:97 - 220/791 real:279 lifting=False rep=0 solved 0.422s
2026-09-08 07:24:51.344 | INFO     | __main__:main:97 - 224/791 real:286 lifting=True rep=0 solved 0.713s
2026-09-08 07:24:52.064 | INFO     | __main__:main:97 - 224/791 real:286 lifting=False rep=0 solved 0.718s
2026-09-08 07:24:52.872 | INFO     | __main__:main:97 - 228/791 real:291 lifting=True rep=0 solved 0.806s
2026-09-08 07:24:53.677 | INFO     | __main__:main:97 - 228/791 real:291 lifting=False rep=0 solved 0.804s
2026-09-08 07:24:54.072 | INFO     | __main__:main:97 - 232/791 real:296 lifting=True rep=0 solved 0.393s
2026-09-08 07:24:54.471 | INFO     | __main__:main:97 - 232/791 real:296 lifting=False rep=0 solved 0.397s
2026-09-08 07:24:54.857 | INFO     | __main__:main:97 - 236/791 real:300 lifting=True rep=0 solved 0.385s
2026-09-08 07:24:55.245 | INFO     | __main__:main:97 - 236/791 real:300 lifting=False rep=0 solved 0.387s
2026-09-08 07:24:56.057 | INFO     | __main__:main:97 - 240/791 real:305 lifting=True rep=0 solved 0.811s
2026-09-08 07:24:56.870 | INFO     | __main__:main:97 - 240/791 real:305 lifting=False rep=0 solved 0.811s
2026-09-08 07:24:57.659 | INFO     | __main__:main:97 - 244/791 real:325 lifting=True rep=0 solved 0.787s
2026-09-08 07:24:58.449 | INFO     | __main__:main:97 - 244/791 real:325 lifting=False rep=0 solved 0.788s
2026-09-08 07:24:59.249 | INFO     | __main__:main:97 - 248/791 growing:mathcounts_005 lifting=True rep=0 solved 0.799s
2026-09-08 07:25:00.053 | INFO     | __main__:main:97 - 248/791 growing:mathcounts_005 lifting=False rep=0 solved 0.802s
2026-09-08 07:25:00.865 | INFO     | __main__:main:97 - 252/791 growing:mathcounts_025 lifting=True rep=0 solved 0.810s
2026-09-08 07:25:01.676 | INFO     | __main__:main:97 - 252/791 growing:mathcounts_025 lifting=False rep=0 solved 0.810s
2026-09-08 07:25:02.490 | INFO     | __main__:main:97 - 256/791 growing:mathcounts_045 lifting=True rep=0 solved 0.812s
2026-09-08 07:25:03.325 | INFO     | __main__:main:97 - 256/791 growing:mathcounts_045 lifting=False rep=0 solved 0.834s
2026-09-08 07:25:04.315 | INFO     | __main__:main:97 - 260/791 growing:mathcounts_065 lifting=True rep=0 solved 0.988s
2026-09-08 07:25:05.185 | INFO     | __main__:main:97 - 260/791 growing:mathcounts_065 lifting=False rep=0 solved 0.869s
2026-09-08 07:25:06.060 | INFO     | __main__:main:97 - 264/791 growing:mathcounts_085 lifting=True rep=0 solved 0.873s
2026-09-08 07:25:06.922 | INFO     | __main__:main:97 - 264/791 growing:mathcounts_085 lifting=False rep=0 solved 0.861s
2026-09-08 07:25:07.712 | INFO     | __main__:main:97 - 268/791 growing:fourletter_005 lifting=True rep=0 solved 0.789s
2026-09-08 07:25:08.493 | INFO     | __main__:main:97 - 268/791 growing:fourletter_005 lifting=False rep=0 solved 0.780s
2026-09-08 07:25:09.331 | INFO     | __main__:main:97 - 272/791 growing:fourletter_025 lifting=True rep=0 solved 0.835s
2026-09-08 07:25:10.149 | INFO     | __main__:main:97 - 272/791 growing:fourletter_025 lifting=False rep=0 solved 0.817s
2026-09-08 07:25:11.010 | INFO     | __main__:main:97 - 276/791 growing:fourletter_045 lifting=True rep=0 solved 0.859s
2026-09-08 07:25:11.866 | INFO     | __main__:main:97 - 276/791 growing:fourletter_045 lifting=False rep=0 solved 0.854s
2026-09-08 07:25:12.824 | INFO     | __main__:main:97 - 280/791 growing:fourletter_065 lifting=True rep=0 solved 0.957s
2026-09-08 07:25:13.786 | INFO     | __main__:main:97 - 280/791 growing:fourletter_065 lifting=False rep=0 solved 0.960s
2026-09-08 07:25:14.951 | INFO     | __main__:main:97 - 284/791 growing:fourletter_085 lifting=True rep=0 solved 1.163s
2026-09-08 07:25:16.121 | INFO     | __main__:main:97 - 284/791 growing:fourletter_085 lifting=False rep=0 solved 1.168s
2026-09-08 07:25:16.807 | INFO     | __main__:main:97 - 288/791 growing:tvs_005 lifting=True rep=0 solved 0.684s
2026-09-08 07:25:17.483 | INFO     | __main__:main:97 - 288/791 growing:tvs_005 lifting=False rep=0 solved 0.674s
2026-09-08 07:25:18.213 | INFO     | __main__:main:97 - 292/791 growing:tvs_025 lifting=True rep=0 solved 0.729s
2026-09-08 07:25:18.940 | INFO     | __main__:main:97 - 292/791 growing:tvs_025 lifting=False rep=0 solved 0.725s
2026-09-08 07:25:19.672 | INFO     | __main__:main:97 - 296/791 growing:tvs_045 lifting=True rep=0 solved 0.730s
2026-09-08 07:25:20.401 | INFO     | __main__:main:97 - 296/791 growing:tvs_045 lifting=False rep=0 solved 0.728s
2026-09-08 07:25:21.150 | INFO     | __main__:main:97 - 300/791 growing:tvs_065 lifting=True rep=0 solved 0.747s
2026-09-08 07:25:21.888 | INFO     | __main__:main:97 - 300/791 growing:tvs_065 lifting=False rep=0 solved 0.737s
2026-09-08 07:25:22.657 | INFO     | __main__:main:97 - 304/791 growing:tvs_085 lifting=True rep=0 solved 0.767s
2026-09-08 07:25:23.401 | INFO     | __main__:main:97 - 304/791 growing:tvs_085 lifting=False rep=0 solved 0.742s
2026-09-08 07:25:24.217 | INFO     | __main__:main:97 - 308/791 growing:workers_005 lifting=True rep=0 solved 0.814s
2026-09-08 07:25:25.031 | INFO     | __main__:main:97 - 308/791 growing:workers_005 lifting=False rep=0 solved 0.812s
2026-09-08 07:25:25.837 | INFO     | __main__:main:97 - 312/791 growing:workers_025 lifting=True rep=0 solved 0.804s
2026-09-08 07:25:26.657 | INFO     | __main__:main:97 - 312/791 growing:workers_025 lifting=False rep=0 solved 0.818s
2026-09-08 07:25:27.483 | INFO     | __main__:main:97 - 316/791 growing:workers_045 lifting=True rep=0 solved 0.825s
2026-09-08 07:25:28.299 | INFO     | __main__:main:97 - 316/791 growing:workers_045 lifting=False rep=0 solved 0.814s
2026-09-08 07:25:29.124 | INFO     | __main__:main:97 - 320/791 growing:workers_065 lifting=True rep=0 solved 0.823s
2026-09-08 07:25:29.943 | INFO     | __main__:main:97 - 320/791 growing:workers_065 lifting=False rep=0 solved 0.817s
2026-09-08 07:25:30.792 | INFO     | __main__:main:97 - 324/791 growing:workers_085 lifting=True rep=0 solved 0.847s
2026-09-08 07:25:31.636 | INFO     | __main__:main:97 - 324/791 growing:workers_085 lifting=False rep=0 solved 0.843s
2026-09-08 07:25:32.509 | INFO     | __main__:main:97 - 328/791 growing:banana_005 lifting=True rep=0 solved 0.871s
2026-09-08 07:25:33.386 | INFO     | __main__:main:97 - 328/791 growing:banana_005 lifting=False rep=0 solved 0.875s
2026-09-08 07:25:34.520 | INFO     | __main__:main:97 - 332/791 growing:banana_025 lifting=True rep=0 solved 1.132s
2026-09-08 07:25:35.664 | INFO     | __main__:main:97 - 332/791 growing:banana_025 lifting=False rep=0 solved 1.142s
2026-09-08 07:25:36.809 | INFO     | __main__:main:97 - 336/791 growing:banana_045 lifting=True rep=0 solved 1.142s
2026-09-08 07:25:37.953 | INFO     | __main__:main:97 - 336/791 growing:banana_045 lifting=False rep=0 solved 1.143s
2026-09-08 07:25:39.165 | INFO     | __main__:main:97 - 340/791 growing:banana_065 lifting=True rep=0 solved 1.210s
2026-09-08 07:25:40.372 | INFO     | __main__:main:97 - 340/791 growing:banana_065 lifting=False rep=0 solved 1.205s
2026-09-08 07:25:41.605 | INFO     | __main__:main:97 - 344/791 growing:banana_085 lifting=True rep=0 solved 1.231s
2026-09-08 07:25:42.827 | INFO     | __main__:main:97 - 344/791 growing:banana_085 lifting=False rep=0 solved 1.220s
2026-09-08 07:25:43.189 | INFO     | __main__:main:97 - 348/791 growing:nested_choice_005 lifting=True rep=0 solved 0.360s
2026-09-08 07:25:43.551 | INFO     | __main__:main:97 - 348/791 growing:nested_choice_005 lifting=False rep=0 solved 0.360s
2026-09-08 07:25:43.919 | INFO     | __main__:main:97 - 352/791 growing:nested_choice_025 lifting=True rep=0 solved 0.366s
2026-09-08 07:25:44.289 | INFO     | __main__:main:97 - 352/791 growing:nested_choice_025 lifting=False rep=0 solved 0.367s
2026-09-08 07:25:44.658 | INFO     | __main__:main:97 - 356/791 growing:nested_choice_045 lifting=True rep=0 solved 0.368s
2026-09-08 07:25:45.033 | INFO     | __main__:main:97 - 356/791 growing:nested_choice_045 lifting=False rep=0 solved 0.372s
2026-09-08 07:25:45.414 | INFO     | __main__:main:97 - 360/791 growing:nested_choice_065 lifting=True rep=0 solved 0.379s
2026-09-08 07:25:45.800 | INFO     | __main__:main:97 - 360/791 growing:nested_choice_065 lifting=False rep=0 solved 0.384s
2026-09-08 07:25:46.190 | INFO     | __main__:main:97 - 364/791 growing:nested_choice_085 lifting=True rep=0 solved 0.389s
2026-09-08 07:25:46.582 | INFO     | __main__:main:97 - 364/791 growing:nested_choice_085 lifting=False rep=0 solved 0.390s
2026-09-08 07:25:47.319 | INFO     | __main__:main:97 - 368/791 growing:selected_pairs_005 lifting=True rep=0 solved 0.735s
2026-09-08 07:25:48.078 | INFO     | __main__:main:97 - 368/791 growing:selected_pairs_005 lifting=False rep=0 solved 0.757s
2026-09-08 07:25:48.824 | INFO     | __main__:main:97 - 372/791 growing:selected_pairs_025 lifting=True rep=0 solved 0.743s
2026-09-08 07:25:49.572 | INFO     | __main__:main:97 - 372/791 growing:selected_pairs_025 lifting=False rep=0 solved 0.746s
2026-09-08 07:25:50.321 | INFO     | __main__:main:97 - 376/791 growing:selected_pairs_045 lifting=True rep=0 solved 0.748s
2026-09-08 07:25:51.074 | INFO     | __main__:main:97 - 376/791 growing:selected_pairs_045 lifting=False rep=0 solved 0.750s
2026-09-08 07:25:51.837 | INFO     | __main__:main:97 - 380/791 growing:selected_pairs_065 lifting=True rep=0 solved 0.761s
2026-09-08 07:25:52.599 | INFO     | __main__:main:97 - 380/791 growing:selected_pairs_065 lifting=False rep=0 solved 0.760s
2026-09-08 07:25:53.366 | INFO     | __main__:main:97 - 384/791 growing:selected_pairs_085 lifting=True rep=0 solved 0.765s
2026-09-08 07:25:54.132 | INFO     | __main__:main:97 - 384/791 growing:selected_pairs_085 lifting=False rep=0 solved 0.764s
2026-09-08 07:25:54.478 | INFO     | __main__:main:97 - 388/791 growing:selected_sequence_005 lifting=True rep=0 solved 0.344s
2026-09-08 07:25:54.826 | INFO     | __main__:main:97 - 388/791 growing:selected_sequence_005 lifting=False rep=0 solved 0.347s
2026-09-08 07:25:55.611 | INFO     | __main__:main:97 - 392/791 growing:selected_sequence_025 lifting=True rep=0 solved 0.782s
2026-09-08 07:25:56.392 | INFO     | __main__:main:97 - 392/791 growing:selected_sequence_025 lifting=False rep=0 solved 0.779s
2026-09-08 07:25:57.252 | INFO     | __main__:main:97 - 396/791 growing:selected_sequence_045 lifting=True rep=0 solved 0.857s
2026-09-08 07:25:58.105 | INFO     | __main__:main:97 - 396/791 growing:selected_sequence_045 lifting=False rep=0 solved 0.851s
2026-09-08 07:25:59.092 | INFO     | __main__:main:97 - 400/791 growing:selected_sequence_065 lifting=True rep=0 solved 0.985s
2026-09-08 07:26:00.076 | INFO     | __main__:main:97 - 400/791 growing:selected_sequence_065 lifting=False rep=0 solved 0.982s
2026-09-08 07:26:01.277 | INFO     | __main__:main:97 - 404/791 growing:selected_sequence_085 lifting=True rep=0 solved 1.198s
2026-09-08 07:26:02.425 | INFO     | __main__:main:97 - 404/791 growing:selected_sequence_085 lifting=False rep=0 solved 1.146s
2026-09-08 07:26:03.149 | INFO     | __main__:main:97 - 408/791 synthetic:syn-set_choice_intersection-small-00 lifting=True rep=0 solved 0.722s
2026-09-08 07:26:03.884 | INFO     | __main__:main:97 - 408/791 synthetic:syn-set_choice_intersection-small-00 lifting=False rep=0 solved 0.733s
2026-09-08 07:26:04.615 | INFO     | __main__:main:97 - 412/791 synthetic:syn-set_choice_intersection-small-04 lifting=True rep=0 solved 0.728s
2026-09-08 07:26:05.348 | INFO     | __main__:main:97 - 412/791 synthetic:syn-set_choice_intersection-small-04 lifting=False rep=0 solved 0.731s
2026-09-08 07:26:05.742 | INFO     | __main__:main:97 - 416/791 synthetic:syn-bag_choice_multiplicity-small-00 lifting=True rep=0 solved 0.392s
2026-09-08 07:26:06.136 | INFO     | __main__:main:97 - 416/791 synthetic:syn-bag_choice_multiplicity-small-00 lifting=False rep=0 solved 0.392s
2026-09-08 07:26:06.532 | INFO     | __main__:main:97 - 420/791 synthetic:syn-bag_choice_multiplicity-small-04 lifting=True rep=0 solved 0.394s
2026-09-08 07:26:06.926 | INFO     | __main__:main:97 - 420/791 synthetic:syn-bag_choice_multiplicity-small-04 lifting=False rep=0 solved 0.391s
2026-09-08 07:26:08.309 | INFO     | __main__:main:97 - 424/791 synthetic:syn-set_tuple_position_count-small-00 lifting=True rep=0 solved 1.381s
2026-09-08 07:26:09.548 | INFO     | __main__:main:97 - 424/791 synthetic:syn-set_tuple_position_count-small-00 lifting=False rep=0 solved 1.237s
2026-09-08 07:26:10.782 | INFO     | __main__:main:97 - 428/791 synthetic:syn-set_tuple_position_count-small-04 lifting=True rep=0 solved 1.232s
2026-09-08 07:26:12.007 | INFO     | __main__:main:97 - 428/791 synthetic:syn-set_tuple_position_count-small-04 lifting=False rep=0 solved 1.223s
2026-09-08 07:26:13.849 | INFO     | __main__:main:97 - 432/791 synthetic:syn-bag_tuple_multiplicity-small-00 lifting=True rep=0 solved 1.840s
2026-09-08 07:26:15.718 | INFO     | __main__:main:97 - 432/791 synthetic:syn-bag_tuple_multiplicity-small-00 lifting=False rep=0 solved 1.867s
2026-09-08 07:26:16.902 | INFO     | __main__:main:97 - 436/791 synthetic:syn-bag_tuple_multiplicity-small-04 lifting=True rep=0 solved 1.182s
2026-09-08 07:26:18.090 | INFO     | __main__:main:97 - 436/791 synthetic:syn-bag_tuple_multiplicity-small-04 lifting=False rep=0 solved 1.186s
2026-09-08 07:26:18.585 | INFO     | __main__:main:97 - 440/791 synthetic:syn-set_sequence_patterns-small-00 lifting=True rep=0 solved 0.493s
2026-09-08 07:26:19.079 | INFO     | __main__:main:97 - 440/791 synthetic:syn-set_sequence_patterns-small-00 lifting=False rep=0 solved 0.491s
2026-09-08 07:26:19.518 | INFO     | __main__:main:97 - 444/791 synthetic:syn-set_sequence_patterns-small-04 lifting=True rep=0 solved 0.437s
2026-09-08 07:26:19.958 | INFO     | __main__:main:97 - 444/791 synthetic:syn-set_sequence_patterns-small-04 lifting=False rep=0 solved 0.438s
2026-09-08 07:26:20.485 | INFO     | __main__:main:97 - 448/791 synthetic:syn-bag_sequence_adjacency-small-00 lifting=True rep=0 solved 0.524s
2026-09-08 07:26:21.007 | INFO     | __main__:main:97 - 448/791 synthetic:syn-bag_sequence_adjacency-small-00 lifting=False rep=0 solved 0.520s
2026-09-08 07:26:21.534 | INFO     | __main__:main:97 - 452/791 synthetic:syn-bag_sequence_adjacency-small-04 lifting=True rep=0 solved 0.525s
2026-09-08 07:26:22.057 | INFO     | __main__:main:97 - 452/791 synthetic:syn-bag_sequence_adjacency-small-04 lifting=False rep=0 solved 0.521s
2026-09-08 07:26:22.796 | INFO     | __main__:main:97 - 456/791 synthetic:syn-set_partition_min_size-small-00 lifting=True rep=0 solved 0.737s
2026-09-08 07:26:23.531 | INFO     | __main__:main:97 - 456/791 synthetic:syn-set_partition_min_size-small-00 lifting=False rep=0 solved 0.732s
2026-09-08 07:26:24.202 | INFO     | __main__:main:97 - 460/791 synthetic:syn-set_partition_min_size-small-04 lifting=True rep=0 solved 0.669s
2026-09-08 07:26:24.881 | INFO     | __main__:main:97 - 460/791 synthetic:syn-set_partition_min_size-small-04 lifting=False rep=0 solved 0.677s
2026-09-08 07:26:25.795 | INFO     | __main__:main:97 - 464/791 synthetic:syn-set_composition_sizes-small-00 lifting=True rep=0 solved 0.911s
2026-09-08 07:26:26.734 | INFO     | __main__:main:97 - 464/791 synthetic:syn-set_composition_sizes-small-00 lifting=False rep=0 solved 0.937s
2026-09-08 07:26:27.467 | INFO     | __main__:main:97 - 468/791 synthetic:syn-set_composition_sizes-small-04 lifting=True rep=0 solved 0.731s
2026-09-08 07:26:28.195 | INFO     | __main__:main:97 - 468/791 synthetic:syn-set_composition_sizes-small-04 lifting=False rep=0 solved 0.725s
2026-09-08 07:26:28.616 | INFO     | __main__:main:97 - 472/791 synthetic:syn-dependent_choice_disjoint-small-00 lifting=True rep=0 solved 0.419s
2026-09-08 07:26:29.049 | INFO     | __main__:main:97 - 472/791 synthetic:syn-dependent_choice_disjoint-small-00 lifting=False rep=0 solved 0.430s
2026-09-08 07:26:29.502 | INFO     | __main__:main:97 - 476/791 synthetic:syn-dependent_choice_disjoint-small-04 lifting=True rep=0 solved 0.451s
2026-09-08 07:26:29.931 | INFO     | __main__:main:97 - 476/791 synthetic:syn-dependent_choice_disjoint-small-04 lifting=False rep=0 solved 0.426s
2026-09-08 07:26:30.970 | INFO     | __main__:main:97 - 480/791 synthetic:syn-dependent_tuple_position_count-small-00 lifting=True rep=0 solved 1.037s
2026-09-08 07:26:32.006 | INFO     | __main__:main:97 - 480/791 synthetic:syn-dependent_tuple_position_count-small-00 lifting=False rep=0 solved 1.034s
2026-09-08 07:26:33.059 | INFO     | __main__:main:97 - 484/791 synthetic:syn-dependent_tuple_position_count-small-04 lifting=True rep=0 solved 1.051s
2026-09-08 07:26:34.087 | INFO     | __main__:main:97 - 484/791 synthetic:syn-dependent_tuple_position_count-small-04 lifting=False rep=0 solved 1.025s
2026-09-08 07:26:35.003 | INFO     | __main__:main:97 - 488/791 synthetic:syn-dependent_sequence_patterns-small-00 lifting=True rep=0 solved 0.913s
2026-09-08 07:26:35.914 | INFO     | __main__:main:97 - 488/791 synthetic:syn-dependent_sequence_patterns-small-00 lifting=False rep=0 solved 0.909s
2026-09-08 07:26:36.857 | INFO     | __main__:main:97 - 492/791 synthetic:syn-dependent_sequence_patterns-small-04 lifting=True rep=0 solved 0.941s
2026-09-08 07:26:37.812 | INFO     | __main__:main:97 - 492/791 synthetic:syn-dependent_sequence_patterns-small-04 lifting=False rep=0 solved 0.953s
2026-09-08 07:26:38.624 | INFO     | __main__:main:97 - 496/791 synthetic:syn-dependent_partition_min_size-small-00 lifting=True rep=0 solved 0.809s
2026-09-08 07:26:39.446 | INFO     | __main__:main:97 - 496/791 synthetic:syn-dependent_partition_min_size-small-00 lifting=False rep=0 solved 0.819s
2026-09-08 07:26:40.203 | INFO     | __main__:main:97 - 500/791 synthetic:syn-dependent_partition_min_size-small-04 lifting=True rep=0 solved 0.754s
2026-09-08 07:26:40.941 | INFO     | __main__:main:97 - 500/791 synthetic:syn-dependent_partition_min_size-small-04 lifting=False rep=0 solved 0.735s
2026-09-08 07:26:42.076 | INFO     | __main__:main:97 - 504/791 synthetic:syn-dependent_composition_sizes-small-00 lifting=True rep=0 solved 1.133s
2026-09-08 07:26:43.217 | INFO     | __main__:main:97 - 504/791 synthetic:syn-dependent_composition_sizes-small-00 lifting=False rep=0 solved 1.138s
2026-09-08 07:26:44.071 | INFO     | __main__:main:97 - 508/791 synthetic:syn-dependent_composition_sizes-small-04 lifting=True rep=0 solved 0.852s
2026-09-08 07:26:44.925 | INFO     | __main__:main:97 - 508/791 synthetic:syn-dependent_composition_sizes-small-04 lifting=False rep=0 solved 0.850s
2026-09-08 07:26:45.764 | INFO     | __main__:main:97 - 512/791 synthetic:syn-dependent_bag_tuple-small-00 lifting=True rep=0 solved 0.837s
2026-09-08 07:26:46.598 | INFO     | __main__:main:97 - 512/791 synthetic:syn-dependent_bag_tuple-small-00 lifting=False rep=0 solved 0.831s
2026-09-08 07:26:48.453 | INFO     | __main__:main:97 - 516/791 synthetic:syn-dependent_bag_tuple-small-04 lifting=True rep=0 solved 1.852s
2026-09-08 07:26:50.317 | INFO     | __main__:main:97 - 516/791 synthetic:syn-dependent_bag_tuple-small-04 lifting=False rep=0 solved 1.861s
2026-09-08 07:26:50.724 | INFO     | __main__:main:97 - 520/791 synthetic:syn-nested_choice_chain-small-00 lifting=True rep=0 solved 0.404s
2026-09-08 07:26:51.134 | INFO     | __main__:main:97 - 520/791 synthetic:syn-nested_choice_chain-small-00 lifting=False rep=0 solved 0.407s
2026-09-08 07:26:51.544 | INFO     | __main__:main:97 - 524/791 synthetic:syn-nested_choice_chain-small-04 lifting=True rep=0 solved 0.408s
2026-09-08 07:26:51.950 | INFO     | __main__:main:97 - 524/791 synthetic:syn-nested_choice_chain-small-04 lifting=False rep=0 solved 0.403s
2026-09-08 07:26:52.388 | INFO     | __main__:main:97 - 528/791 synthetic:syn-dependent_selected_subsets-small-00 lifting=True rep=0 solved 0.435s
2026-09-08 07:26:52.826 | INFO     | __main__:main:97 - 528/791 synthetic:syn-dependent_selected_subsets-small-00 lifting=False rep=0 solved 0.435s
2026-09-08 07:26:53.268 | INFO     | __main__:main:97 - 532/791 synthetic:syn-dependent_selected_subsets-small-04 lifting=True rep=0 solved 0.439s
2026-09-08 07:26:53.762 | INFO     | __main__:main:97 - 532/791 synthetic:syn-dependent_selected_subsets-small-04 lifting=False rep=0 solved 0.491s
2026-09-08 07:26:54.581 | INFO     | __main__:main:97 - 536/791 synthetic:syn-set_choice_intersection-medium-00 lifting=True rep=0 solved 0.816s
2026-09-08 07:26:55.399 | INFO     | __main__:main:97 - 536/791 synthetic:syn-set_choice_intersection-medium-00 lifting=False rep=0 solved 0.814s
2026-09-08 07:26:56.214 | INFO     | __main__:main:97 - 540/791 synthetic:syn-set_choice_intersection-medium-04 lifting=True rep=0 solved 0.812s
2026-09-08 07:26:57.032 | INFO     | __main__:main:97 - 540/791 synthetic:syn-set_choice_intersection-medium-04 lifting=False rep=0 solved 0.814s
2026-09-08 07:26:57.477 | INFO     | __main__:main:97 - 544/791 synthetic:syn-bag_choice_multiplicity-medium-00 lifting=True rep=0 solved 0.441s
2026-09-08 07:26:57.926 | INFO     | __main__:main:97 - 544/791 synthetic:syn-bag_choice_multiplicity-medium-00 lifting=False rep=0 solved 0.446s
2026-09-08 07:26:58.370 | INFO     | __main__:main:97 - 548/791 synthetic:syn-bag_choice_multiplicity-medium-04 lifting=True rep=0 solved 0.441s
2026-09-08 07:26:58.814 | INFO     | __main__:main:97 - 548/791 synthetic:syn-bag_choice_multiplicity-medium-04 lifting=False rep=0 solved 0.441s
2026-09-08 07:27:00.223 | INFO     | __main__:main:97 - 552/791 synthetic:syn-set_tuple_position_count-medium-00 lifting=True rep=0 solved 1.405s
2026-09-08 07:27:01.625 | INFO     | __main__:main:97 - 552/791 synthetic:syn-set_tuple_position_count-medium-00 lifting=False rep=0 solved 1.399s
2026-09-08 07:27:03.296 | INFO     | __main__:main:97 - 556/791 synthetic:syn-set_tuple_position_count-medium-04 lifting=True rep=0 solved 1.667s
2026-09-08 07:27:04.835 | INFO     | __main__:main:97 - 556/791 synthetic:syn-set_tuple_position_count-medium-04 lifting=False rep=0 solved 1.535s
2026-09-08 07:27:06.304 | INFO     | __main__:main:97 - 560/791 synthetic:syn-bag_tuple_multiplicity-medium-00 lifting=True rep=0 solved 1.465s
2026-09-08 07:27:07.770 | INFO     | __main__:main:97 - 560/791 synthetic:syn-bag_tuple_multiplicity-medium-00 lifting=False rep=0 solved 1.462s
2026-09-08 07:27:11.905 | INFO     | __main__:main:97 - 564/791 synthetic:syn-bag_tuple_multiplicity-medium-04 lifting=True rep=0 solved 4.132s
2026-09-08 07:27:15.918 | INFO     | __main__:main:97 - 564/791 synthetic:syn-bag_tuple_multiplicity-medium-04 lifting=False rep=0 solved 4.009s
2026-09-08 07:27:16.701 | INFO     | __main__:main:97 - 568/791 synthetic:syn-set_sequence_patterns-medium-00 lifting=True rep=0 solved 0.779s
2026-09-08 07:27:17.484 | INFO     | __main__:main:97 - 568/791 synthetic:syn-set_sequence_patterns-medium-00 lifting=False rep=0 solved 0.779s
2026-09-08 07:27:17.989 | INFO     | __main__:main:97 - 572/791 synthetic:syn-set_sequence_patterns-medium-04 lifting=True rep=0 solved 0.501s
2026-09-08 07:27:18.497 | INFO     | __main__:main:97 - 572/791 synthetic:syn-set_sequence_patterns-medium-04 lifting=False rep=0 solved 0.505s
2026-09-08 07:27:19.820 | INFO     | __main__:main:97 - 576/791 synthetic:syn-bag_sequence_adjacency-medium-00 lifting=True rep=0 solved 1.319s
2026-09-08 07:27:21.134 | INFO     | __main__:main:97 - 576/791 synthetic:syn-bag_sequence_adjacency-medium-00 lifting=False rep=0 solved 1.311s
2026-09-08 07:27:22.455 | INFO     | __main__:main:97 - 580/791 synthetic:syn-bag_sequence_adjacency-medium-04 lifting=True rep=0 solved 1.317s
2026-09-08 07:27:23.766 | INFO     | __main__:main:97 - 580/791 synthetic:syn-bag_sequence_adjacency-medium-04 lifting=False rep=0 solved 1.308s
2026-09-08 07:27:24.533 | INFO     | __main__:main:97 - 584/791 synthetic:syn-set_partition_min_size-medium-00 lifting=True rep=0 solved 0.763s
2026-09-08 07:27:25.294 | INFO     | __main__:main:97 - 584/791 synthetic:syn-set_partition_min_size-medium-00 lifting=False rep=0 solved 0.758s
2026-09-08 07:27:26.229 | INFO     | __main__:main:97 - 588/791 synthetic:syn-set_partition_min_size-medium-04 lifting=True rep=0 solved 0.931s
2026-09-08 07:27:27.166 | INFO     | __main__:main:97 - 588/791 synthetic:syn-set_partition_min_size-medium-04 lifting=False rep=0 solved 0.934s
2026-09-08 07:27:27.990 | INFO     | __main__:main:97 - 592/791 synthetic:syn-set_composition_sizes-medium-00 lifting=True rep=0 solved 0.820s
2026-09-08 07:27:28.824 | INFO     | __main__:main:97 - 592/791 synthetic:syn-set_composition_sizes-medium-00 lifting=False rep=0 solved 0.830s
2026-09-08 07:27:29.747 | INFO     | __main__:main:97 - 596/791 synthetic:syn-set_composition_sizes-medium-04 lifting=True rep=0 solved 0.919s
2026-09-08 07:27:30.669 | INFO     | __main__:main:97 - 596/791 synthetic:syn-set_composition_sizes-medium-04 lifting=False rep=0 solved 0.919s
2026-09-08 07:27:31.164 | INFO     | __main__:main:97 - 600/791 synthetic:syn-dependent_choice_disjoint-medium-00 lifting=True rep=0 solved 0.491s
2026-09-08 07:27:31.658 | INFO     | __main__:main:97 - 600/791 synthetic:syn-dependent_choice_disjoint-medium-00 lifting=False rep=0 solved 0.491s
2026-09-08 07:27:32.180 | INFO     | __main__:main:97 - 604/791 synthetic:syn-dependent_choice_disjoint-medium-04 lifting=True rep=0 solved 0.518s
2026-09-08 07:27:32.678 | INFO     | __main__:main:97 - 604/791 synthetic:syn-dependent_choice_disjoint-medium-04 lifting=False rep=0 solved 0.495s
2026-09-08 07:27:33.875 | INFO     | __main__:main:97 - 608/791 synthetic:syn-dependent_tuple_position_count-medium-00 lifting=True rep=0 solved 1.194s
2026-09-08 07:27:35.076 | INFO     | __main__:main:97 - 608/791 synthetic:syn-dependent_tuple_position_count-medium-00 lifting=False rep=0 solved 1.197s
2026-09-08 07:27:36.282 | INFO     | __main__:main:97 - 612/791 synthetic:syn-dependent_tuple_position_count-medium-04 lifting=True rep=0 solved 1.202s
2026-09-08 07:27:37.484 | INFO     | __main__:main:97 - 612/791 synthetic:syn-dependent_tuple_position_count-medium-04 lifting=False rep=0 solved 1.199s
2026-09-08 07:27:38.577 | INFO     | __main__:main:97 - 616/791 synthetic:syn-dependent_sequence_patterns-medium-00 lifting=True rep=0 solved 1.089s
2026-09-08 07:27:39.666 | INFO     | __main__:main:97 - 616/791 synthetic:syn-dependent_sequence_patterns-medium-00 lifting=False rep=0 solved 1.085s
2026-09-08 07:27:40.655 | INFO     | __main__:main:97 - 620/791 synthetic:syn-dependent_sequence_patterns-medium-04 lifting=True rep=0 solved 0.985s
2026-09-08 07:27:41.646 | INFO     | __main__:main:97 - 620/791 synthetic:syn-dependent_sequence_patterns-medium-04 lifting=False rep=0 solved 0.987s
2026-09-08 07:27:42.559 | INFO     | __main__:main:97 - 624/791 synthetic:syn-dependent_partition_min_size-medium-00 lifting=True rep=0 solved 0.909s
2026-09-08 07:27:43.471 | INFO     | __main__:main:97 - 624/791 synthetic:syn-dependent_partition_min_size-medium-00 lifting=False rep=0 solved 0.908s
2026-09-08 07:27:44.374 | INFO     | __main__:main:97 - 628/791 synthetic:syn-dependent_partition_min_size-medium-04 lifting=True rep=0 solved 0.900s
2026-09-08 07:27:45.307 | INFO     | __main__:main:97 - 628/791 synthetic:syn-dependent_partition_min_size-medium-04 lifting=False rep=0 solved 0.929s
2026-09-08 07:27:46.400 | INFO     | __main__:main:97 - 632/791 synthetic:syn-dependent_composition_sizes-medium-00 lifting=True rep=0 solved 1.089s
2026-09-08 07:27:47.489 | INFO     | __main__:main:97 - 632/791 synthetic:syn-dependent_composition_sizes-medium-00 lifting=False rep=0 solved 1.085s
2026-09-08 07:27:48.358 | INFO     | __main__:main:97 - 636/791 synthetic:syn-dependent_composition_sizes-medium-04 lifting=True rep=0 solved 0.865s
2026-09-08 07:27:49.231 | INFO     | __main__:main:97 - 636/791 synthetic:syn-dependent_composition_sizes-medium-04 lifting=False rep=0 solved 0.869s
2026-09-08 07:27:50.665 | INFO     | __main__:main:97 - 640/791 synthetic:syn-dependent_bag_tuple-medium-00 lifting=True rep=0 solved 1.430s
2026-09-08 07:27:52.088 | INFO     | __main__:main:97 - 640/791 synthetic:syn-dependent_bag_tuple-medium-00 lifting=False rep=0 solved 1.419s
2026-09-08 07:27:53.054 | INFO     | __main__:main:97 - 644/791 synthetic:syn-dependent_bag_tuple-medium-04 lifting=True rep=0 solved 0.962s
2026-09-08 07:27:54.015 | INFO     | __main__:main:97 - 644/791 synthetic:syn-dependent_bag_tuple-medium-04 lifting=False rep=0 solved 0.956s
2026-09-08 07:27:54.479 | INFO     | __main__:main:97 - 648/791 synthetic:syn-nested_choice_chain-medium-00 lifting=True rep=0 solved 0.461s
2026-09-08 07:27:54.946 | INFO     | __main__:main:97 - 648/791 synthetic:syn-nested_choice_chain-medium-00 lifting=False rep=0 solved 0.463s
2026-09-08 07:27:55.414 | INFO     | __main__:main:97 - 652/791 synthetic:syn-nested_choice_chain-medium-04 lifting=True rep=0 solved 0.464s
2026-09-08 07:27:55.880 | INFO     | __main__:main:97 - 652/791 synthetic:syn-nested_choice_chain-medium-04 lifting=False rep=0 solved 0.461s
2026-09-08 07:27:56.376 | INFO     | __main__:main:97 - 656/791 synthetic:syn-dependent_selected_subsets-medium-00 lifting=True rep=0 solved 0.492s
2026-09-08 07:27:56.869 | INFO     | __main__:main:97 - 656/791 synthetic:syn-dependent_selected_subsets-medium-00 lifting=False rep=0 solved 0.490s
2026-09-08 07:27:57.365 | INFO     | __main__:main:97 - 660/791 synthetic:syn-dependent_selected_subsets-medium-04 lifting=True rep=0 solved 0.491s
2026-09-08 07:27:57.869 | INFO     | __main__:main:97 - 660/791 synthetic:syn-dependent_selected_subsets-medium-04 lifting=False rep=0 solved 0.499s
2026-09-08 07:27:58.685 | INFO     | __main__:main:97 - 664/791 synthetic:syn-set_choice_intersection-large-00 lifting=True rep=0 solved 0.813s
2026-09-08 07:27:59.504 | INFO     | __main__:main:97 - 664/791 synthetic:syn-set_choice_intersection-large-00 lifting=False rep=0 solved 0.814s
2026-09-08 07:28:00.322 | INFO     | __main__:main:97 - 668/791 synthetic:syn-set_choice_intersection-large-04 lifting=True rep=0 solved 0.814s
2026-09-08 07:28:01.140 | INFO     | __main__:main:97 - 668/791 synthetic:syn-set_choice_intersection-large-04 lifting=False rep=0 solved 0.814s
2026-09-08 07:28:01.596 | INFO     | __main__:main:97 - 672/791 synthetic:syn-bag_choice_multiplicity-large-00 lifting=True rep=0 solved 0.451s
2026-09-08 07:28:02.050 | INFO     | __main__:main:97 - 672/791 synthetic:syn-bag_choice_multiplicity-large-00 lifting=False rep=0 solved 0.451s
2026-09-08 07:28:02.506 | INFO     | __main__:main:97 - 676/791 synthetic:syn-bag_choice_multiplicity-large-04 lifting=True rep=0 solved 0.451s
2026-09-08 07:28:02.961 | INFO     | __main__:main:97 - 676/791 synthetic:syn-bag_choice_multiplicity-large-04 lifting=False rep=0 solved 0.451s
2026-09-08 07:28:04.470 | INFO     | __main__:main:97 - 680/791 synthetic:syn-set_tuple_position_count-large-00 lifting=True rep=0 solved 1.505s
2026-09-08 07:28:05.981 | INFO     | __main__:main:97 - 680/791 synthetic:syn-set_tuple_position_count-large-00 lifting=False rep=0 solved 1.506s
2026-09-08 07:28:07.440 | INFO     | __main__:main:97 - 684/791 synthetic:syn-set_tuple_position_count-large-04 lifting=True rep=0 solved 1.455s
2026-09-08 07:28:08.907 | INFO     | __main__:main:97 - 684/791 synthetic:syn-set_tuple_position_count-large-04 lifting=False rep=0 solved 1.462s
2026-09-08 07:28:09.875 | INFO     | __main__:main:97 - 688/791 synthetic:syn-bag_tuple_multiplicity-large-00 lifting=True rep=0 solved 0.964s
2026-09-08 07:28:10.856 | INFO     | __main__:main:97 - 688/791 synthetic:syn-bag_tuple_multiplicity-large-00 lifting=False rep=0 solved 0.977s
2026-09-08 07:28:12.261 | INFO     | __main__:main:97 - 692/791 synthetic:syn-bag_tuple_multiplicity-large-04 lifting=True rep=0 solved 1.400s
2026-09-08 07:28:13.657 | INFO     | __main__:main:97 - 692/791 synthetic:syn-bag_tuple_multiplicity-large-04 lifting=False rep=0 solved 1.392s
2026-09-08 07:28:14.535 | INFO     | __main__:main:97 - 696/791 synthetic:syn-set_sequence_patterns-large-00 lifting=True rep=0 solved 0.874s
2026-09-08 07:28:15.413 | INFO     | __main__:main:97 - 696/791 synthetic:syn-set_sequence_patterns-large-00 lifting=False rep=0 solved 0.874s
2026-09-08 07:28:16.009 | INFO     | __main__:main:97 - 700/791 synthetic:syn-set_sequence_patterns-large-04 lifting=True rep=0 solved 0.592s
2026-09-08 07:28:16.604 | INFO     | __main__:main:97 - 700/791 synthetic:syn-set_sequence_patterns-large-04 lifting=False rep=0 solved 0.591s
2026-09-08 07:28:20.552 | INFO     | __main__:main:97 - 704/791 synthetic:syn-bag_sequence_adjacency-large-00 lifting=True rep=0 solved 3.944s
2026-09-08 07:28:24.481 | INFO     | __main__:main:97 - 704/791 synthetic:syn-bag_sequence_adjacency-large-00 lifting=False rep=0 solved 3.924s
2026-09-08 07:28:28.462 | INFO     | __main__:main:97 - 708/791 synthetic:syn-bag_sequence_adjacency-large-04 lifting=True rep=0 solved 3.976s
2026-09-08 07:28:32.426 | INFO     | __main__:main:97 - 708/791 synthetic:syn-bag_sequence_adjacency-large-04 lifting=False rep=0 solved 3.960s
2026-09-08 07:28:33.370 | INFO     | __main__:main:97 - 712/791 synthetic:syn-set_partition_min_size-large-00 lifting=True rep=0 solved 0.940s
2026-09-08 07:28:34.310 | INFO     | __main__:main:97 - 712/791 synthetic:syn-set_partition_min_size-large-00 lifting=False rep=0 solved 0.936s
2026-09-08 07:28:35.076 | INFO     | __main__:main:97 - 716/791 synthetic:syn-set_partition_min_size-large-04 lifting=True rep=0 solved 0.762s
2026-09-08 07:28:35.845 | INFO     | __main__:main:97 - 716/791 synthetic:syn-set_partition_min_size-large-04 lifting=False rep=0 solved 0.764s
2026-09-08 07:28:37.117 | INFO     | __main__:main:97 - 720/791 synthetic:syn-set_composition_sizes-large-00 lifting=True rep=0 solved 1.268s
2026-09-08 07:28:38.370 | INFO     | __main__:main:97 - 720/791 synthetic:syn-set_composition_sizes-large-00 lifting=False rep=0 solved 1.248s
2026-09-08 07:28:39.198 | INFO     | __main__:main:97 - 724/791 synthetic:syn-set_composition_sizes-large-04 lifting=True rep=0 solved 0.823s
2026-09-08 07:28:40.026 | INFO     | __main__:main:97 - 724/791 synthetic:syn-set_composition_sizes-large-04 lifting=False rep=0 solved 0.823s
2026-09-08 07:28:40.520 | INFO     | __main__:main:97 - 728/791 synthetic:syn-dependent_choice_disjoint-large-00 lifting=True rep=0 solved 0.490s
2026-09-08 07:28:41.016 | INFO     | __main__:main:97 - 728/791 synthetic:syn-dependent_choice_disjoint-large-00 lifting=False rep=0 solved 0.491s
2026-09-08 07:28:41.509 | INFO     | __main__:main:97 - 732/791 synthetic:syn-dependent_choice_disjoint-large-04 lifting=True rep=0 solved 0.489s
2026-09-08 07:28:41.999 | INFO     | __main__:main:97 - 732/791 synthetic:syn-dependent_choice_disjoint-large-04 lifting=False rep=0 solved 0.486s
2026-09-08 07:28:43.255 | INFO     | __main__:main:97 - 736/791 synthetic:syn-dependent_tuple_position_count-large-00 lifting=True rep=0 solved 1.251s
2026-09-08 07:28:44.508 | INFO     | __main__:main:97 - 736/791 synthetic:syn-dependent_tuple_position_count-large-00 lifting=False rep=0 solved 1.249s
2026-09-08 07:28:45.745 | INFO     | __main__:main:97 - 740/791 synthetic:syn-dependent_tuple_position_count-large-04 lifting=True rep=0 solved 1.232s
2026-09-08 07:28:46.982 | INFO     | __main__:main:97 - 740/791 synthetic:syn-dependent_tuple_position_count-large-04 lifting=False rep=0 solved 1.233s
2026-09-08 07:28:48.108 | INFO     | __main__:main:97 - 744/791 synthetic:syn-dependent_sequence_patterns-large-00 lifting=True rep=0 solved 1.122s
2026-09-08 07:28:49.236 | INFO     | __main__:main:97 - 744/791 synthetic:syn-dependent_sequence_patterns-large-00 lifting=False rep=0 solved 1.123s
2026-09-08 07:28:50.364 | INFO     | __main__:main:97 - 748/791 synthetic:syn-dependent_sequence_patterns-large-04 lifting=True rep=0 solved 1.124s
2026-09-08 07:28:51.496 | INFO     | __main__:main:97 - 748/791 synthetic:syn-dependent_sequence_patterns-large-04 lifting=False rep=0 solved 1.127s
2026-09-08 07:28:52.329 | INFO     | __main__:main:97 - 752/791 synthetic:syn-dependent_partition_min_size-large-00 lifting=True rep=0 solved 0.829s
2026-09-08 07:28:53.160 | INFO     | __main__:main:97 - 752/791 synthetic:syn-dependent_partition_min_size-large-00 lifting=False rep=0 solved 0.826s
2026-09-08 07:28:54.056 | INFO     | __main__:main:97 - 756/791 synthetic:syn-dependent_partition_min_size-large-04 lifting=True rep=0 solved 0.892s
2026-09-08 07:28:54.959 | INFO     | __main__:main:97 - 756/791 synthetic:syn-dependent_partition_min_size-large-04 lifting=False rep=0 solved 0.899s
2026-09-08 07:28:56.056 | INFO     | __main__:main:97 - 760/791 synthetic:syn-dependent_composition_sizes-large-00 lifting=True rep=0 solved 1.092s
2026-09-08 07:28:57.149 | INFO     | __main__:main:97 - 760/791 synthetic:syn-dependent_composition_sizes-large-00 lifting=False rep=0 solved 1.089s
2026-09-08 07:28:58.106 | INFO     | __main__:main:97 - 764/791 synthetic:syn-dependent_composition_sizes-large-04 lifting=True rep=0 solved 0.952s
2026-09-08 07:28:59.071 | INFO     | __main__:main:97 - 764/791 synthetic:syn-dependent_composition_sizes-large-04 lifting=False rep=0 solved 0.959s
2026-09-08 07:29:00.479 | INFO     | __main__:main:97 - 768/791 synthetic:syn-dependent_bag_tuple-large-00 lifting=True rep=0 solved 1.404s
2026-09-08 07:29:01.909 | INFO     | __main__:main:97 - 768/791 synthetic:syn-dependent_bag_tuple-large-00 lifting=False rep=0 solved 1.425s
2026-09-08 07:29:09.352 | INFO     | __main__:main:97 - 772/791 synthetic:syn-dependent_bag_tuple-large-04 lifting=True rep=0 solved 7.439s
2026-09-08 07:29:16.801 | INFO     | __main__:main:97 - 772/791 synthetic:syn-dependent_bag_tuple-large-04 lifting=False rep=0 solved 7.444s
2026-09-08 07:29:17.276 | INFO     | __main__:main:97 - 776/791 synthetic:syn-nested_choice_chain-large-00 lifting=True rep=0 solved 0.470s
2026-09-08 07:29:17.751 | INFO     | __main__:main:97 - 776/791 synthetic:syn-nested_choice_chain-large-00 lifting=False rep=0 solved 0.470s
2026-09-08 07:29:18.227 | INFO     | __main__:main:97 - 780/791 synthetic:syn-nested_choice_chain-large-04 lifting=True rep=0 solved 0.471s
2026-09-08 07:29:18.702 | INFO     | __main__:main:97 - 780/791 synthetic:syn-nested_choice_chain-large-04 lifting=False rep=0 solved 0.470s
2026-09-08 07:29:19.205 | INFO     | __main__:main:97 - 784/791 synthetic:syn-dependent_selected_subsets-large-00 lifting=True rep=0 solved 0.497s
2026-09-08 07:29:19.707 | INFO     | __main__:main:97 - 784/791 synthetic:syn-dependent_selected_subsets-large-00 lifting=False rep=0 solved 0.497s
2026-09-08 07:29:20.208 | INFO     | __main__:main:97 - 788/791 synthetic:syn-dependent_selected_subsets-large-04 lifting=True rep=0 solved 0.496s
2026-09-08 07:29:20.710 | INFO     | __main__:main:97 - 788/791 synthetic:syn-dependent_selected_subsets-large-04 lifting=False rep=0 solved 0.496s
2026-09-08 07:29:20.710 | INFO     | __main__:main:102 - Complete: {'solved': 400}
