2026-09-08 07:23:33.934 | INFO     | __main__:main:97 - 2/791 real:1 lifting=True rep=0 solved 0.768s
2026-09-08 07:23:34.712 | INFO     | __main__:main:97 - 2/791 real:1 lifting=False rep=0 solved 0.777s
2026-09-08 07:23:35.690 | INFO     | __main__:main:97 - 6/791 real:5 lifting=True rep=0 solved 0.976s
2026-09-08 07:23:36.670 | INFO     | __main__:main:97 - 6/791 real:5 lifting=False rep=0 solved 0.979s
2026-09-08 07:23:37.442 | INFO     | __main__:main:97 - 10/791 real:12 lifting=True rep=0 solved 0.771s
2026-09-08 07:23:38.213 | INFO     | __main__:main:97 - 10/791 real:12 lifting=False rep=0 solved 0.769s
2026-09-08 07:23:39.028 | INFO     | __main__:main:97 - 14/791 real:18 lifting=True rep=0 solved 0.814s
2026-09-08 07:23:39.842 | INFO     | __main__:main:97 - 14/791 real:18 lifting=False rep=0 solved 0.813s
2026-09-08 07:23:40.653 | INFO     | __main__:main:97 - 18/791 real:22 lifting=True rep=0 solved 0.809s
2026-09-08 07:23:41.463 | INFO     | __main__:main:97 - 18/791 real:22 lifting=False rep=0 solved 0.809s
2026-09-08 07:23:42.805 | INFO     | __main__:main:97 - 22/791 real:26 lifting=True rep=0 solved 1.340s
2026-09-08 07:23:44.156 | INFO     | __main__:main:97 - 22/791 real:26 lifting=False rep=0 solved 1.350s
2026-09-08 07:23:45.541 | INFO     | __main__:main:97 - 26/791 real:30 lifting=True rep=0 solved 1.383s
2026-09-08 07:23:46.917 | INFO     | __main__:main:97 - 26/791 real:30 lifting=False rep=0 solved 1.375s
2026-09-08 07:23:47.763 | INFO     | __main__:main:97 - 30/791 real:35 lifting=True rep=0 solved 0.844s
2026-09-08 07:23:48.670 | INFO     | __main__:main:97 - 30/791 real:35 lifting=False rep=0 solved 0.906s
2026-09-08 07:23:49.471 | INFO     | __main__:main:97 - 34/791 real:41 lifting=True rep=0 solved 0.799s
2026-09-08 07:23:50.303 | INFO     | __main__:main:97 - 34/791 real:41 lifting=False rep=0 solved 0.831s
2026-09-08 07:23:50.683 | INFO     | __main__:main:97 - 38/791 real:45 lifting=True rep=0 solved 0.380s
2026-09-08 07:23:51.067 | INFO     | __main__:main:97 - 38/791 real:45 lifting=False rep=0 solved 0.382s
2026-09-08 07:23:53.386 | INFO     | __main__:main:97 - 42/791 real:50 lifting=True rep=0 solved 2.318s
2026-09-08 07:23:55.736 | INFO     | __main__:main:97 - 42/791 real:50 lifting=False rep=0 solved 2.349s
2026-09-08 07:23:56.201 | INFO     | __main__:main:97 - 46/791 real:58 lifting=True rep=0 solved 0.464s
2026-09-08 07:23:56.662 | INFO     | __main__:main:97 - 46/791 real:58 lifting=False rep=0 solved 0.460s
2026-09-08 07:23:57.671 | INFO     | __main__:main:97 - 50/791 real:62 lifting=True rep=0 solved 1.007s
2026-09-08 07:23:58.696 | INFO     | __main__:main:97 - 50/791 real:62 lifting=False rep=0 solved 1.024s
2026-09-08 07:23:59.458 | INFO     | __main__:main:97 - 54/791 real:68 lifting=True rep=0 solved 0.761s
2026-09-08 07:24:00.218 | INFO     | __main__:main:97 - 54/791 real:68 lifting=False rep=0 solved 0.759s
2026-09-08 07:24:00.622 | INFO     | __main__:main:97 - 58/791 real:72 lifting=True rep=0 solved 0.402s
2026-09-08 07:24:01.022 | INFO     | __main__:main:97 - 58/791 real:72 lifting=False rep=0 solved 0.399s
2026-09-08 07:24:01.778 | INFO     | __main__:main:97 - 62/791 real:76 lifting=True rep=0 solved 0.755s
2026-09-08 07:24:02.533 | INFO     | __main__:main:97 - 62/791 real:76 lifting=False rep=0 solved 0.754s
2026-09-08 07:24:03.289 | INFO     | __main__:main:97 - 66/791 real:83 lifting=True rep=0 solved 0.754s
2026-09-08 07:24:04.050 | INFO     | __main__:main:97 - 66/791 real:83 lifting=False rep=0 solved 0.760s
2026-09-08 07:24:04.458 | INFO     | __main__:main:97 - 70/791 real:87 lifting=True rep=0 solved 0.406s
2026-09-08 07:24:04.869 | INFO     | __main__:main:97 - 70/791 real:87 lifting=False rep=0 solved 0.409s
2026-09-08 07:24:05.260 | INFO     | __main__:main:97 - 74/791 real:94 lifting=True rep=0 solved 0.390s
2026-09-08 07:24:05.648 | INFO     | __main__:main:97 - 74/791 real:94 lifting=False rep=0 solved 0.387s
2026-09-08 07:24:06.518 | INFO     | __main__:main:97 - 78/791 real:98 lifting=True rep=0 solved 0.868s
2026-09-08 07:24:07.389 | INFO     | __main__:main:97 - 78/791 real:98 lifting=False rep=0 solved 0.869s
2026-09-08 07:24:08.414 | INFO     | __main__:main:97 - 82/791 real:102 lifting=True rep=0 solved 1.024s
2026-09-08 07:24:09.408 | INFO     | __main__:main:97 - 82/791 real:102 lifting=False rep=0 solved 0.992s
2026-09-08 07:24:10.009 | INFO     | __main__:main:97 - 86/791 real:106 lifting=True rep=0 solved 0.600s
2026-09-08 07:24:10.606 | INFO     | __main__:main:97 - 86/791 real:106 lifting=False rep=0 solved 0.596s
2026-09-08 07:24:11.208 | INFO     | __main__:main:97 - 90/791 real:110 lifting=True rep=0 solved 0.601s
2026-09-08 07:24:11.810 | INFO     | __main__:main:97 - 90/791 real:110 lifting=False rep=0 solved 0.601s
2026-09-08 07:24:12.172 | INFO     | __main__:main:97 - 94/791 real:116 lifting=True rep=0 solved 0.360s
2026-09-08 07:24:12.526 | INFO     | __main__:main:97 - 94/791 real:116 lifting=False rep=0 solved 0.353s
2026-09-08 07:24:13.837 | INFO     | __main__:main:97 - 98/791 real:120 lifting=True rep=0 solved 1.310s
2026-09-08 07:24:15.146 | INFO     | __main__:main:97 - 98/791 real:120 lifting=False rep=0 solved 1.308s
2026-09-08 07:24:15.508 | INFO     | __main__:main:97 - 102/791 real:126 lifting=True rep=0 solved 0.360s
2026-09-08 07:24:15.867 | INFO     | __main__:main:97 - 102/791 real:126 lifting=False rep=0 solved 0.358s
2026-09-08 07:24:18.377 | INFO     | __main__:main:97 - 106/791 real:130 lifting=True rep=0 solved 2.508s
2026-09-08 07:24:20.876 | INFO     | __main__:main:97 - 106/791 real:130 lifting=False rep=0 solved 2.497s
2026-09-08 07:24:21.385 | INFO     | __main__:main:97 - 110/791 real:134 lifting=True rep=0 solved 0.508s
2026-09-08 07:24:21.893 | INFO     | __main__:main:97 - 110/791 real:134 lifting=False rep=0 solved 0.507s
2026-09-08 07:24:22.296 | INFO     | __main__:main:97 - 114/791 real:139 lifting=True rep=0 solved 0.402s
2026-09-08 07:24:22.700 | INFO     | __main__:main:97 - 114/791 real:139 lifting=False rep=0 solved 0.402s
2026-09-08 07:24:23.194 | INFO     | __main__:main:97 - 118/791 real:144 lifting=True rep=0 solved 0.493s
2026-09-08 07:24:23.697 | INFO     | __main__:main:97 - 118/791 real:144 lifting=False rep=0 solved 0.502s
2026-09-08 07:24:24.745 | INFO     | __main__:main:97 - 122/791 real:148 lifting=True rep=0 solved 1.046s
2026-09-08 07:24:25.787 | INFO     | __main__:main:97 - 122/791 real:148 lifting=False rep=0 solved 1.041s
2026-09-08 07:24:26.493 | INFO     | __main__:main:97 - 126/791 real:156 lifting=True rep=0 solved 0.704s
2026-09-08 07:24:27.201 | INFO     | __main__:main:97 - 126/791 real:156 lifting=False rep=0 solved 0.706s
2026-09-08 07:24:29.035 | INFO     | __main__:main:97 - 130/791 real:161 lifting=True rep=0 solved 1.833s
2026-09-08 07:24:30.871 | INFO     | __main__:main:97 - 130/791 real:161 lifting=False rep=0 solved 1.835s
2026-09-08 07:24:31.283 | INFO     | __main__:main:97 - 134/791 real:165 lifting=True rep=0 solved 0.410s
2026-09-08 07:24:31.699 | INFO     | __main__:main:97 - 134/791 real:165 lifting=False rep=0 solved 0.415s
2026-09-08 07:24:32.804 | INFO     | __main__:main:97 - 138/791 real:169 lifting=True rep=0 solved 1.103s
2026-09-08 07:24:33.911 | INFO     | __main__:main:97 - 138/791 real:169 lifting=False rep=0 solved 1.106s
2026-09-08 07:24:34.365 | INFO     | __main__:main:97 - 142/791 real:173 lifting=True rep=0 solved 0.452s
2026-09-08 07:24:34.814 | INFO     | __main__:main:97 - 142/791 real:173 lifting=False rep=0 solved 0.447s
2026-09-08 07:24:35.879 | INFO     | __main__:main:97 - 146/791 real:179 lifting=True rep=0 solved 1.064s
2026-09-08 07:24:36.954 | INFO     | __main__:main:97 - 146/791 real:179 lifting=False rep=0 solved 1.073s
2026-09-08 07:24:37.901 | INFO     | __main__:main:97 - 150/791 real:183 lifting=True rep=0 solved 0.945s
2026-09-08 07:24:38.858 | INFO     | __main__:main:97 - 150/791 real:183 lifting=False rep=0 solved 0.955s
2026-09-08 07:24:39.615 | INFO     | __main__:main:97 - 154/791 real:187 lifting=True rep=0 solved 0.756s
2026-09-08 07:24:40.370 | INFO     | __main__:main:97 - 154/791 real:187 lifting=False rep=0 solved 0.753s
2026-09-08 07:24:41.364 | INFO     | __main__:main:97 - 158/791 real:191 lifting=True rep=0 solved 0.992s
2026-09-08 07:24:42.355 | INFO     | __main__:main:97 - 158/791 real:191 lifting=False rep=0 solved 0.990s
2026-09-08 07:24:42.844 | INFO     | __main__:main:97 - 162/791 real:196 lifting=True rep=0 solved 0.487s
2026-09-08 07:24:43.344 | INFO     | __main__:main:97 - 162/791 real:196 lifting=False rep=0 solved 0.499s
2026-09-08 07:24:43.875 | INFO     | __main__:main:97 - 166/791 real:202 lifting=True rep=0 solved 0.529s
2026-09-08 07:24:44.415 | INFO     | __main__:main:97 - 166/791 real:202 lifting=False rep=0 solved 0.539s
2026-09-08 07:24:45.419 | INFO     | __main__:main:97 - 170/791 real:208 lifting=True rep=0 solved 1.002s
2026-09-08 07:24:46.413 | INFO     | __main__:main:97 - 170/791 real:208 lifting=False rep=0 solved 0.993s
2026-09-08 07:24:46.852 | INFO     | __main__:main:97 - 174/791 real:215 lifting=True rep=0 solved 0.437s
2026-09-08 07:24:47.287 | INFO     | __main__:main:97 - 174/791 real:215 lifting=False rep=0 solved 0.433s
2026-09-08 07:24:47.901 | INFO     | __main__:main:97 - 178/791 real:222 lifting=True rep=0 solved 0.613s
2026-09-08 07:24:48.520 | INFO     | __main__:main:97 - 178/791 real:222 lifting=False rep=0 solved 0.617s
2026-09-08 07:24:52.187 | INFO     | __main__:main:97 - 182/791 real:229 lifting=True rep=0 solved 3.665s
2026-09-08 07:24:55.852 | INFO     | __main__:main:97 - 182/791 real:229 lifting=False rep=0 solved 3.664s
2026-09-08 07:24:56.268 | INFO     | __main__:main:97 - 186/791 real:233 lifting=True rep=0 solved 0.414s
2026-09-08 07:24:56.676 | INFO     | __main__:main:97 - 186/791 real:233 lifting=False rep=0 solved 0.406s
2026-09-08 07:24:57.133 | INFO     | __main__:main:97 - 190/791 real:239 lifting=True rep=0 solved 0.456s
2026-09-08 07:24:57.592 | INFO     | __main__:main:97 - 190/791 real:239 lifting=False rep=0 solved 0.457s
2026-09-08 07:24:58.294 | INFO     | __main__:main:97 - 194/791 real:244 lifting=True rep=0 solved 0.700s
2026-09-08 07:24:58.986 | INFO     | __main__:main:97 - 194/791 real:244 lifting=False rep=0 solved 0.690s
2026-09-08 07:24:59.483 | INFO     | __main__:main:97 - 198/791 real:249 lifting=True rep=0 solved 0.495s
2026-09-08 07:24:59.979 | INFO     | __main__:main:97 - 198/791 real:249 lifting=False rep=0 solved 0.494s
2026-09-08 07:25:00.918 | INFO     | __main__:main:97 - 202/791 real:254 lifting=True rep=0 solved 0.938s
2026-09-08 07:25:01.858 | INFO     | __main__:main:97 - 202/791 real:254 lifting=False rep=0 solved 0.938s
2026-09-08 07:25:02.689 | INFO     | __main__:main:97 - 206/791 real:259 lifting=True rep=0 solved 0.829s
2026-09-08 07:25:03.547 | INFO     | __main__:main:97 - 206/791 real:259 lifting=False rep=0 solved 0.856s
2026-09-08 07:25:04.202 | INFO     | __main__:main:97 - 210/791 real:265 lifting=True rep=0 solved 0.653s
2026-09-08 07:25:04.710 | INFO     | __main__:main:97 - 210/791 real:265 lifting=False rep=0 solved 0.507s
2026-09-08 07:25:05.232 | INFO     | __main__:main:97 - 210/791 real:265 lifting=False rep=1 solved 0.520s
2026-09-08 07:25:05.740 | INFO     | __main__:main:97 - 210/791 real:265 lifting=True rep=1 solved 0.506s
2026-09-08 07:25:06.248 | INFO     | __main__:main:97 - 210/791 real:265 lifting=True rep=2 solved 0.507s
2026-09-08 07:25:06.753 | INFO     | __main__:main:97 - 210/791 real:265 lifting=False rep=2 solved 0.503s
2026-09-08 07:25:07.266 | INFO     | __main__:main:97 - 210/791 real:265 lifting=False rep=3 solved 0.511s
2026-09-08 07:25:07.775 | INFO     | __main__:main:97 - 210/791 real:265 lifting=True rep=3 solved 0.507s
2026-09-08 07:25:08.627 | INFO     | __main__:main:97 - 214/791 real:272 lifting=True rep=0 solved 0.851s
2026-09-08 07:25:09.527 | INFO     | __main__:main:97 - 214/791 real:272 lifting=False rep=0 solved 0.897s
2026-09-08 07:25:10.419 | INFO     | __main__:main:97 - 218/791 real:277 lifting=True rep=0 solved 0.891s
2026-09-08 07:25:11.314 | INFO     | __main__:main:97 - 218/791 real:277 lifting=False rep=0 solved 0.893s
2026-09-08 07:25:12.289 | INFO     | __main__:main:97 - 222/791 real:281 lifting=True rep=0 solved 0.973s
2026-09-08 07:25:13.259 | INFO     | __main__:main:97 - 222/791 real:281 lifting=False rep=0 solved 0.969s
2026-09-08 07:25:13.677 | INFO     | __main__:main:97 - 226/791 real:288 lifting=True rep=0 solved 0.416s
2026-09-08 07:25:14.090 | INFO     | __main__:main:97 - 226/791 real:288 lifting=False rep=0 solved 0.411s
2026-09-08 07:25:14.516 | INFO     | __main__:main:97 - 230/791 real:294 lifting=True rep=0 solved 0.425s
2026-09-08 07:25:14.939 | INFO     | __main__:main:97 - 230/791 real:294 lifting=False rep=0 solved 0.421s
2026-09-08 07:25:15.303 | INFO     | __main__:main:97 - 234/791 real:298 lifting=True rep=0 solved 0.362s
2026-09-08 07:25:15.671 | INFO     | __main__:main:97 - 234/791 real:298 lifting=False rep=0 solved 0.366s
2026-09-08 07:25:16.030 | INFO     | __main__:main:97 - 238/791 real:302 lifting=True rep=0 solved 0.358s
2026-09-08 07:25:16.389 | INFO     | __main__:main:97 - 238/791 real:302 lifting=False rep=0 solved 0.357s
2026-09-08 07:25:16.888 | INFO     | __main__:main:97 - 242/791 real:307 lifting=True rep=0 solved 0.497s
2026-09-08 07:25:17.378 | INFO     | __main__:main:97 - 242/791 real:307 lifting=False rep=0 solved 0.489s
2026-09-08 07:25:30.461 | INFO     | __main__:main:97 - 246/791 real:371 lifting=True rep=0 solved 13.081s
2026-09-08 07:25:43.388 | INFO     | __main__:main:97 - 246/791 real:371 lifting=False rep=0 solved 12.925s
2026-09-08 07:25:44.239 | INFO     | __main__:main:97 - 250/791 growing:mathcounts_015 lifting=True rep=0 solved 0.849s
2026-09-08 07:25:45.098 | INFO     | __main__:main:97 - 250/791 growing:mathcounts_015 lifting=False rep=0 solved 0.858s
2026-09-08 07:25:45.972 | INFO     | __main__:main:97 - 254/791 growing:mathcounts_035 lifting=True rep=0 solved 0.872s
2026-09-08 07:25:46.841 | INFO     | __main__:main:97 - 254/791 growing:mathcounts_035 lifting=False rep=0 solved 0.866s
2026-09-08 07:25:47.721 | INFO     | __main__:main:97 - 258/791 growing:mathcounts_055 lifting=True rep=0 solved 0.879s
2026-09-08 07:25:48.629 | INFO     | __main__:main:97 - 258/791 growing:mathcounts_055 lifting=False rep=0 solved 0.906s
2026-09-08 07:25:49.523 | INFO     | __main__:main:97 - 262/791 growing:mathcounts_075 lifting=True rep=0 solved 0.892s
2026-09-08 07:25:50.415 | INFO     | __main__:main:97 - 262/791 growing:mathcounts_075 lifting=False rep=0 solved 0.891s
2026-09-08 07:25:51.325 | INFO     | __main__:main:97 - 266/791 growing:mathcounts_095 lifting=True rep=0 solved 0.908s
2026-09-08 07:25:52.223 | INFO     | __main__:main:97 - 266/791 growing:mathcounts_095 lifting=False rep=0 solved 0.896s
2026-09-08 07:25:53.053 | INFO     | __main__:main:97 - 270/791 growing:fourletter_015 lifting=True rep=0 solved 0.828s
2026-09-08 07:25:53.869 | INFO     | __main__:main:97 - 270/791 growing:fourletter_015 lifting=False rep=0 solved 0.814s
2026-09-08 07:25:54.734 | INFO     | __main__:main:97 - 274/791 growing:fourletter_035 lifting=True rep=0 solved 0.863s
2026-09-08 07:25:55.603 | INFO     | __main__:main:97 - 274/791 growing:fourletter_035 lifting=False rep=0 solved 0.868s
2026-09-08 07:25:56.545 | INFO     | __main__:main:97 - 278/791 growing:fourletter_055 lifting=True rep=0 solved 0.940s
2026-09-08 07:25:57.486 | INFO     | __main__:main:97 - 278/791 growing:fourletter_055 lifting=False rep=0 solved 0.939s
2026-09-08 07:25:58.566 | INFO     | __main__:main:97 - 282/791 growing:fourletter_075 lifting=True rep=0 solved 1.078s
2026-09-08 07:25:59.647 | INFO     | __main__:main:97 - 282/791 growing:fourletter_075 lifting=False rep=0 solved 1.079s
2026-09-08 07:26:01.014 | INFO     | __main__:main:97 - 286/791 growing:fourletter_095 lifting=True rep=0 solved 1.365s
2026-09-08 07:26:02.381 | INFO     | __main__:main:97 - 286/791 growing:fourletter_095 lifting=False rep=0 solved 1.364s
2026-09-08 07:26:03.149 | INFO     | __main__:main:97 - 290/791 growing:tvs_015 lifting=True rep=0 solved 0.767s
2026-09-08 07:26:03.924 | INFO     | __main__:main:97 - 290/791 growing:tvs_015 lifting=False rep=0 solved 0.773s
2026-09-08 07:26:04.703 | INFO     | __main__:main:97 - 294/791 growing:tvs_035 lifting=True rep=0 solved 0.777s
2026-09-08 07:26:05.485 | INFO     | __main__:main:97 - 294/791 growing:tvs_035 lifting=False rep=0 solved 0.780s
2026-09-08 07:26:06.265 | INFO     | __main__:main:97 - 298/791 growing:tvs_055 lifting=True rep=0 solved 0.779s
2026-09-08 07:26:07.063 | INFO     | __main__:main:97 - 298/791 growing:tvs_055 lifting=False rep=0 solved 0.794s
2026-09-08 07:26:07.890 | INFO     | __main__:main:97 - 302/791 growing:tvs_075 lifting=True rep=0 solved 0.824s
2026-09-08 07:26:08.747 | INFO     | __main__:main:97 - 302/791 growing:tvs_075 lifting=False rep=0 solved 0.855s
2026-09-08 07:26:09.545 | INFO     | __main__:main:97 - 306/791 growing:tvs_095 lifting=True rep=0 solved 0.795s
2026-09-08 07:26:10.334 | INFO     | __main__:main:97 - 306/791 growing:tvs_095 lifting=False rep=0 solved 0.788s
2026-09-08 07:26:11.189 | INFO     | __main__:main:97 - 310/791 growing:workers_015 lifting=True rep=0 solved 0.852s
2026-09-08 07:26:12.050 | INFO     | __main__:main:97 - 310/791 growing:workers_015 lifting=False rep=0 solved 0.859s
2026-09-08 07:26:12.913 | INFO     | __main__:main:97 - 314/791 growing:workers_035 lifting=True rep=0 solved 0.861s
2026-09-08 07:26:13.768 | INFO     | __main__:main:97 - 314/791 growing:workers_035 lifting=False rep=0 solved 0.853s
2026-09-08 07:26:14.656 | INFO     | __main__:main:97 - 318/791 growing:workers_055 lifting=True rep=0 solved 0.886s
2026-09-08 07:26:15.518 | INFO     | __main__:main:97 - 318/791 growing:workers_055 lifting=False rep=0 solved 0.860s
2026-09-08 07:26:16.393 | INFO     | __main__:main:97 - 322/791 growing:workers_075 lifting=True rep=0 solved 0.873s
2026-09-08 07:26:17.265 | INFO     | __main__:main:97 - 322/791 growing:workers_075 lifting=False rep=0 solved 0.870s
2026-09-08 07:26:18.152 | INFO     | __main__:main:97 - 326/791 growing:workers_095 lifting=True rep=0 solved 0.885s
2026-09-08 07:26:19.037 | INFO     | __main__:main:97 - 326/791 growing:workers_095 lifting=False rep=0 solved 0.883s
2026-09-08 07:26:20.199 | INFO     | __main__:main:97 - 330/791 growing:banana_015 lifting=True rep=0 solved 1.160s
2026-09-08 07:26:21.360 | INFO     | __main__:main:97 - 330/791 growing:banana_015 lifting=False rep=0 solved 1.158s
2026-09-08 07:26:22.535 | INFO     | __main__:main:97 - 334/791 growing:banana_035 lifting=True rep=0 solved 1.173s
2026-09-08 07:26:23.710 | INFO     | __main__:main:97 - 334/791 growing:banana_035 lifting=False rep=0 solved 1.173s
2026-09-08 07:26:24.884 | INFO     | __main__:main:97 - 338/791 growing:banana_055 lifting=True rep=0 solved 1.172s
2026-09-08 07:26:26.054 | INFO     | __main__:main:97 - 338/791 growing:banana_055 lifting=False rep=0 solved 1.168s
2026-09-08 07:26:27.326 | INFO     | __main__:main:97 - 342/791 growing:banana_075 lifting=True rep=0 solved 1.270s
2026-09-08 07:26:28.581 | INFO     | __main__:main:97 - 342/791 growing:banana_075 lifting=False rep=0 solved 1.252s
2026-09-08 07:26:29.882 | INFO     | __main__:main:97 - 346/791 growing:banana_095 lifting=True rep=0 solved 1.299s
2026-09-08 07:26:31.171 | INFO     | __main__:main:97 - 346/791 growing:banana_095 lifting=False rep=0 solved 1.287s
2026-09-08 07:26:31.566 | INFO     | __main__:main:97 - 350/791 growing:nested_choice_015 lifting=True rep=0 solved 0.393s
2026-09-08 07:26:31.969 | INFO     | __main__:main:97 - 350/791 growing:nested_choice_015 lifting=False rep=0 solved 0.400s
2026-09-08 07:26:32.368 | INFO     | __main__:main:97 - 354/791 growing:nested_choice_035 lifting=True rep=0 solved 0.397s
2026-09-08 07:26:32.781 | INFO     | __main__:main:97 - 354/791 growing:nested_choice_035 lifting=False rep=0 solved 0.410s
2026-09-08 07:26:33.199 | INFO     | __main__:main:97 - 358/791 growing:nested_choice_055 lifting=True rep=0 solved 0.415s
2026-09-08 07:26:33.603 | INFO     | __main__:main:97 - 358/791 growing:nested_choice_055 lifting=False rep=0 solved 0.403s
2026-09-08 07:26:34.021 | INFO     | __main__:main:97 - 362/791 growing:nested_choice_075 lifting=True rep=0 solved 0.415s
2026-09-08 07:26:34.436 | INFO     | __main__:main:97 - 362/791 growing:nested_choice_075 lifting=False rep=0 solved 0.413s
2026-09-08 07:26:34.860 | INFO     | __main__:main:97 - 366/791 growing:nested_choice_095 lifting=True rep=0 solved 0.421s
2026-09-08 07:26:35.284 | INFO     | __main__:main:97 - 366/791 growing:nested_choice_095 lifting=False rep=0 solved 0.422s
2026-09-08 07:26:36.047 | INFO     | __main__:main:97 - 370/791 growing:selected_pairs_015 lifting=True rep=0 solved 0.761s
2026-09-08 07:26:36.843 | INFO     | __main__:main:97 - 370/791 growing:selected_pairs_015 lifting=False rep=0 solved 0.794s
2026-09-08 07:26:37.662 | INFO     | __main__:main:97 - 374/791 growing:selected_pairs_035 lifting=True rep=0 solved 0.817s
2026-09-08 07:26:38.441 | INFO     | __main__:main:97 - 374/791 growing:selected_pairs_035 lifting=False rep=0 solved 0.777s
2026-09-08 07:26:39.253 | INFO     | __main__:main:97 - 378/791 growing:selected_pairs_055 lifting=True rep=0 solved 0.810s
2026-09-08 07:26:40.062 | INFO     | __main__:main:97 - 378/791 growing:selected_pairs_055 lifting=False rep=0 solved 0.806s
2026-09-08 07:26:40.851 | INFO     | __main__:main:97 - 382/791 growing:selected_pairs_075 lifting=True rep=0 solved 0.787s
2026-09-08 07:26:41.644 | INFO     | __main__:main:97 - 382/791 growing:selected_pairs_075 lifting=False rep=0 solved 0.791s
2026-09-08 07:26:42.447 | INFO     | __main__:main:97 - 386/791 growing:selected_pairs_095 lifting=True rep=0 solved 0.800s
2026-09-08 07:26:43.256 | INFO     | __main__:main:97 - 386/791 growing:selected_pairs_095 lifting=False rep=0 solved 0.807s
2026-09-08 07:26:44.046 | INFO     | __main__:main:97 - 390/791 growing:selected_sequence_015 lifting=True rep=0 solved 0.787s
2026-09-08 07:26:44.839 | INFO     | __main__:main:97 - 390/791 growing:selected_sequence_015 lifting=False rep=0 solved 0.791s
2026-09-08 07:26:45.682 | INFO     | __main__:main:97 - 394/791 growing:selected_sequence_035 lifting=True rep=0 solved 0.841s
2026-09-08 07:26:46.534 | INFO     | __main__:main:97 - 394/791 growing:selected_sequence_035 lifting=False rep=0 solved 0.849s
2026-09-08 07:26:47.488 | INFO     | __main__:main:97 - 398/791 growing:selected_sequence_055 lifting=True rep=0 solved 0.952s
2026-09-08 07:26:48.440 | INFO     | __main__:main:97 - 398/791 growing:selected_sequence_055 lifting=False rep=0 solved 0.949s
2026-09-08 07:26:49.551 | INFO     | __main__:main:97 - 402/791 growing:selected_sequence_075 lifting=True rep=0 solved 1.109s
2026-09-08 07:26:50.664 | INFO     | __main__:main:97 - 402/791 growing:selected_sequence_075 lifting=False rep=0 solved 1.110s
2026-09-08 07:26:51.976 | INFO     | __main__:main:97 - 406/791 growing:selected_sequence_095 lifting=True rep=0 solved 1.310s
2026-09-08 07:26:53.295 | INFO     | __main__:main:97 - 406/791 growing:selected_sequence_095 lifting=False rep=0 solved 1.316s
2026-09-08 07:26:54.156 | INFO     | __main__:main:97 - 410/791 synthetic:syn-set_choice_intersection-small-02 lifting=True rep=0 solved 0.858s
2026-09-08 07:26:55.009 | INFO     | __main__:main:97 - 410/791 synthetic:syn-set_choice_intersection-small-02 lifting=False rep=0 solved 0.850s
2026-09-08 07:26:55.864 | INFO     | __main__:main:97 - 414/791 synthetic:syn-set_choice_intersection-small-06 lifting=True rep=0 solved 0.852s
2026-09-08 07:26:56.713 | INFO     | __main__:main:97 - 414/791 synthetic:syn-set_choice_intersection-small-06 lifting=False rep=0 solved 0.846s
2026-09-08 07:26:57.194 | INFO     | __main__:main:97 - 418/791 synthetic:syn-bag_choice_multiplicity-small-02 lifting=True rep=0 solved 0.478s
2026-09-08 07:26:57.671 | INFO     | __main__:main:97 - 418/791 synthetic:syn-bag_choice_multiplicity-small-02 lifting=False rep=0 solved 0.475s
2026-09-08 07:26:58.150 | INFO     | __main__:main:97 - 422/791 synthetic:syn-bag_choice_multiplicity-small-06 lifting=True rep=0 solved 0.476s
2026-09-08 07:26:58.626 | INFO     | __main__:main:97 - 422/791 synthetic:syn-bag_choice_multiplicity-small-06 lifting=False rep=0 solved 0.474s
2026-09-08 07:27:00.057 | INFO     | __main__:main:97 - 426/791 synthetic:syn-set_tuple_position_count-small-02 lifting=True rep=0 solved 1.427s
2026-09-08 07:27:01.483 | INFO     | __main__:main:97 - 426/791 synthetic:syn-set_tuple_position_count-small-02 lifting=False rep=0 solved 1.424s
2026-09-08 07:27:03.019 | INFO     | __main__:main:97 - 430/791 synthetic:syn-set_tuple_position_count-small-06 lifting=True rep=0 solved 1.533s
2026-09-08 07:27:04.577 | INFO     | __main__:main:97 - 430/791 synthetic:syn-set_tuple_position_count-small-06 lifting=False rep=0 solved 1.555s
2026-09-08 07:27:05.633 | INFO     | __main__:main:97 - 434/791 synthetic:syn-bag_tuple_multiplicity-small-02 lifting=True rep=0 solved 1.052s
2026-09-08 07:27:06.685 | INFO     | __main__:main:97 - 434/791 synthetic:syn-bag_tuple_multiplicity-small-02 lifting=False rep=0 solved 1.050s
2026-09-08 07:27:08.994 | INFO     | __main__:main:97 - 438/791 synthetic:syn-bag_tuple_multiplicity-small-06 lifting=True rep=0 solved 2.306s
2026-09-08 07:27:11.132 | INFO     | __main__:main:97 - 438/791 synthetic:syn-bag_tuple_multiplicity-small-06 lifting=False rep=0 solved 2.135s
2026-09-08 07:27:11.783 | INFO     | __main__:main:97 - 442/791 synthetic:syn-set_sequence_patterns-small-02 lifting=True rep=0 solved 0.648s
2026-09-08 07:27:12.433 | INFO     | __main__:main:97 - 442/791 synthetic:syn-set_sequence_patterns-small-02 lifting=False rep=0 solved 0.647s
2026-09-08 07:27:12.971 | INFO     | __main__:main:97 - 446/791 synthetic:syn-set_sequence_patterns-small-06 lifting=True rep=0 solved 0.535s
2026-09-08 07:27:13.506 | INFO     | __main__:main:97 - 446/791 synthetic:syn-set_sequence_patterns-small-06 lifting=False rep=0 solved 0.532s
2026-09-08 07:27:14.141 | INFO     | __main__:main:97 - 450/791 synthetic:syn-bag_sequence_adjacency-small-02 lifting=True rep=0 solved 0.632s
2026-09-08 07:27:14.771 | INFO     | __main__:main:97 - 450/791 synthetic:syn-bag_sequence_adjacency-small-02 lifting=False rep=0 solved 0.627s
2026-09-08 07:27:15.401 | INFO     | __main__:main:97 - 454/791 synthetic:syn-bag_sequence_adjacency-small-06 lifting=True rep=0 solved 0.627s
2026-09-08 07:27:16.040 | INFO     | __main__:main:97 - 454/791 synthetic:syn-bag_sequence_adjacency-small-06 lifting=False rep=0 solved 0.635s
2026-09-08 07:27:16.840 | INFO     | __main__:main:97 - 458/791 synthetic:syn-set_partition_min_size-small-02 lifting=True rep=0 solved 0.798s
2026-09-08 07:27:17.636 | INFO     | __main__:main:97 - 458/791 synthetic:syn-set_partition_min_size-small-02 lifting=False rep=0 solved 0.792s
2026-09-08 07:27:18.437 | INFO     | __main__:main:97 - 462/791 synthetic:syn-set_partition_min_size-small-06 lifting=True rep=0 solved 0.798s
2026-09-08 07:27:19.241 | INFO     | __main__:main:97 - 462/791 synthetic:syn-set_partition_min_size-small-06 lifting=False rep=0 solved 0.802s
2026-09-08 07:27:20.109 | INFO     | __main__:main:97 - 466/791 synthetic:syn-set_composition_sizes-small-02 lifting=True rep=0 solved 0.864s
2026-09-08 07:27:20.975 | INFO     | __main__:main:97 - 466/791 synthetic:syn-set_composition_sizes-small-02 lifting=False rep=0 solved 0.863s
2026-09-08 07:27:22.214 | INFO     | __main__:main:97 - 470/791 synthetic:syn-set_composition_sizes-small-06 lifting=True rep=0 solved 1.236s
2026-09-08 07:27:23.452 | INFO     | __main__:main:97 - 470/791 synthetic:syn-set_composition_sizes-small-06 lifting=False rep=0 solved 1.234s
2026-09-08 07:27:23.980 | INFO     | __main__:main:97 - 474/791 synthetic:syn-dependent_choice_disjoint-small-02 lifting=True rep=0 solved 0.525s
2026-09-08 07:27:24.508 | INFO     | __main__:main:97 - 474/791 synthetic:syn-dependent_choice_disjoint-small-02 lifting=False rep=0 solved 0.525s
2026-09-08 07:27:25.033 | INFO     | __main__:main:97 - 478/791 synthetic:syn-dependent_choice_disjoint-small-06 lifting=True rep=0 solved 0.522s
2026-09-08 07:27:25.559 | INFO     | __main__:main:97 - 478/791 synthetic:syn-dependent_choice_disjoint-small-06 lifting=False rep=0 solved 0.523s
2026-09-08 07:27:26.780 | INFO     | __main__:main:97 - 482/791 synthetic:syn-dependent_tuple_position_count-small-02 lifting=True rep=0 solved 1.217s
2026-09-08 07:27:27.999 | INFO     | __main__:main:97 - 482/791 synthetic:syn-dependent_tuple_position_count-small-02 lifting=False rep=0 solved 1.216s
2026-09-08 07:27:29.234 | INFO     | __main__:main:97 - 486/791 synthetic:syn-dependent_tuple_position_count-small-06 lifting=True rep=0 solved 1.231s
2026-09-08 07:27:30.467 | INFO     | __main__:main:97 - 486/791 synthetic:syn-dependent_tuple_position_count-small-06 lifting=False rep=0 solved 1.229s
2026-09-08 07:27:31.556 | INFO     | __main__:main:97 - 490/791 synthetic:syn-dependent_sequence_patterns-small-02 lifting=True rep=0 solved 1.086s
2026-09-08 07:27:32.672 | INFO     | __main__:main:97 - 490/791 synthetic:syn-dependent_sequence_patterns-small-02 lifting=False rep=0 solved 1.112s
2026-09-08 07:27:33.759 | INFO     | __main__:main:97 - 494/791 synthetic:syn-dependent_sequence_patterns-small-06 lifting=True rep=0 solved 1.084s
2026-09-08 07:27:34.850 | INFO     | __main__:main:97 - 494/791 synthetic:syn-dependent_sequence_patterns-small-06 lifting=False rep=0 solved 1.088s
2026-09-08 07:27:35.722 | INFO     | __main__:main:97 - 498/791 synthetic:syn-dependent_partition_min_size-small-02 lifting=True rep=0 solved 0.868s
2026-09-08 07:27:36.593 | INFO     | __main__:main:97 - 498/791 synthetic:syn-dependent_partition_min_size-small-02 lifting=False rep=0 solved 0.868s
2026-09-08 07:27:37.468 | INFO     | __main__:main:97 - 502/791 synthetic:syn-dependent_partition_min_size-small-06 lifting=True rep=0 solved 0.872s
2026-09-08 07:27:38.340 | INFO     | __main__:main:97 - 502/791 synthetic:syn-dependent_partition_min_size-small-06 lifting=False rep=0 solved 0.869s
2026-09-08 07:27:39.471 | INFO     | __main__:main:97 - 506/791 synthetic:syn-dependent_composition_sizes-small-02 lifting=True rep=0 solved 1.127s
2026-09-08 07:27:40.604 | INFO     | __main__:main:97 - 506/791 synthetic:syn-dependent_composition_sizes-small-02 lifting=False rep=0 solved 1.129s
2026-09-08 07:27:41.611 | INFO     | __main__:main:97 - 510/791 synthetic:syn-dependent_composition_sizes-small-06 lifting=True rep=0 solved 1.004s
2026-09-08 07:27:42.615 | INFO     | __main__:main:97 - 510/791 synthetic:syn-dependent_composition_sizes-small-06 lifting=False rep=0 solved 1.000s
2026-09-08 07:27:44.766 | INFO     | __main__:main:97 - 514/791 synthetic:syn-dependent_bag_tuple-small-02 lifting=True rep=0 solved 2.148s
2026-09-08 07:27:46.936 | INFO     | __main__:main:97 - 514/791 synthetic:syn-dependent_bag_tuple-small-02 lifting=False rep=0 solved 2.167s
2026-09-08 07:27:49.071 | INFO     | __main__:main:97 - 518/791 synthetic:syn-dependent_bag_tuple-small-06 lifting=True rep=0 solved 2.132s
2026-09-08 07:27:51.227 | INFO     | __main__:main:97 - 518/791 synthetic:syn-dependent_bag_tuple-small-06 lifting=False rep=0 solved 2.152s
2026-09-08 07:27:51.730 | INFO     | __main__:main:97 - 522/791 synthetic:syn-nested_choice_chain-small-02 lifting=True rep=0 solved 0.500s
2026-09-08 07:27:52.231 | INFO     | __main__:main:97 - 522/791 synthetic:syn-nested_choice_chain-small-02 lifting=False rep=0 solved 0.497s
2026-09-08 07:27:52.733 | INFO     | __main__:main:97 - 526/791 synthetic:syn-nested_choice_chain-small-06 lifting=True rep=0 solved 0.499s
2026-09-08 07:27:53.241 | INFO     | __main__:main:97 - 526/791 synthetic:syn-nested_choice_chain-small-06 lifting=False rep=0 solved 0.504s
2026-09-08 07:27:53.767 | INFO     | __main__:main:97 - 530/791 synthetic:syn-dependent_selected_subsets-small-02 lifting=True rep=0 solved 0.523s
2026-09-08 07:27:54.297 | INFO     | __main__:main:97 - 530/791 synthetic:syn-dependent_selected_subsets-small-02 lifting=False rep=0 solved 0.526s
2026-09-08 07:27:54.824 | INFO     | __main__:main:97 - 534/791 synthetic:syn-dependent_selected_subsets-small-06 lifting=True rep=0 solved 0.524s
2026-09-08 07:27:55.355 | INFO     | __main__:main:97 - 534/791 synthetic:syn-dependent_selected_subsets-small-06 lifting=False rep=0 solved 0.527s
2026-09-08 07:27:56.207 | INFO     | __main__:main:97 - 538/791 synthetic:syn-set_choice_intersection-medium-02 lifting=True rep=0 solved 0.849s
2026-09-08 07:27:57.060 | INFO     | __main__:main:97 - 538/791 synthetic:syn-set_choice_intersection-medium-02 lifting=False rep=0 solved 0.849s
2026-09-08 07:27:57.916 | INFO     | __main__:main:97 - 542/791 synthetic:syn-set_choice_intersection-medium-06 lifting=True rep=0 solved 0.852s
2026-09-08 07:27:58.767 | INFO     | __main__:main:97 - 542/791 synthetic:syn-set_choice_intersection-medium-06 lifting=False rep=0 solved 0.847s
2026-09-08 07:27:59.251 | INFO     | __main__:main:97 - 546/791 synthetic:syn-bag_choice_multiplicity-medium-02 lifting=True rep=0 solved 0.481s
2026-09-08 07:27:59.735 | INFO     | __main__:main:97 - 546/791 synthetic:syn-bag_choice_multiplicity-medium-02 lifting=False rep=0 solved 0.480s
2026-09-08 07:28:00.218 | INFO     | __main__:main:97 - 550/791 synthetic:syn-bag_choice_multiplicity-medium-06 lifting=True rep=0 solved 0.480s
2026-09-08 07:28:00.701 | INFO     | __main__:main:97 - 550/791 synthetic:syn-bag_choice_multiplicity-medium-06 lifting=False rep=0 solved 0.480s
2026-09-08 07:28:02.167 | INFO     | __main__:main:97 - 554/791 synthetic:syn-set_tuple_position_count-medium-02 lifting=True rep=0 solved 1.461s
2026-09-08 07:28:03.634 | INFO     | __main__:main:97 - 554/791 synthetic:syn-set_tuple_position_count-medium-02 lifting=False rep=0 solved 1.464s
2026-09-08 07:28:05.082 | INFO     | __main__:main:97 - 558/791 synthetic:syn-set_tuple_position_count-medium-06 lifting=True rep=0 solved 1.444s
2026-09-08 07:28:06.518 | INFO     | __main__:main:97 - 558/791 synthetic:syn-set_tuple_position_count-medium-06 lifting=False rep=0 solved 1.433s
2026-09-08 07:28:07.508 | INFO     | __main__:main:97 - 562/791 synthetic:syn-bag_tuple_multiplicity-medium-02 lifting=True rep=0 solved 0.985s
2026-09-08 07:28:08.499 | INFO     | __main__:main:97 - 562/791 synthetic:syn-bag_tuple_multiplicity-medium-02 lifting=False rep=0 solved 0.988s
2026-09-08 07:28:12.560 | INFO     | __main__:main:97 - 566/791 synthetic:syn-bag_tuple_multiplicity-medium-06 lifting=True rep=0 solved 4.057s
2026-09-08 07:28:16.600 | INFO     | __main__:main:97 - 566/791 synthetic:syn-bag_tuple_multiplicity-medium-06 lifting=False rep=0 solved 4.036s
2026-09-08 07:28:17.219 | INFO     | __main__:main:97 - 570/791 synthetic:syn-set_sequence_patterns-medium-02 lifting=True rep=0 solved 0.615s
2026-09-08 07:28:17.834 | INFO     | __main__:main:97 - 570/791 synthetic:syn-set_sequence_patterns-medium-02 lifting=False rep=0 solved 0.612s
2026-09-08 07:28:18.376 | INFO     | __main__:main:97 - 574/791 synthetic:syn-set_sequence_patterns-medium-06 lifting=True rep=0 solved 0.538s
2026-09-08 07:28:18.915 | INFO     | __main__:main:97 - 574/791 synthetic:syn-set_sequence_patterns-medium-06 lifting=False rep=0 solved 0.535s
2026-09-08 07:28:20.289 | INFO     | __main__:main:97 - 578/791 synthetic:syn-bag_sequence_adjacency-medium-02 lifting=True rep=0 solved 1.371s
2026-09-08 07:28:21.666 | INFO     | __main__:main:97 - 578/791 synthetic:syn-bag_sequence_adjacency-medium-02 lifting=False rep=0 solved 1.373s
2026-09-08 07:28:23.050 | INFO     | __main__:main:97 - 582/791 synthetic:syn-bag_sequence_adjacency-medium-06 lifting=True rep=0 solved 1.380s
2026-09-08 07:28:24.442 | INFO     | __main__:main:97 - 582/791 synthetic:syn-bag_sequence_adjacency-medium-06 lifting=False rep=0 solved 1.388s
2026-09-08 07:28:25.323 | INFO     | __main__:main:97 - 586/791 synthetic:syn-set_partition_min_size-medium-02 lifting=True rep=0 solved 0.876s
2026-09-08 07:28:26.200 | INFO     | __main__:main:97 - 586/791 synthetic:syn-set_partition_min_size-medium-02 lifting=False rep=0 solved 0.873s
2026-09-08 07:28:27.078 | INFO     | __main__:main:97 - 590/791 synthetic:syn-set_partition_min_size-medium-06 lifting=True rep=0 solved 0.874s
2026-09-08 07:28:27.954 | INFO     | __main__:main:97 - 590/791 synthetic:syn-set_partition_min_size-medium-06 lifting=False rep=0 solved 0.872s
2026-09-08 07:28:29.038 | INFO     | __main__:main:97 - 594/791 synthetic:syn-set_composition_sizes-medium-02 lifting=True rep=0 solved 1.080s
2026-09-08 07:28:30.122 | INFO     | __main__:main:97 - 594/791 synthetic:syn-set_composition_sizes-medium-02 lifting=False rep=0 solved 1.081s
2026-09-08 07:28:31.210 | INFO     | __main__:main:97 - 598/791 synthetic:syn-set_composition_sizes-medium-06 lifting=True rep=0 solved 1.084s
2026-09-08 07:28:32.294 | INFO     | __main__:main:97 - 598/791 synthetic:syn-set_composition_sizes-medium-06 lifting=False rep=0 solved 1.079s
2026-09-08 07:28:32.830 | INFO     | __main__:main:97 - 602/791 synthetic:syn-dependent_choice_disjoint-medium-02 lifting=True rep=0 solved 0.532s
2026-09-08 07:28:33.362 | INFO     | __main__:main:97 - 602/791 synthetic:syn-dependent_choice_disjoint-medium-02 lifting=False rep=0 solved 0.528s
2026-09-08 07:28:33.892 | INFO     | __main__:main:97 - 606/791 synthetic:syn-dependent_choice_disjoint-medium-06 lifting=True rep=0 solved 0.526s
2026-09-08 07:28:34.421 | INFO     | __main__:main:97 - 606/791 synthetic:syn-dependent_choice_disjoint-medium-06 lifting=False rep=0 solved 0.525s
2026-09-08 07:28:35.658 | INFO     | __main__:main:97 - 610/791 synthetic:syn-dependent_tuple_position_count-medium-02 lifting=True rep=0 solved 1.234s
2026-09-08 07:28:36.903 | INFO     | __main__:main:97 - 610/791 synthetic:syn-dependent_tuple_position_count-medium-02 lifting=False rep=0 solved 1.241s
2026-09-08 07:28:38.133 | INFO     | __main__:main:97 - 614/791 synthetic:syn-dependent_tuple_position_count-medium-06 lifting=True rep=0 solved 1.226s
2026-09-08 07:28:39.368 | INFO     | __main__:main:97 - 614/791 synthetic:syn-dependent_tuple_position_count-medium-06 lifting=False rep=0 solved 1.231s
2026-09-08 07:28:40.489 | INFO     | __main__:main:97 - 618/791 synthetic:syn-dependent_sequence_patterns-medium-02 lifting=True rep=0 solved 1.117s
2026-09-08 07:28:41.609 | INFO     | __main__:main:97 - 618/791 synthetic:syn-dependent_sequence_patterns-medium-02 lifting=False rep=0 solved 1.116s
2026-09-08 07:28:42.728 | INFO     | __main__:main:97 - 622/791 synthetic:syn-dependent_sequence_patterns-medium-06 lifting=True rep=0 solved 1.114s
2026-09-08 07:28:43.849 | INFO     | __main__:main:97 - 622/791 synthetic:syn-dependent_sequence_patterns-medium-06 lifting=False rep=0 solved 1.117s
2026-09-08 07:28:44.719 | INFO     | __main__:main:97 - 626/791 synthetic:syn-dependent_partition_min_size-medium-02 lifting=True rep=0 solved 0.866s
2026-09-08 07:28:45.588 | INFO     | __main__:main:97 - 626/791 synthetic:syn-dependent_partition_min_size-medium-02 lifting=False rep=0 solved 0.865s
2026-09-08 07:28:46.458 | INFO     | __main__:main:97 - 630/791 synthetic:syn-dependent_partition_min_size-medium-06 lifting=True rep=0 solved 0.866s
2026-09-08 07:28:47.326 | INFO     | __main__:main:97 - 630/791 synthetic:syn-dependent_partition_min_size-medium-06 lifting=False rep=0 solved 0.863s
2026-09-08 07:28:48.322 | INFO     | __main__:main:97 - 634/791 synthetic:syn-dependent_composition_sizes-medium-02 lifting=True rep=0 solved 0.992s
2026-09-08 07:28:49.324 | INFO     | __main__:main:97 - 634/791 synthetic:syn-dependent_composition_sizes-medium-02 lifting=False rep=0 solved 0.997s
2026-09-08 07:28:50.680 | INFO     | __main__:main:97 - 638/791 synthetic:syn-dependent_composition_sizes-medium-06 lifting=True rep=0 solved 1.352s
2026-09-08 07:28:52.037 | INFO     | __main__:main:97 - 638/791 synthetic:syn-dependent_composition_sizes-medium-06 lifting=False rep=0 solved 1.353s
2026-09-08 07:28:56.074 | INFO     | __main__:main:97 - 642/791 synthetic:syn-dependent_bag_tuple-medium-02 lifting=True rep=0 solved 4.032s
2026-09-08 07:29:00.132 | INFO     | __main__:main:97 - 642/791 synthetic:syn-dependent_bag_tuple-medium-02 lifting=False rep=0 solved 4.054s
2026-09-08 07:29:01.605 | INFO     | __main__:main:97 - 646/791 synthetic:syn-dependent_bag_tuple-medium-06 lifting=True rep=0 solved 1.469s
2026-09-08 07:29:03.089 | INFO     | __main__:main:97 - 646/791 synthetic:syn-dependent_bag_tuple-medium-06 lifting=False rep=0 solved 1.480s
2026-09-08 07:29:03.596 | INFO     | __main__:main:97 - 650/791 synthetic:syn-nested_choice_chain-medium-02 lifting=True rep=0 solved 0.502s
2026-09-08 07:29:04.103 | INFO     | __main__:main:97 - 650/791 synthetic:syn-nested_choice_chain-medium-02 lifting=False rep=0 solved 0.503s
2026-09-08 07:29:04.610 | INFO     | __main__:main:97 - 654/791 synthetic:syn-nested_choice_chain-medium-06 lifting=True rep=0 solved 0.502s
2026-09-08 07:29:05.119 | INFO     | __main__:main:97 - 654/791 synthetic:syn-nested_choice_chain-medium-06 lifting=False rep=0 solved 0.505s
2026-09-08 07:29:05.659 | INFO     | __main__:main:97 - 658/791 synthetic:syn-dependent_selected_subsets-medium-02 lifting=True rep=0 solved 0.536s
2026-09-08 07:29:06.200 | INFO     | __main__:main:97 - 658/791 synthetic:syn-dependent_selected_subsets-medium-02 lifting=False rep=0 solved 0.537s
2026-09-08 07:29:06.736 | INFO     | __main__:main:97 - 662/791 synthetic:syn-dependent_selected_subsets-medium-06 lifting=True rep=0 solved 0.532s
2026-09-08 07:29:07.275 | INFO     | __main__:main:97 - 662/791 synthetic:syn-dependent_selected_subsets-medium-06 lifting=False rep=0 solved 0.534s
2026-09-08 07:29:08.141 | INFO     | __main__:main:97 - 666/791 synthetic:syn-set_choice_intersection-large-02 lifting=True rep=0 solved 0.862s
2026-09-08 07:29:08.999 | INFO     | __main__:main:97 - 666/791 synthetic:syn-set_choice_intersection-large-02 lifting=False rep=0 solved 0.854s
2026-09-08 07:29:09.855 | INFO     | __main__:main:97 - 670/791 synthetic:syn-set_choice_intersection-large-06 lifting=True rep=0 solved 0.851s
2026-09-08 07:29:10.712 | INFO     | __main__:main:97 - 670/791 synthetic:syn-set_choice_intersection-large-06 lifting=False rep=0 solved 0.853s
2026-09-08 07:29:11.207 | INFO     | __main__:main:97 - 674/791 synthetic:syn-bag_choice_multiplicity-large-02 lifting=True rep=0 solved 0.491s
2026-09-08 07:29:11.702 | INFO     | __main__:main:97 - 674/791 synthetic:syn-bag_choice_multiplicity-large-02 lifting=False rep=0 solved 0.491s
2026-09-08 07:29:12.197 | INFO     | __main__:main:97 - 678/791 synthetic:syn-bag_choice_multiplicity-large-06 lifting=True rep=0 solved 0.490s
2026-09-08 07:29:12.692 | INFO     | __main__:main:97 - 678/791 synthetic:syn-bag_choice_multiplicity-large-06 lifting=False rep=0 solved 0.490s
2026-09-08 07:29:14.207 | INFO     | __main__:main:97 - 682/791 synthetic:syn-set_tuple_position_count-large-02 lifting=True rep=0 solved 1.510s
2026-09-08 07:29:15.720 | INFO     | __main__:main:97 - 682/791 synthetic:syn-set_tuple_position_count-large-02 lifting=False rep=0 solved 1.509s
2026-09-08 07:29:17.227 | INFO     | __main__:main:97 - 686/791 synthetic:syn-set_tuple_position_count-large-06 lifting=True rep=0 solved 1.502s
2026-09-08 07:29:18.730 | INFO     | __main__:main:97 - 686/791 synthetic:syn-set_tuple_position_count-large-06 lifting=False rep=0 solved 1.499s
2026-09-08 07:29:26.188 | INFO     | __main__:main:97 - 690/791 synthetic:syn-bag_tuple_multiplicity-large-02 lifting=True rep=0 solved 7.453s
2026-09-08 07:29:32.859 | INFO     | __main__:main:97 - 690/791 synthetic:syn-bag_tuple_multiplicity-large-02 lifting=False rep=0 solved 6.667s
2026-09-08 07:29:39.374 | INFO     | __main__:main:97 - 694/791 synthetic:syn-bag_tuple_multiplicity-large-06 lifting=True rep=0 solved 6.510s
2026-09-08 07:29:45.977 | INFO     | __main__:main:97 - 694/791 synthetic:syn-bag_tuple_multiplicity-large-06 lifting=False rep=0 solved 6.599s
2026-09-08 07:29:46.466 | INFO     | __main__:main:97 - 698/791 synthetic:syn-set_sequence_patterns-large-02 lifting=True rep=0 solved 0.485s
2026-09-08 07:29:46.955 | INFO     | __main__:main:97 - 698/791 synthetic:syn-set_sequence_patterns-large-02 lifting=False rep=0 solved 0.485s
2026-09-08 07:29:47.775 | INFO     | __main__:main:97 - 702/791 synthetic:syn-set_sequence_patterns-large-06 lifting=True rep=0 solved 0.815s
2026-09-08 07:29:48.591 | INFO     | __main__:main:97 - 702/791 synthetic:syn-set_sequence_patterns-large-06 lifting=False rep=0 solved 0.812s
2026-09-08 07:29:52.206 | INFO     | __main__:main:97 - 706/791 synthetic:syn-bag_sequence_adjacency-large-02 lifting=True rep=0 solved 3.611s
2026-09-08 07:29:55.858 | INFO     | __main__:main:97 - 706/791 synthetic:syn-bag_sequence_adjacency-large-02 lifting=False rep=0 solved 3.647s
2026-09-08 07:29:59.477 | INFO     | __main__:main:97 - 710/791 synthetic:syn-bag_sequence_adjacency-large-06 lifting=True rep=0 solved 3.616s
2026-09-08 07:30:03.095 | INFO     | __main__:main:97 - 710/791 synthetic:syn-bag_sequence_adjacency-large-06 lifting=False rep=0 solved 3.613s
2026-09-08 07:30:03.872 | INFO     | __main__:main:97 - 714/791 synthetic:syn-set_partition_min_size-large-02 lifting=True rep=0 solved 0.773s
2026-09-08 07:30:04.651 | INFO     | __main__:main:97 - 714/791 synthetic:syn-set_partition_min_size-large-02 lifting=False rep=0 solved 0.774s
2026-09-08 07:30:05.377 | INFO     | __main__:main:97 - 718/791 synthetic:syn-set_partition_min_size-large-06 lifting=True rep=0 solved 0.722s
2026-09-08 07:30:06.096 | INFO     | __main__:main:97 - 718/791 synthetic:syn-set_partition_min_size-large-06 lifting=False rep=0 solved 0.714s
2026-09-08 07:30:06.951 | INFO     | __main__:main:97 - 722/791 synthetic:syn-set_composition_sizes-large-02 lifting=True rep=0 solved 0.851s
2026-09-08 07:30:07.809 | INFO     | __main__:main:97 - 722/791 synthetic:syn-set_composition_sizes-large-02 lifting=False rep=0 solved 0.855s
2026-09-08 07:30:08.590 | INFO     | __main__:main:97 - 726/791 synthetic:syn-set_composition_sizes-large-06 lifting=True rep=0 solved 0.776s
2026-09-08 07:30:09.365 | INFO     | __main__:main:97 - 726/791 synthetic:syn-set_composition_sizes-large-06 lifting=False rep=0 solved 0.771s
2026-09-08 07:30:09.837 | INFO     | __main__:main:97 - 730/791 synthetic:syn-dependent_choice_disjoint-large-02 lifting=True rep=0 solved 0.469s
2026-09-08 07:30:10.312 | INFO     | __main__:main:97 - 730/791 synthetic:syn-dependent_choice_disjoint-large-02 lifting=False rep=0 solved 0.470s
2026-09-08 07:30:10.786 | INFO     | __main__:main:97 - 734/791 synthetic:syn-dependent_choice_disjoint-large-06 lifting=True rep=0 solved 0.470s
2026-09-08 07:30:11.257 | INFO     | __main__:main:97 - 734/791 synthetic:syn-dependent_choice_disjoint-large-06 lifting=False rep=0 solved 0.466s
2026-09-08 07:30:12.406 | INFO     | __main__:main:97 - 738/791 synthetic:syn-dependent_tuple_position_count-large-02 lifting=True rep=0 solved 1.145s
2026-09-08 07:30:13.566 | INFO     | __main__:main:97 - 738/791 synthetic:syn-dependent_tuple_position_count-large-02 lifting=False rep=0 solved 1.155s
2026-09-08 07:30:14.705 | INFO     | __main__:main:97 - 742/791 synthetic:syn-dependent_tuple_position_count-large-06 lifting=True rep=0 solved 1.135s
2026-09-08 07:30:15.847 | INFO     | __main__:main:97 - 742/791 synthetic:syn-dependent_tuple_position_count-large-06 lifting=False rep=0 solved 1.138s
2026-09-08 07:30:17.398 | INFO     | __main__:main:97 - 746/791 synthetic:syn-dependent_sequence_patterns-large-02 lifting=True rep=0 solved 1.546s
2026-09-08 07:30:18.966 | INFO     | __main__:main:97 - 746/791 synthetic:syn-dependent_sequence_patterns-large-02 lifting=False rep=0 solved 1.564s
2026-09-08 07:30:20.539 | INFO     | __main__:main:97 - 750/791 synthetic:syn-dependent_sequence_patterns-large-06 lifting=True rep=0 solved 1.569s
2026-09-08 07:30:22.135 | INFO     | __main__:main:97 - 750/791 synthetic:syn-dependent_sequence_patterns-large-06 lifting=False rep=0 solved 1.591s
2026-09-08 07:30:23.100 | INFO     | __main__:main:97 - 754/791 synthetic:syn-dependent_partition_min_size-large-02 lifting=True rep=0 solved 0.960s
2026-09-08 07:30:24.065 | INFO     | __main__:main:97 - 754/791 synthetic:syn-dependent_partition_min_size-large-02 lifting=False rep=0 solved 0.961s
2026-09-08 07:30:25.032 | INFO     | __main__:main:97 - 758/791 synthetic:syn-dependent_partition_min_size-large-06 lifting=True rep=0 solved 0.963s
2026-09-08 07:30:26.004 | INFO     | __main__:main:97 - 758/791 synthetic:syn-dependent_partition_min_size-large-06 lifting=False rep=0 solved 0.967s
2026-09-08 07:30:27.293 | INFO     | __main__:main:97 - 762/791 synthetic:syn-dependent_composition_sizes-large-02 lifting=True rep=0 solved 1.285s
2026-09-08 07:30:28.572 | INFO     | __main__:main:97 - 762/791 synthetic:syn-dependent_composition_sizes-large-02 lifting=False rep=0 solved 1.274s
2026-09-08 07:30:29.402 | INFO     | __main__:main:97 - 766/791 synthetic:syn-dependent_composition_sizes-large-06 lifting=True rep=0 solved 0.825s
2026-09-08 07:30:30.238 | INFO     | __main__:main:97 - 766/791 synthetic:syn-dependent_composition_sizes-large-06 lifting=False rep=0 solved 0.831s
2026-09-08 07:30:36.914 | INFO     | __main__:main:97 - 770/791 synthetic:syn-dependent_bag_tuple-large-02 lifting=True rep=0 solved 6.672s
2026-09-08 07:30:43.596 | INFO     | __main__:main:97 - 770/791 synthetic:syn-dependent_bag_tuple-large-02 lifting=False rep=0 solved 6.676s
2026-09-08 07:30:50.258 | INFO     | __main__:main:97 - 774/791 synthetic:syn-dependent_bag_tuple-large-06 lifting=True rep=0 solved 6.657s
2026-09-08 07:30:56.913 | INFO     | __main__:main:97 - 774/791 synthetic:syn-dependent_bag_tuple-large-06 lifting=False rep=0 solved 6.651s
2026-09-08 07:30:57.375 | INFO     | __main__:main:97 - 778/791 synthetic:syn-nested_choice_chain-large-02 lifting=True rep=0 solved 0.457s
2026-09-08 07:30:57.840 | INFO     | __main__:main:97 - 778/791 synthetic:syn-nested_choice_chain-large-02 lifting=False rep=0 solved 0.460s
2026-09-08 07:30:58.301 | INFO     | __main__:main:97 - 782/791 synthetic:syn-nested_choice_chain-large-06 lifting=True rep=0 solved 0.456s
2026-09-08 07:30:58.764 | INFO     | __main__:main:97 - 782/791 synthetic:syn-nested_choice_chain-large-06 lifting=False rep=0 solved 0.459s
2026-09-08 07:30:59.262 | INFO     | __main__:main:97 - 786/791 synthetic:syn-dependent_selected_subsets-large-02 lifting=True rep=0 solved 0.493s
2026-09-08 07:30:59.766 | INFO     | __main__:main:97 - 786/791 synthetic:syn-dependent_selected_subsets-large-02 lifting=False rep=0 solved 0.500s
2026-09-08 07:31:00.262 | INFO     | __main__:main:97 - 790/791 synthetic:syn-dependent_selected_subsets-large-06 lifting=True rep=0 solved 0.491s
2026-09-08 07:31:00.759 | INFO     | __main__:main:97 - 790/791 synthetic:syn-dependent_selected_subsets-large-06 lifting=False rep=0 solved 0.492s
2026-09-08 07:31:00.760 | INFO     | __main__:main:102 - Complete: {'solved': 402}
