2026-09-08 07:23:33.952 | INFO     | __main__:main:97 - 3/791 real:2 lifting=False rep=0 solved 0.785s
2026-09-08 07:23:34.749 | INFO     | __main__:main:97 - 3/791 real:2 lifting=True rep=0 solved 0.796s
2026-09-08 07:23:35.715 | INFO     | __main__:main:97 - 7/791 real:6 lifting=False rep=0 solved 0.964s
2026-09-08 07:23:36.682 | INFO     | __main__:main:97 - 7/791 real:6 lifting=True rep=0 solved 0.966s
2026-09-08 07:23:37.102 | INFO     | __main__:main:97 - 11/791 real:13 lifting=False rep=0 solved 0.419s
2026-09-08 07:23:37.526 | INFO     | __main__:main:97 - 11/791 real:13 lifting=True rep=0 solved 0.423s
2026-09-08 07:23:37.993 | INFO     | __main__:main:97 - 15/791 real:19 lifting=False rep=0 solved 0.466s
2026-09-08 07:23:38.463 | INFO     | __main__:main:97 - 15/791 real:19 lifting=True rep=0 solved 0.468s
2026-09-08 07:23:38.841 | INFO     | __main__:main:97 - 19/791 real:23 lifting=False rep=0 solved 0.377s
2026-09-08 07:23:39.222 | INFO     | __main__:main:97 - 19/791 real:23 lifting=True rep=0 solved 0.379s
2026-09-08 07:23:39.582 | INFO     | __main__:main:97 - 23/791 real:27 lifting=False rep=0 solved 0.359s
2026-09-08 07:23:39.943 | INFO     | __main__:main:97 - 23/791 real:27 lifting=True rep=0 solved 0.359s
2026-09-08 07:23:40.336 | INFO     | __main__:main:97 - 27/791 real:31 lifting=False rep=0 solved 0.393s
2026-09-08 07:23:40.732 | INFO     | __main__:main:97 - 27/791 real:31 lifting=True rep=0 solved 0.394s
2026-09-08 07:23:41.234 | INFO     | __main__:main:97 - 31/791 real:36 lifting=False rep=0 solved 0.502s
2026-09-08 07:23:41.747 | INFO     | __main__:main:97 - 31/791 real:36 lifting=True rep=0 solved 0.511s
2026-09-08 07:23:42.130 | INFO     | __main__:main:97 - 35/791 real:42 lifting=False rep=0 solved 0.382s
2026-09-08 07:23:42.517 | INFO     | __main__:main:97 - 35/791 real:42 lifting=True rep=0 solved 0.386s
2026-09-08 07:23:44.329 | INFO     | __main__:main:97 - 39/791 real:46 lifting=False rep=0 solved 1.811s
2026-09-08 07:23:46.132 | INFO     | __main__:main:97 - 39/791 real:46 lifting=True rep=0 solved 1.801s
2026-09-08 07:23:46.564 | INFO     | __main__:main:97 - 43/791 real:55 lifting=False rep=0 solved 0.431s
2026-09-08 07:23:47.001 | INFO     | __main__:main:97 - 43/791 real:55 lifting=True rep=0 solved 0.436s
2026-09-08 07:23:47.359 | INFO     | __main__:main:97 - 47/791 real:59 lifting=False rep=0 solved 0.357s
2026-09-08 07:23:47.721 | INFO     | __main__:main:97 - 47/791 real:59 lifting=True rep=0 solved 0.361s
2026-09-08 07:23:48.083 | INFO     | __main__:main:97 - 51/791 real:63 lifting=False rep=0 solved 0.361s
2026-09-08 07:23:48.480 | INFO     | __main__:main:97 - 51/791 real:63 lifting=True rep=0 solved 0.395s
2026-09-08 07:23:49.391 | INFO     | __main__:main:97 - 55/791 real:69 lifting=False rep=0 solved 0.909s
2026-09-08 07:23:50.237 | INFO     | __main__:main:97 - 55/791 real:69 lifting=True rep=0 solved 0.844s
2026-09-08 07:23:51.143 | INFO     | __main__:main:97 - 59/791 real:73 lifting=False rep=0 solved 0.905s
2026-09-08 07:23:52.036 | INFO     | __main__:main:97 - 59/791 real:73 lifting=True rep=0 solved 0.892s
2026-09-08 07:23:52.844 | INFO     | __main__:main:97 - 63/791 real:78 lifting=False rep=0 solved 0.807s
2026-09-08 07:23:53.659 | INFO     | __main__:main:97 - 63/791 real:78 lifting=True rep=0 solved 0.813s
2026-09-08 07:23:54.020 | INFO     | __main__:main:97 - 67/791 real:84 lifting=False rep=0 solved 0.359s
2026-09-08 07:23:54.378 | INFO     | __main__:main:97 - 67/791 real:84 lifting=True rep=0 solved 0.357s
2026-09-08 07:23:54.813 | INFO     | __main__:main:97 - 71/791 real:91 lifting=False rep=0 solved 0.433s
2026-09-08 07:23:55.238 | INFO     | __main__:main:97 - 71/791 real:91 lifting=True rep=0 solved 0.423s
2026-09-08 07:23:56.071 | INFO     | __main__:main:97 - 75/791 real:95 lifting=False rep=0 solved 0.832s
2026-09-08 07:23:56.899 | INFO     | __main__:main:97 - 75/791 real:95 lifting=True rep=0 solved 0.827s
2026-09-08 07:23:57.255 | INFO     | __main__:main:97 - 79/791 real:99 lifting=False rep=0 solved 0.355s
2026-09-08 07:23:57.612 | INFO     | __main__:main:97 - 79/791 real:99 lifting=True rep=0 solved 0.356s
2026-09-08 07:23:57.970 | INFO     | __main__:main:97 - 83/791 real:103 lifting=False rep=0 solved 0.357s
2026-09-08 07:23:58.330 | INFO     | __main__:main:97 - 83/791 real:103 lifting=True rep=0 solved 0.359s
2026-09-08 07:23:58.780 | INFO     | __main__:main:97 - 87/791 real:107 lifting=False rep=0 solved 0.448s
2026-09-08 07:23:59.225 | INFO     | __main__:main:97 - 87/791 real:107 lifting=True rep=0 solved 0.444s
2026-09-08 07:23:59.653 | INFO     | __main__:main:97 - 91/791 real:111 lifting=False rep=0 solved 0.427s
2026-09-08 07:24:00.077 | INFO     | __main__:main:97 - 91/791 real:111 lifting=True rep=0 solved 0.423s
2026-09-08 07:24:00.553 | INFO     | __main__:main:97 - 95/791 real:117 lifting=False rep=0 solved 0.474s
2026-09-08 07:24:01.027 | INFO     | __main__:main:97 - 95/791 real:117 lifting=True rep=0 solved 0.472s
2026-09-08 07:24:01.846 | INFO     | __main__:main:97 - 99/791 real:121 lifting=False rep=0 solved 0.818s
2026-09-08 07:24:02.666 | INFO     | __main__:main:97 - 99/791 real:121 lifting=True rep=0 solved 0.819s
2026-09-08 07:24:03.533 | INFO     | __main__:main:97 - 103/791 real:127 lifting=False rep=0 solved 0.865s
2026-09-08 07:24:04.401 | INFO     | __main__:main:97 - 103/791 real:127 lifting=True rep=0 solved 0.867s
2026-09-08 07:24:05.220 | INFO     | __main__:main:97 - 107/791 real:131 lifting=False rep=0 solved 0.817s
2026-09-08 07:24:06.036 | INFO     | __main__:main:97 - 107/791 real:131 lifting=True rep=0 solved 0.814s
2026-09-08 07:24:06.394 | INFO     | __main__:main:97 - 111/791 real:135 lifting=False rep=0 solved 0.357s
2026-09-08 07:24:06.749 | INFO     | __main__:main:97 - 111/791 real:135 lifting=True rep=0 solved 0.353s
2026-09-08 07:24:07.152 | INFO     | __main__:main:97 - 115/791 real:141 lifting=False rep=0 solved 0.402s
2026-09-08 07:24:07.558 | INFO     | __main__:main:97 - 115/791 real:141 lifting=True rep=0 solved 0.404s
2026-09-08 07:24:08.013 | INFO     | __main__:main:97 - 119/791 real:145 lifting=False rep=0 solved 0.454s
2026-09-08 07:24:08.425 | INFO     | __main__:main:97 - 119/791 real:145 lifting=True rep=0 solved 0.410s
2026-09-08 07:24:09.417 | INFO     | __main__:main:97 - 123/791 real:151 lifting=False rep=0 solved 0.991s
2026-09-08 07:24:10.409 | INFO     | __main__:main:97 - 123/791 real:151 lifting=True rep=0 solved 0.990s
2026-09-08 07:24:10.841 | INFO     | __main__:main:97 - 127/791 real:157 lifting=False rep=0 solved 0.431s
2026-09-08 07:24:11.276 | INFO     | __main__:main:97 - 127/791 real:157 lifting=True rep=0 solved 0.434s
2026-09-08 07:24:11.637 | INFO     | __main__:main:97 - 131/791 real:162 lifting=False rep=0 solved 0.360s
2026-09-08 07:24:11.999 | INFO     | __main__:main:97 - 131/791 real:162 lifting=True rep=0 solved 0.361s
2026-09-08 07:24:12.892 | INFO     | __main__:main:97 - 135/791 real:166 lifting=False rep=0 solved 0.892s
2026-09-08 07:24:13.785 | INFO     | __main__:main:97 - 135/791 real:166 lifting=True rep=0 solved 0.891s
2026-09-08 07:24:14.537 | INFO     | __main__:main:97 - 139/791 real:170 lifting=False rep=0 solved 0.750s
2026-09-08 07:24:15.296 | INFO     | __main__:main:97 - 139/791 real:170 lifting=True rep=0 solved 0.757s
2026-09-08 07:24:15.689 | INFO     | __main__:main:97 - 143/791 real:175 lifting=False rep=0 solved 0.392s
2026-09-08 07:24:16.082 | INFO     | __main__:main:97 - 143/791 real:175 lifting=True rep=0 solved 0.391s
2026-09-08 07:24:16.507 | INFO     | __main__:main:97 - 147/791 real:180 lifting=False rep=0 solved 0.423s
2026-09-08 07:24:16.934 | INFO     | __main__:main:97 - 147/791 real:180 lifting=True rep=0 solved 0.425s
2026-09-08 07:24:17.294 | INFO     | __main__:main:97 - 151/791 real:184 lifting=False rep=0 solved 0.359s
2026-09-08 07:24:17.654 | INFO     | __main__:main:97 - 151/791 real:184 lifting=True rep=0 solved 0.359s
2026-09-08 07:24:18.709 | INFO     | __main__:main:97 - 155/791 real:188 lifting=False rep=0 solved 1.053s
2026-09-08 07:24:19.767 | INFO     | __main__:main:97 - 155/791 real:188 lifting=True rep=0 solved 1.057s
2026-09-08 07:24:21.263 | INFO     | __main__:main:97 - 159/791 real:192 lifting=False rep=0 solved 1.494s
2026-09-08 07:24:22.759 | INFO     | __main__:main:97 - 159/791 real:192 lifting=True rep=0 solved 1.495s
2026-09-08 07:24:23.699 | INFO     | __main__:main:97 - 163/791 real:199 lifting=False rep=0 solved 0.939s
2026-09-08 07:24:24.638 | INFO     | __main__:main:97 - 163/791 real:199 lifting=True rep=0 solved 0.937s
2026-09-08 07:24:25.685 | INFO     | __main__:main:97 - 167/791 real:203 lifting=False rep=0 solved 1.046s
2026-09-08 07:24:26.742 | INFO     | __main__:main:97 - 167/791 real:203 lifting=True rep=0 solved 1.055s
2026-09-08 07:24:27.888 | INFO     | __main__:main:97 - 171/791 real:209 lifting=False rep=0 solved 1.145s
2026-09-08 07:24:29.034 | INFO     | __main__:main:97 - 171/791 real:209 lifting=True rep=0 solved 1.144s
2026-09-08 07:24:29.526 | INFO     | __main__:main:97 - 175/791 real:216 lifting=False rep=0 solved 0.490s
2026-09-08 07:24:30.009 | INFO     | __main__:main:97 - 175/791 real:216 lifting=True rep=0 solved 0.482s
2026-09-08 07:24:30.807 | INFO     | __main__:main:97 - 179/791 real:223 lifting=False rep=0 solved 0.797s
2026-09-08 07:24:31.594 | INFO     | __main__:main:97 - 179/791 real:223 lifting=True rep=0 solved 0.785s
2026-09-08 07:24:31.953 | INFO     | __main__:main:97 - 183/791 real:230 lifting=False rep=0 solved 0.358s
2026-09-08 07:24:32.311 | INFO     | __main__:main:97 - 183/791 real:230 lifting=True rep=0 solved 0.356s
2026-09-08 07:24:33.088 | INFO     | __main__:main:97 - 187/791 real:234 lifting=False rep=0 solved 0.776s
2026-09-08 07:24:33.854 | INFO     | __main__:main:97 - 187/791 real:234 lifting=True rep=0 solved 0.764s
2026-09-08 07:24:34.254 | INFO     | __main__:main:97 - 191/791 real:241 lifting=False rep=0 solved 0.399s
2026-09-08 07:24:34.650 | INFO     | __main__:main:97 - 191/791 real:241 lifting=True rep=0 solved 0.394s
2026-09-08 07:24:35.006 | INFO     | __main__:main:97 - 195/791 real:245 lifting=False rep=0 solved 0.355s
2026-09-08 07:24:35.370 | INFO     | __main__:main:97 - 195/791 real:245 lifting=True rep=0 solved 0.362s
2026-09-08 07:24:36.411 | INFO     | __main__:main:97 - 199/791 real:250 lifting=False rep=0 solved 1.040s
2026-09-08 07:24:37.452 | INFO     | __main__:main:97 - 199/791 real:250 lifting=True rep=0 solved 1.039s
2026-09-08 07:24:38.421 | INFO     | __main__:main:97 - 203/791 real:255 lifting=False rep=0 solved 0.967s
2026-09-08 07:24:39.395 | INFO     | __main__:main:97 - 203/791 real:255 lifting=True rep=0 solved 0.972s
2026-09-08 07:24:39.755 | INFO     | __main__:main:97 - 207/791 real:261 lifting=False rep=0 solved 0.358s
2026-09-08 07:24:40.115 | INFO     | __main__:main:97 - 207/791 real:261 lifting=True rep=0 solved 0.358s
2026-09-08 07:24:40.511 | INFO     | __main__:main:97 - 211/791 real:266 lifting=False rep=0 solved 0.395s
2026-09-08 07:24:40.899 | INFO     | __main__:main:97 - 211/791 real:266 lifting=True rep=0 solved 0.386s
2026-09-08 07:24:41.258 | INFO     | __main__:main:97 - 215/791 real:273 lifting=False rep=0 solved 0.357s
2026-09-08 07:24:41.621 | INFO     | __main__:main:97 - 215/791 real:273 lifting=True rep=0 solved 0.362s
2026-09-08 07:24:42.064 | INFO     | __main__:main:97 - 219/791 real:278 lifting=False rep=0 solved 0.441s
2026-09-08 07:24:42.505 | INFO     | __main__:main:97 - 219/791 real:278 lifting=True rep=0 solved 0.440s
2026-09-08 07:24:42.923 | INFO     | __main__:main:97 - 223/791 real:285 lifting=False rep=0 solved 0.416s
2026-09-08 07:24:43.348 | INFO     | __main__:main:97 - 223/791 real:285 lifting=True rep=0 solved 0.423s
2026-09-08 07:24:44.140 | INFO     | __main__:main:97 - 227/791 real:290 lifting=False rep=0 solved 0.791s
2026-09-08 07:24:44.929 | INFO     | __main__:main:97 - 227/791 real:290 lifting=True rep=0 solved 0.787s
2026-09-08 07:24:45.351 | INFO     | __main__:main:97 - 231/791 real:295 lifting=False rep=0 solved 0.420s
2026-09-08 07:24:45.765 | INFO     | __main__:main:97 - 231/791 real:295 lifting=True rep=0 solved 0.413s
2026-09-08 07:24:46.628 | INFO     | __main__:main:97 - 235/791 real:299 lifting=False rep=0 solved 0.861s
2026-09-08 07:24:47.491 | INFO     | __main__:main:97 - 235/791 real:299 lifting=True rep=0 solved 0.861s
2026-09-08 07:24:48.245 | INFO     | __main__:main:97 - 239/791 real:304 lifting=False rep=0 solved 0.753s
2026-09-08 07:24:48.997 | INFO     | __main__:main:97 - 239/791 real:304 lifting=True rep=0 solved 0.750s
2026-09-08 07:26:29.115 | INFO     | __main__:main:97 - 243/791 real:308 lifting=False rep=0 timeout 100.100s
2026-09-08 07:28:09.236 | INFO     | __main__:main:97 - 243/791 real:308 lifting=True rep=0 timeout 100.102s
2026-09-08 07:28:10.299 | INFO     | __main__:main:97 - 247/791 real:375 lifting=False rep=0 solved 1.061s
2026-09-08 07:28:11.380 | INFO     | __main__:main:97 - 247/791 real:375 lifting=True rep=0 solved 1.079s
2026-09-08 07:28:12.349 | INFO     | __main__:main:97 - 251/791 growing:mathcounts_020 lifting=False rep=0 solved 0.967s
2026-09-08 07:28:13.316 | INFO     | __main__:main:97 - 251/791 growing:mathcounts_020 lifting=True rep=0 solved 0.964s
2026-09-08 07:28:14.291 | INFO     | __main__:main:97 - 255/791 growing:mathcounts_040 lifting=False rep=0 solved 0.973s
2026-09-08 07:28:15.266 | INFO     | __main__:main:97 - 255/791 growing:mathcounts_040 lifting=True rep=0 solved 0.973s
2026-09-08 07:28:16.253 | INFO     | __main__:main:97 - 259/791 growing:mathcounts_060 lifting=False rep=0 solved 0.985s
2026-09-08 07:28:17.251 | INFO     | __main__:main:97 - 259/791 growing:mathcounts_060 lifting=True rep=0 solved 0.995s
2026-09-08 07:28:18.259 | INFO     | __main__:main:97 - 263/791 growing:mathcounts_080 lifting=False rep=0 solved 1.006s
2026-09-08 07:28:19.255 | INFO     | __main__:main:97 - 263/791 growing:mathcounts_080 lifting=True rep=0 solved 0.994s
2026-09-08 07:28:20.273 | INFO     | __main__:main:97 - 267/791 growing:mathcounts_100 lifting=False rep=0 solved 1.016s
2026-09-08 07:28:21.290 | INFO     | __main__:main:97 - 267/791 growing:mathcounts_100 lifting=True rep=0 solved 1.015s
2026-09-08 07:28:22.223 | INFO     | __main__:main:97 - 271/791 growing:fourletter_020 lifting=False rep=0 solved 0.930s
2026-09-08 07:28:23.155 | INFO     | __main__:main:97 - 271/791 growing:fourletter_020 lifting=True rep=0 solved 0.931s
2026-09-08 07:28:24.138 | INFO     | __main__:main:97 - 275/791 growing:fourletter_040 lifting=False rep=0 solved 0.981s
2026-09-08 07:28:25.124 | INFO     | __main__:main:97 - 275/791 growing:fourletter_040 lifting=True rep=0 solved 0.983s
2026-09-08 07:28:26.201 | INFO     | __main__:main:97 - 279/791 growing:fourletter_060 lifting=False rep=0 solved 1.075s
2026-09-08 07:28:27.292 | INFO     | __main__:main:97 - 279/791 growing:fourletter_060 lifting=True rep=0 solved 1.089s
2026-09-08 07:28:28.575 | INFO     | __main__:main:97 - 283/791 growing:fourletter_080 lifting=False rep=0 solved 1.281s
2026-09-08 07:28:29.854 | INFO     | __main__:main:97 - 283/791 growing:fourletter_080 lifting=True rep=0 solved 1.277s
2026-09-08 07:28:31.472 | INFO     | __main__:main:97 - 287/791 growing:fourletter_100 lifting=False rep=0 solved 1.615s
2026-09-08 07:28:33.093 | INFO     | __main__:main:97 - 287/791 growing:fourletter_100 lifting=True rep=0 solved 1.619s
2026-09-08 07:28:33.944 | INFO     | __main__:main:97 - 291/791 growing:tvs_020 lifting=False rep=0 solved 0.849s
2026-09-08 07:28:34.797 | INFO     | __main__:main:97 - 291/791 growing:tvs_020 lifting=True rep=0 solved 0.851s
2026-09-08 07:28:35.660 | INFO     | __main__:main:97 - 295/791 growing:tvs_040 lifting=False rep=0 solved 0.861s
2026-09-08 07:28:36.530 | INFO     | __main__:main:97 - 295/791 growing:tvs_040 lifting=True rep=0 solved 0.868s
2026-09-08 07:28:37.398 | INFO     | __main__:main:97 - 299/791 growing:tvs_060 lifting=False rep=0 solved 0.866s
2026-09-08 07:28:38.261 | INFO     | __main__:main:97 - 299/791 growing:tvs_060 lifting=True rep=0 solved 0.861s
2026-09-08 07:28:39.132 | INFO     | __main__:main:97 - 303/791 growing:tvs_080 lifting=False rep=0 solved 0.868s
2026-09-08 07:28:40.003 | INFO     | __main__:main:97 - 303/791 growing:tvs_080 lifting=True rep=0 solved 0.868s
2026-09-08 07:28:40.879 | INFO     | __main__:main:97 - 307/791 growing:tvs_100 lifting=False rep=0 solved 0.874s
2026-09-08 07:28:41.756 | INFO     | __main__:main:97 - 307/791 growing:tvs_100 lifting=True rep=0 solved 0.875s
2026-09-08 07:28:42.710 | INFO     | __main__:main:97 - 311/791 growing:workers_020 lifting=False rep=0 solved 0.952s
2026-09-08 07:28:43.665 | INFO     | __main__:main:97 - 311/791 growing:workers_020 lifting=True rep=0 solved 0.953s
2026-09-08 07:28:44.621 | INFO     | __main__:main:97 - 315/791 growing:workers_040 lifting=False rep=0 solved 0.954s
2026-09-08 07:28:45.584 | INFO     | __main__:main:97 - 315/791 growing:workers_040 lifting=True rep=0 solved 0.960s
2026-09-08 07:28:46.554 | INFO     | __main__:main:97 - 319/791 growing:workers_060 lifting=False rep=0 solved 0.968s
2026-09-08 07:28:47.521 | INFO     | __main__:main:97 - 319/791 growing:workers_060 lifting=True rep=0 solved 0.965s
2026-09-08 07:28:48.498 | INFO     | __main__:main:97 - 323/791 growing:workers_080 lifting=False rep=0 solved 0.975s
2026-09-08 07:28:49.471 | INFO     | __main__:main:97 - 323/791 growing:workers_080 lifting=True rep=0 solved 0.970s
2026-09-08 07:28:50.453 | INFO     | __main__:main:97 - 327/791 growing:workers_100 lifting=False rep=0 solved 0.980s
2026-09-08 07:28:51.438 | INFO     | __main__:main:97 - 327/791 growing:workers_100 lifting=True rep=0 solved 0.983s
2026-09-08 07:28:52.747 | INFO     | __main__:main:97 - 331/791 growing:banana_020 lifting=False rep=0 solved 1.306s
2026-09-08 07:28:54.054 | INFO     | __main__:main:97 - 331/791 growing:banana_020 lifting=True rep=0 solved 1.305s
2026-09-08 07:28:55.380 | INFO     | __main__:main:97 - 335/791 growing:banana_040 lifting=False rep=0 solved 1.323s
2026-09-08 07:28:56.709 | INFO     | __main__:main:97 - 335/791 growing:banana_040 lifting=True rep=0 solved 1.327s
2026-09-08 07:28:58.124 | INFO     | __main__:main:97 - 339/791 growing:banana_060 lifting=False rep=0 solved 1.412s
2026-09-08 07:28:59.541 | INFO     | __main__:main:97 - 339/791 growing:banana_060 lifting=True rep=0 solved 1.415s
2026-09-08 07:29:00.986 | INFO     | __main__:main:97 - 343/791 growing:banana_080 lifting=False rep=0 solved 1.443s
2026-09-08 07:29:02.442 | INFO     | __main__:main:97 - 343/791 growing:banana_080 lifting=True rep=0 solved 1.454s
2026-09-08 07:29:03.933 | INFO     | __main__:main:97 - 347/791 growing:banana_100 lifting=False rep=0 solved 1.488s
2026-09-08 07:29:05.424 | INFO     | __main__:main:97 - 347/791 growing:banana_100 lifting=True rep=0 solved 1.489s
2026-09-08 07:29:05.891 | INFO     | __main__:main:97 - 351/791 growing:nested_choice_020 lifting=False rep=0 solved 0.464s
2026-09-08 07:29:06.355 | INFO     | __main__:main:97 - 351/791 growing:nested_choice_020 lifting=True rep=0 solved 0.461s
2026-09-08 07:29:06.821 | INFO     | __main__:main:97 - 355/791 growing:nested_choice_040 lifting=False rep=0 solved 0.465s
2026-09-08 07:29:07.292 | INFO     | __main__:main:97 - 355/791 growing:nested_choice_040 lifting=True rep=0 solved 0.468s
2026-09-08 07:29:07.766 | INFO     | __main__:main:97 - 359/791 growing:nested_choice_060 lifting=False rep=0 solved 0.472s
2026-09-08 07:29:08.238 | INFO     | __main__:main:97 - 359/791 growing:nested_choice_060 lifting=True rep=0 solved 0.469s
2026-09-08 07:29:08.718 | INFO     | __main__:main:97 - 363/791 growing:nested_choice_080 lifting=False rep=0 solved 0.476s
2026-09-08 07:29:09.199 | INFO     | __main__:main:97 - 363/791 growing:nested_choice_080 lifting=True rep=0 solved 0.479s
2026-09-08 07:29:09.689 | INFO     | __main__:main:97 - 367/791 growing:nested_choice_100 lifting=False rep=0 solved 0.488s
2026-09-08 07:29:10.182 | INFO     | __main__:main:97 - 367/791 growing:nested_choice_100 lifting=True rep=0 solved 0.490s
2026-09-08 07:29:11.063 | INFO     | __main__:main:97 - 371/791 growing:selected_pairs_020 lifting=False rep=0 solved 0.879s
2026-09-08 07:29:11.944 | INFO     | __main__:main:97 - 371/791 growing:selected_pairs_020 lifting=True rep=0 solved 0.879s
2026-09-08 07:29:12.830 | INFO     | __main__:main:97 - 375/791 growing:selected_pairs_040 lifting=False rep=0 solved 0.883s
2026-09-08 07:29:13.717 | INFO     | __main__:main:97 - 375/791 growing:selected_pairs_040 lifting=True rep=0 solved 0.885s
2026-09-08 07:29:14.610 | INFO     | __main__:main:97 - 379/791 growing:selected_pairs_060 lifting=False rep=0 solved 0.890s
2026-09-08 07:29:15.501 | INFO     | __main__:main:97 - 379/791 growing:selected_pairs_060 lifting=True rep=0 solved 0.889s
2026-09-08 07:29:16.411 | INFO     | __main__:main:97 - 383/791 growing:selected_pairs_080 lifting=False rep=0 solved 0.907s
2026-09-08 07:29:17.314 | INFO     | __main__:main:97 - 383/791 growing:selected_pairs_080 lifting=True rep=0 solved 0.900s
2026-09-08 07:29:18.228 | INFO     | __main__:main:97 - 387/791 growing:selected_pairs_100 lifting=False rep=0 solved 0.912s
2026-09-08 07:29:19.141 | INFO     | __main__:main:97 - 387/791 growing:selected_pairs_100 lifting=True rep=0 solved 0.910s
2026-09-08 07:29:20.044 | INFO     | __main__:main:97 - 391/791 growing:selected_sequence_020 lifting=False rep=0 solved 0.900s
2026-09-08 07:29:20.947 | INFO     | __main__:main:97 - 391/791 growing:selected_sequence_020 lifting=True rep=0 solved 0.900s
2026-09-08 07:29:21.925 | INFO     | __main__:main:97 - 395/791 growing:selected_sequence_040 lifting=False rep=0 solved 0.976s
2026-09-08 07:29:22.901 | INFO     | __main__:main:97 - 395/791 growing:selected_sequence_040 lifting=True rep=0 solved 0.973s
2026-09-08 07:29:23.999 | INFO     | __main__:main:97 - 399/791 growing:selected_sequence_060 lifting=False rep=0 solved 1.095s
2026-09-08 07:29:25.100 | INFO     | __main__:main:97 - 399/791 growing:selected_sequence_060 lifting=True rep=0 solved 1.098s
2026-09-08 07:29:26.379 | INFO     | __main__:main:97 - 403/791 growing:selected_sequence_080 lifting=False rep=0 solved 1.277s
2026-09-08 07:29:27.596 | INFO     | __main__:main:97 - 403/791 growing:selected_sequence_080 lifting=True rep=0 solved 1.215s
2026-09-08 07:29:29.044 | INFO     | __main__:main:97 - 407/791 growing:selected_sequence_100 lifting=False rep=0 solved 1.445s
2026-09-08 07:29:30.443 | INFO     | __main__:main:97 - 407/791 growing:selected_sequence_100 lifting=True rep=0 solved 1.397s
2026-09-08 07:29:31.199 | INFO     | __main__:main:97 - 411/791 synthetic:syn-set_choice_intersection-small-03 lifting=False rep=0 solved 0.752s
2026-09-08 07:29:31.947 | INFO     | __main__:main:97 - 411/791 synthetic:syn-set_choice_intersection-small-03 lifting=True rep=0 solved 0.745s
2026-09-08 07:29:32.697 | INFO     | __main__:main:97 - 415/791 synthetic:syn-set_choice_intersection-small-07 lifting=False rep=0 solved 0.748s
2026-09-08 07:29:33.452 | INFO     | __main__:main:97 - 415/791 synthetic:syn-set_choice_intersection-small-07 lifting=True rep=0 solved 0.752s
2026-09-08 07:29:33.876 | INFO     | __main__:main:97 - 419/791 synthetic:syn-bag_choice_multiplicity-small-03 lifting=False rep=0 solved 0.422s
2026-09-08 07:29:34.304 | INFO     | __main__:main:97 - 419/791 synthetic:syn-bag_choice_multiplicity-small-03 lifting=True rep=0 solved 0.425s
2026-09-08 07:29:34.726 | INFO     | __main__:main:97 - 423/791 synthetic:syn-bag_choice_multiplicity-small-07 lifting=False rep=0 solved 0.420s
2026-09-08 07:29:35.150 | INFO     | __main__:main:97 - 423/791 synthetic:syn-bag_choice_multiplicity-small-07 lifting=True rep=0 solved 0.421s
2026-09-08 07:29:36.396 | INFO     | __main__:main:97 - 427/791 synthetic:syn-set_tuple_position_count-small-03 lifting=False rep=0 solved 1.244s
2026-09-08 07:29:37.663 | INFO     | __main__:main:97 - 427/791 synthetic:syn-set_tuple_position_count-small-03 lifting=True rep=0 solved 1.265s
2026-09-08 07:29:38.925 | INFO     | __main__:main:97 - 431/791 synthetic:syn-set_tuple_position_count-small-07 lifting=False rep=0 solved 1.259s
2026-09-08 07:29:40.187 | INFO     | __main__:main:97 - 431/791 synthetic:syn-set_tuple_position_count-small-07 lifting=True rep=0 solved 1.259s
2026-09-08 07:29:41.058 | INFO     | __main__:main:97 - 435/791 synthetic:syn-bag_tuple_multiplicity-small-03 lifting=False rep=0 solved 0.869s
2026-09-08 07:29:41.922 | INFO     | __main__:main:97 - 435/791 synthetic:syn-bag_tuple_multiplicity-small-03 lifting=True rep=0 solved 0.861s
2026-09-08 07:29:43.821 | INFO     | __main__:main:97 - 439/791 synthetic:syn-bag_tuple_multiplicity-small-07 lifting=False rep=0 solved 1.896s
2026-09-08 07:29:45.705 | INFO     | __main__:main:97 - 439/791 synthetic:syn-bag_tuple_multiplicity-small-07 lifting=True rep=0 solved 1.882s
2026-09-08 07:29:46.188 | INFO     | __main__:main:97 - 443/791 synthetic:syn-set_sequence_patterns-small-03 lifting=False rep=0 solved 0.480s
2026-09-08 07:29:46.674 | INFO     | __main__:main:97 - 443/791 synthetic:syn-set_sequence_patterns-small-03 lifting=True rep=0 solved 0.484s
2026-09-08 07:29:47.208 | INFO     | __main__:main:97 - 447/791 synthetic:syn-set_sequence_patterns-small-07 lifting=False rep=0 solved 0.531s
2026-09-08 07:29:47.744 | INFO     | __main__:main:97 - 447/791 synthetic:syn-set_sequence_patterns-small-07 lifting=True rep=0 solved 0.533s
2026-09-08 07:29:48.310 | INFO     | __main__:main:97 - 451/791 synthetic:syn-bag_sequence_adjacency-small-03 lifting=False rep=0 solved 0.564s
2026-09-08 07:29:48.877 | INFO     | __main__:main:97 - 451/791 synthetic:syn-bag_sequence_adjacency-small-03 lifting=True rep=0 solved 0.565s
2026-09-08 07:29:49.440 | INFO     | __main__:main:97 - 455/791 synthetic:syn-bag_sequence_adjacency-small-07 lifting=False rep=0 solved 0.560s
2026-09-08 07:29:50.007 | INFO     | __main__:main:97 - 455/791 synthetic:syn-bag_sequence_adjacency-small-07 lifting=True rep=0 solved 0.564s
2026-09-08 07:29:50.885 | INFO     | __main__:main:97 - 459/791 synthetic:syn-set_partition_min_size-small-03 lifting=False rep=0 solved 0.875s
2026-09-08 07:29:51.757 | INFO     | __main__:main:97 - 459/791 synthetic:syn-set_partition_min_size-small-03 lifting=True rep=0 solved 0.870s
2026-09-08 07:29:52.474 | INFO     | __main__:main:97 - 463/791 synthetic:syn-set_partition_min_size-small-07 lifting=False rep=0 solved 0.714s
2026-09-08 07:29:53.200 | INFO     | __main__:main:97 - 463/791 synthetic:syn-set_partition_min_size-small-07 lifting=True rep=0 solved 0.723s
2026-09-08 07:29:54.066 | INFO     | __main__:main:97 - 467/791 synthetic:syn-set_composition_sizes-small-03 lifting=False rep=0 solved 0.863s
2026-09-08 07:29:54.952 | INFO     | __main__:main:97 - 467/791 synthetic:syn-set_composition_sizes-small-03 lifting=True rep=0 solved 0.883s
2026-09-08 07:29:55.736 | INFO     | __main__:main:97 - 471/791 synthetic:syn-set_composition_sizes-small-07 lifting=False rep=0 solved 0.782s
2026-09-08 07:29:56.529 | INFO     | __main__:main:97 - 471/791 synthetic:syn-set_composition_sizes-small-07 lifting=True rep=0 solved 0.790s
2026-09-08 07:29:57.003 | INFO     | __main__:main:97 - 475/791 synthetic:syn-dependent_choice_disjoint-small-03 lifting=False rep=0 solved 0.472s
2026-09-08 07:29:57.486 | INFO     | __main__:main:97 - 475/791 synthetic:syn-dependent_choice_disjoint-small-03 lifting=True rep=0 solved 0.480s
2026-09-08 07:29:57.963 | INFO     | __main__:main:97 - 479/791 synthetic:syn-dependent_choice_disjoint-small-07 lifting=False rep=0 solved 0.475s
2026-09-08 07:29:58.438 | INFO     | __main__:main:97 - 479/791 synthetic:syn-dependent_choice_disjoint-small-07 lifting=True rep=0 solved 0.472s
2026-09-08 07:29:59.530 | INFO     | __main__:main:97 - 483/791 synthetic:syn-dependent_tuple_position_count-small-03 lifting=False rep=0 solved 1.088s
2026-09-08 07:30:00.620 | INFO     | __main__:main:97 - 483/791 synthetic:syn-dependent_tuple_position_count-small-03 lifting=True rep=0 solved 1.088s
2026-09-08 07:30:01.708 | INFO     | __main__:main:97 - 487/791 synthetic:syn-dependent_tuple_position_count-small-07 lifting=False rep=0 solved 1.085s
2026-09-08 07:30:02.787 | INFO     | __main__:main:97 - 487/791 synthetic:syn-dependent_tuple_position_count-small-07 lifting=True rep=0 solved 1.076s
2026-09-08 07:30:03.679 | INFO     | __main__:main:97 - 491/791 synthetic:syn-dependent_sequence_patterns-small-03 lifting=False rep=0 solved 0.889s
2026-09-08 07:30:04.575 | INFO     | __main__:main:97 - 491/791 synthetic:syn-dependent_sequence_patterns-small-03 lifting=True rep=0 solved 0.893s
2026-09-08 07:30:05.480 | INFO     | __main__:main:97 - 495/791 synthetic:syn-dependent_sequence_patterns-small-07 lifting=False rep=0 solved 0.903s
2026-09-08 07:30:06.382 | INFO     | __main__:main:97 - 495/791 synthetic:syn-dependent_sequence_patterns-small-07 lifting=True rep=0 solved 0.899s
2026-09-08 07:30:07.156 | INFO     | __main__:main:97 - 499/791 synthetic:syn-dependent_partition_min_size-small-03 lifting=False rep=0 solved 0.771s
2026-09-08 07:30:07.935 | INFO     | __main__:main:97 - 499/791 synthetic:syn-dependent_partition_min_size-small-03 lifting=True rep=0 solved 0.776s
2026-09-08 07:30:08.711 | INFO     | __main__:main:97 - 503/791 synthetic:syn-dependent_partition_min_size-small-07 lifting=False rep=0 solved 0.773s
2026-09-08 07:30:09.489 | INFO     | __main__:main:97 - 503/791 synthetic:syn-dependent_partition_min_size-small-07 lifting=True rep=0 solved 0.775s
2026-09-08 07:30:10.382 | INFO     | __main__:main:97 - 507/791 synthetic:syn-dependent_composition_sizes-small-03 lifting=False rep=0 solved 0.890s
2026-09-08 07:30:11.267 | INFO     | __main__:main:97 - 507/791 synthetic:syn-dependent_composition_sizes-small-03 lifting=True rep=0 solved 0.882s
2026-09-08 07:30:12.479 | INFO     | __main__:main:97 - 511/791 synthetic:syn-dependent_composition_sizes-small-07 lifting=False rep=0 solved 1.209s
2026-09-08 07:30:13.688 | INFO     | __main__:main:97 - 511/791 synthetic:syn-dependent_composition_sizes-small-07 lifting=True rep=0 solved 1.205s
2026-09-08 07:30:15.561 | INFO     | __main__:main:97 - 515/791 synthetic:syn-dependent_bag_tuple-small-03 lifting=False rep=0 solved 1.870s
2026-09-08 07:30:17.453 | INFO     | __main__:main:97 - 515/791 synthetic:syn-dependent_bag_tuple-small-03 lifting=True rep=0 solved 1.889s
2026-09-08 07:30:18.743 | INFO     | __main__:main:97 - 519/791 synthetic:syn-dependent_bag_tuple-small-07 lifting=False rep=0 solved 1.287s
2026-09-08 07:30:20.041 | INFO     | __main__:main:97 - 519/791 synthetic:syn-dependent_bag_tuple-small-07 lifting=True rep=0 solved 1.295s
2026-09-08 07:30:20.498 | INFO     | __main__:main:97 - 523/791 synthetic:syn-nested_choice_chain-small-03 lifting=False rep=0 solved 0.454s
2026-09-08 07:30:20.952 | INFO     | __main__:main:97 - 523/791 synthetic:syn-nested_choice_chain-small-03 lifting=True rep=0 solved 0.451s
2026-09-08 07:30:21.405 | INFO     | __main__:main:97 - 527/791 synthetic:syn-nested_choice_chain-small-07 lifting=False rep=0 solved 0.450s
2026-09-08 07:30:21.859 | INFO     | __main__:main:97 - 527/791 synthetic:syn-nested_choice_chain-small-07 lifting=True rep=0 solved 0.450s
2026-09-08 07:30:22.334 | INFO     | __main__:main:97 - 531/791 synthetic:syn-dependent_selected_subsets-small-03 lifting=False rep=0 solved 0.472s
2026-09-08 07:30:22.810 | INFO     | __main__:main:97 - 531/791 synthetic:syn-dependent_selected_subsets-small-03 lifting=True rep=0 solved 0.473s
2026-09-08 07:30:23.291 | INFO     | __main__:main:97 - 535/791 synthetic:syn-dependent_selected_subsets-small-07 lifting=False rep=0 solved 0.477s
2026-09-08 07:30:23.771 | INFO     | __main__:main:97 - 535/791 synthetic:syn-dependent_selected_subsets-small-07 lifting=True rep=0 solved 0.477s
2026-09-08 07:30:24.551 | INFO     | __main__:main:97 - 539/791 synthetic:syn-set_choice_intersection-medium-03 lifting=False rep=0 solved 0.777s
2026-09-08 07:30:25.328 | INFO     | __main__:main:97 - 539/791 synthetic:syn-set_choice_intersection-medium-03 lifting=True rep=0 solved 0.773s
2026-09-08 07:30:26.112 | INFO     | __main__:main:97 - 543/791 synthetic:syn-set_choice_intersection-medium-07 lifting=False rep=0 solved 0.780s
2026-09-08 07:30:26.907 | INFO     | __main__:main:97 - 543/791 synthetic:syn-set_choice_intersection-medium-07 lifting=True rep=0 solved 0.792s
2026-09-08 07:30:27.352 | INFO     | __main__:main:97 - 547/791 synthetic:syn-bag_choice_multiplicity-medium-03 lifting=False rep=0 solved 0.442s
2026-09-08 07:30:27.796 | INFO     | __main__:main:97 - 547/791 synthetic:syn-bag_choice_multiplicity-medium-03 lifting=True rep=0 solved 0.441s
2026-09-08 07:30:28.240 | INFO     | __main__:main:97 - 551/791 synthetic:syn-bag_choice_multiplicity-medium-07 lifting=False rep=0 solved 0.441s
2026-09-08 07:30:28.685 | INFO     | __main__:main:97 - 551/791 synthetic:syn-bag_choice_multiplicity-medium-07 lifting=True rep=0 solved 0.441s
2026-09-08 07:30:29.996 | INFO     | __main__:main:97 - 555/791 synthetic:syn-set_tuple_position_count-medium-03 lifting=False rep=0 solved 1.308s
2026-09-08 07:30:31.307 | INFO     | __main__:main:97 - 555/791 synthetic:syn-set_tuple_position_count-medium-03 lifting=True rep=0 solved 1.307s
2026-09-08 07:30:32.624 | INFO     | __main__:main:97 - 559/791 synthetic:syn-set_tuple_position_count-medium-07 lifting=False rep=0 solved 1.314s
2026-09-08 07:30:33.952 | INFO     | __main__:main:97 - 559/791 synthetic:syn-set_tuple_position_count-medium-07 lifting=True rep=0 solved 1.325s
2026-09-08 07:30:37.605 | INFO     | __main__:main:97 - 563/791 synthetic:syn-bag_tuple_multiplicity-medium-03 lifting=False rep=0 solved 3.649s
2026-09-08 07:30:41.244 | INFO     | __main__:main:97 - 563/791 synthetic:syn-bag_tuple_multiplicity-medium-03 lifting=True rep=0 solved 3.635s
2026-09-08 07:30:44.887 | INFO     | __main__:main:97 - 567/791 synthetic:syn-bag_tuple_multiplicity-medium-07 lifting=False rep=0 solved 3.640s
2026-09-08 07:30:48.551 | INFO     | __main__:main:97 - 567/791 synthetic:syn-bag_tuple_multiplicity-medium-07 lifting=True rep=0 solved 3.661s
2026-09-08 07:30:49.290 | INFO     | __main__:main:97 - 571/791 synthetic:syn-set_sequence_patterns-medium-03 lifting=False rep=0 solved 0.735s
2026-09-08 07:30:50.031 | INFO     | __main__:main:97 - 571/791 synthetic:syn-set_sequence_patterns-medium-03 lifting=True rep=0 solved 0.737s
2026-09-08 07:30:50.586 | INFO     | __main__:main:97 - 575/791 synthetic:syn-set_sequence_patterns-medium-07 lifting=False rep=0 solved 0.552s
2026-09-08 07:30:51.146 | INFO     | __main__:main:97 - 575/791 synthetic:syn-set_sequence_patterns-medium-07 lifting=True rep=0 solved 0.556s
2026-09-08 07:30:52.376 | INFO     | __main__:main:97 - 579/791 synthetic:syn-bag_sequence_adjacency-medium-03 lifting=False rep=0 solved 1.227s
2026-09-08 07:30:53.596 | INFO     | __main__:main:97 - 579/791 synthetic:syn-bag_sequence_adjacency-medium-03 lifting=True rep=0 solved 1.217s
2026-09-08 07:30:54.816 | INFO     | __main__:main:97 - 583/791 synthetic:syn-bag_sequence_adjacency-medium-07 lifting=False rep=0 solved 1.217s
2026-09-08 07:30:56.036 | INFO     | __main__:main:97 - 583/791 synthetic:syn-bag_sequence_adjacency-medium-07 lifting=True rep=0 solved 1.217s
2026-09-08 07:30:56.828 | INFO     | __main__:main:97 - 587/791 synthetic:syn-set_partition_min_size-medium-03 lifting=False rep=0 solved 0.789s
2026-09-08 07:30:57.622 | INFO     | __main__:main:97 - 587/791 synthetic:syn-set_partition_min_size-medium-03 lifting=True rep=0 solved 0.790s
2026-09-08 07:30:58.516 | INFO     | __main__:main:97 - 591/791 synthetic:syn-set_partition_min_size-medium-07 lifting=False rep=0 solved 0.891s
2026-09-08 07:30:59.421 | INFO     | __main__:main:97 - 591/791 synthetic:syn-set_partition_min_size-medium-07 lifting=True rep=0 solved 0.901s
2026-09-08 07:31:00.229 | INFO     | __main__:main:97 - 595/791 synthetic:syn-set_composition_sizes-medium-03 lifting=False rep=0 solved 0.805s
2026-09-08 07:31:01.037 | INFO     | __main__:main:97 - 595/791 synthetic:syn-set_composition_sizes-medium-03 lifting=True rep=0 solved 0.804s
2026-09-08 07:31:02.223 | INFO     | __main__:main:97 - 599/791 synthetic:syn-set_composition_sizes-medium-07 lifting=False rep=0 solved 1.183s
2026-09-08 07:31:03.386 | INFO     | __main__:main:97 - 599/791 synthetic:syn-set_composition_sizes-medium-07 lifting=True rep=0 solved 1.159s
2026-09-08 07:31:03.857 | INFO     | __main__:main:97 - 603/791 synthetic:syn-dependent_choice_disjoint-medium-03 lifting=False rep=0 solved 0.467s
2026-09-08 07:31:04.325 | INFO     | __main__:main:97 - 603/791 synthetic:syn-dependent_choice_disjoint-medium-03 lifting=True rep=0 solved 0.465s
2026-09-08 07:31:04.794 | INFO     | __main__:main:97 - 607/791 synthetic:syn-dependent_choice_disjoint-medium-07 lifting=False rep=0 solved 0.466s
2026-09-08 07:31:05.263 | INFO     | __main__:main:97 - 607/791 synthetic:syn-dependent_choice_disjoint-medium-07 lifting=True rep=0 solved 0.465s
2026-09-08 07:31:06.376 | INFO     | __main__:main:97 - 611/791 synthetic:syn-dependent_tuple_position_count-medium-03 lifting=False rep=0 solved 1.110s
2026-09-08 07:31:07.483 | INFO     | __main__:main:97 - 611/791 synthetic:syn-dependent_tuple_position_count-medium-03 lifting=True rep=0 solved 1.103s
2026-09-08 07:31:08.580 | INFO     | __main__:main:97 - 615/791 synthetic:syn-dependent_tuple_position_count-medium-07 lifting=False rep=0 solved 1.093s
2026-09-08 07:31:09.678 | INFO     | __main__:main:97 - 615/791 synthetic:syn-dependent_tuple_position_count-medium-07 lifting=True rep=0 solved 1.094s
2026-09-08 07:31:10.578 | INFO     | __main__:main:97 - 619/791 synthetic:syn-dependent_sequence_patterns-medium-03 lifting=False rep=0 solved 0.897s
2026-09-08 07:31:11.480 | INFO     | __main__:main:97 - 619/791 synthetic:syn-dependent_sequence_patterns-medium-03 lifting=True rep=0 solved 0.898s
2026-09-08 07:31:12.825 | INFO     | __main__:main:97 - 623/791 synthetic:syn-dependent_sequence_patterns-medium-07 lifting=False rep=0 solved 1.341s
2026-09-08 07:31:14.181 | INFO     | __main__:main:97 - 623/791 synthetic:syn-dependent_sequence_patterns-medium-07 lifting=True rep=0 solved 1.353s
2026-09-08 07:31:14.960 | INFO     | __main__:main:97 - 627/791 synthetic:syn-dependent_partition_min_size-medium-03 lifting=False rep=0 solved 0.775s
2026-09-08 07:31:15.734 | INFO     | __main__:main:97 - 627/791 synthetic:syn-dependent_partition_min_size-medium-03 lifting=True rep=0 solved 0.770s
2026-09-08 07:31:16.678 | INFO     | __main__:main:97 - 631/791 synthetic:syn-dependent_partition_min_size-medium-07 lifting=False rep=0 solved 0.940s
2026-09-08 07:31:17.626 | INFO     | __main__:main:97 - 631/791 synthetic:syn-dependent_partition_min_size-medium-07 lifting=True rep=0 solved 0.944s
2026-09-08 07:31:18.858 | INFO     | __main__:main:97 - 635/791 synthetic:syn-dependent_composition_sizes-medium-03 lifting=False rep=0 solved 1.229s
2026-09-08 07:31:20.081 | INFO     | __main__:main:97 - 635/791 synthetic:syn-dependent_composition_sizes-medium-03 lifting=True rep=0 solved 1.219s
2026-09-08 07:31:20.892 | INFO     | __main__:main:97 - 639/791 synthetic:syn-dependent_composition_sizes-medium-07 lifting=False rep=0 solved 0.808s
2026-09-08 07:31:21.709 | INFO     | __main__:main:97 - 639/791 synthetic:syn-dependent_composition_sizes-medium-07 lifting=True rep=0 solved 0.813s
2026-09-08 07:31:23.006 | INFO     | __main__:main:97 - 643/791 synthetic:syn-dependent_bag_tuple-medium-03 lifting=False rep=0 solved 1.294s
2026-09-08 07:31:24.304 | INFO     | __main__:main:97 - 643/791 synthetic:syn-dependent_bag_tuple-medium-03 lifting=True rep=0 solved 1.295s
2026-09-08 07:31:25.607 | INFO     | __main__:main:97 - 647/791 synthetic:syn-dependent_bag_tuple-medium-07 lifting=False rep=0 solved 1.299s
2026-09-08 07:31:26.926 | INFO     | __main__:main:97 - 647/791 synthetic:syn-dependent_bag_tuple-medium-07 lifting=True rep=0 solved 1.316s
2026-09-08 07:31:27.377 | INFO     | __main__:main:97 - 651/791 synthetic:syn-nested_choice_chain-medium-03 lifting=False rep=0 solved 0.447s
2026-09-08 07:31:27.837 | INFO     | __main__:main:97 - 651/791 synthetic:syn-nested_choice_chain-medium-03 lifting=True rep=0 solved 0.456s
2026-09-08 07:31:28.286 | INFO     | __main__:main:97 - 655/791 synthetic:syn-nested_choice_chain-medium-07 lifting=False rep=0 solved 0.445s
2026-09-08 07:31:28.733 | INFO     | __main__:main:97 - 655/791 synthetic:syn-nested_choice_chain-medium-07 lifting=True rep=0 solved 0.444s
2026-09-08 07:31:29.203 | INFO     | __main__:main:97 - 659/791 synthetic:syn-dependent_selected_subsets-medium-03 lifting=False rep=0 solved 0.465s
2026-09-08 07:31:29.673 | INFO     | __main__:main:97 - 659/791 synthetic:syn-dependent_selected_subsets-medium-03 lifting=True rep=0 solved 0.466s
2026-09-08 07:31:30.143 | INFO     | __main__:main:97 - 663/791 synthetic:syn-dependent_selected_subsets-medium-07 lifting=False rep=0 solved 0.467s
2026-09-08 07:31:30.610 | INFO     | __main__:main:97 - 663/791 synthetic:syn-dependent_selected_subsets-medium-07 lifting=True rep=0 solved 0.463s
2026-09-08 07:31:31.374 | INFO     | __main__:main:97 - 667/791 synthetic:syn-set_choice_intersection-large-03 lifting=False rep=0 solved 0.760s
2026-09-08 07:31:32.158 | INFO     | __main__:main:97 - 667/791 synthetic:syn-set_choice_intersection-large-03 lifting=True rep=0 solved 0.780s
2026-09-08 07:31:32.925 | INFO     | __main__:main:97 - 671/791 synthetic:syn-set_choice_intersection-large-07 lifting=False rep=0 solved 0.763s
2026-09-08 07:31:33.684 | INFO     | __main__:main:97 - 671/791 synthetic:syn-set_choice_intersection-large-07 lifting=True rep=0 solved 0.755s
2026-09-08 07:31:34.123 | INFO     | __main__:main:97 - 675/791 synthetic:syn-bag_choice_multiplicity-large-03 lifting=False rep=0 solved 0.435s
2026-09-08 07:31:34.558 | INFO     | __main__:main:97 - 675/791 synthetic:syn-bag_choice_multiplicity-large-03 lifting=True rep=0 solved 0.431s
2026-09-08 07:31:34.993 | INFO     | __main__:main:97 - 679/791 synthetic:syn-bag_choice_multiplicity-large-07 lifting=False rep=0 solved 0.432s
2026-09-08 07:31:35.435 | INFO     | __main__:main:97 - 679/791 synthetic:syn-bag_choice_multiplicity-large-07 lifting=True rep=0 solved 0.438s
2026-09-08 07:31:36.757 | INFO     | __main__:main:97 - 683/791 synthetic:syn-set_tuple_position_count-large-03 lifting=False rep=0 solved 1.318s
2026-09-08 07:31:38.075 | INFO     | __main__:main:97 - 683/791 synthetic:syn-set_tuple_position_count-large-03 lifting=True rep=0 solved 1.314s
2026-09-08 07:31:39.399 | INFO     | __main__:main:97 - 687/791 synthetic:syn-set_tuple_position_count-large-07 lifting=False rep=0 solved 1.319s
2026-09-08 07:31:40.718 | INFO     | __main__:main:97 - 687/791 synthetic:syn-set_tuple_position_count-large-07 lifting=True rep=0 solved 1.315s
2026-09-08 07:31:47.237 | INFO     | __main__:main:97 - 691/791 synthetic:syn-bag_tuple_multiplicity-large-03 lifting=False rep=0 solved 6.515s
2026-09-08 07:31:53.727 | INFO     | __main__:main:97 - 691/791 synthetic:syn-bag_tuple_multiplicity-large-03 lifting=True rep=0 solved 6.486s
2026-09-08 07:31:55.008 | INFO     | __main__:main:97 - 695/791 synthetic:syn-bag_tuple_multiplicity-large-07 lifting=False rep=0 solved 1.276s
2026-09-08 07:31:56.291 | INFO     | __main__:main:97 - 695/791 synthetic:syn-bag_tuple_multiplicity-large-07 lifting=True rep=0 solved 1.280s
2026-09-08 07:31:57.097 | INFO     | __main__:main:97 - 699/791 synthetic:syn-set_sequence_patterns-large-03 lifting=False rep=0 solved 0.802s
2026-09-08 07:31:57.901 | INFO     | __main__:main:97 - 699/791 synthetic:syn-set_sequence_patterns-large-03 lifting=True rep=0 solved 0.799s
2026-09-08 07:31:58.380 | INFO     | __main__:main:97 - 703/791 synthetic:syn-set_sequence_patterns-large-07 lifting=False rep=0 solved 0.475s
2026-09-08 07:31:58.858 | INFO     | __main__:main:97 - 703/791 synthetic:syn-set_sequence_patterns-large-07 lifting=True rep=0 solved 0.474s
2026-09-08 07:32:02.395 | INFO     | __main__:main:97 - 707/791 synthetic:syn-bag_sequence_adjacency-large-03 lifting=False rep=0 solved 3.533s
2026-09-08 07:32:05.939 | INFO     | __main__:main:97 - 707/791 synthetic:syn-bag_sequence_adjacency-large-03 lifting=True rep=0 solved 3.540s
2026-09-08 07:32:09.439 | INFO     | __main__:main:97 - 711/791 synthetic:syn-bag_sequence_adjacency-large-07 lifting=False rep=0 solved 3.496s
2026-09-08 07:32:12.940 | INFO     | __main__:main:97 - 711/791 synthetic:syn-bag_sequence_adjacency-large-07 lifting=True rep=0 solved 3.497s
2026-09-08 07:32:13.649 | INFO     | __main__:main:97 - 715/791 synthetic:syn-set_partition_min_size-large-03 lifting=False rep=0 solved 0.705s
2026-09-08 07:32:14.361 | INFO     | __main__:main:97 - 715/791 synthetic:syn-set_partition_min_size-large-03 lifting=True rep=0 solved 0.708s
2026-09-08 07:32:15.073 | INFO     | __main__:main:97 - 719/791 synthetic:syn-set_partition_min_size-large-07 lifting=False rep=0 solved 0.708s
2026-09-08 07:32:15.778 | INFO     | __main__:main:97 - 719/791 synthetic:syn-set_partition_min_size-large-07 lifting=True rep=0 solved 0.701s
2026-09-08 07:32:16.933 | INFO     | __main__:main:97 - 723/791 synthetic:syn-set_composition_sizes-large-03 lifting=False rep=0 solved 1.151s
2026-09-08 07:32:18.096 | INFO     | __main__:main:97 - 723/791 synthetic:syn-set_composition_sizes-large-03 lifting=True rep=0 solved 1.158s
2026-09-08 07:32:19.266 | INFO     | __main__:main:97 - 727/791 synthetic:syn-set_composition_sizes-large-07 lifting=False rep=0 solved 1.166s
2026-09-08 07:32:20.441 | INFO     | __main__:main:97 - 727/791 synthetic:syn-set_composition_sizes-large-07 lifting=True rep=0 solved 1.171s
2026-09-08 07:32:20.917 | INFO     | __main__:main:97 - 731/791 synthetic:syn-dependent_choice_disjoint-large-03 lifting=False rep=0 solved 0.472s
2026-09-08 07:32:21.403 | INFO     | __main__:main:97 - 731/791 synthetic:syn-dependent_choice_disjoint-large-03 lifting=True rep=0 solved 0.482s
2026-09-08 07:32:21.889 | INFO     | __main__:main:97 - 735/791 synthetic:syn-dependent_choice_disjoint-large-07 lifting=False rep=0 solved 0.481s
2026-09-08 07:32:22.369 | INFO     | __main__:main:97 - 735/791 synthetic:syn-dependent_choice_disjoint-large-07 lifting=True rep=0 solved 0.476s
2026-09-08 07:32:23.496 | INFO     | __main__:main:97 - 739/791 synthetic:syn-dependent_tuple_position_count-large-03 lifting=False rep=0 solved 1.123s
2026-09-08 07:32:24.622 | INFO     | __main__:main:97 - 739/791 synthetic:syn-dependent_tuple_position_count-large-03 lifting=True rep=0 solved 1.122s
2026-09-08 07:32:25.753 | INFO     | __main__:main:97 - 743/791 synthetic:syn-dependent_tuple_position_count-large-07 lifting=False rep=0 solved 1.127s
2026-09-08 07:32:26.892 | INFO     | __main__:main:97 - 743/791 synthetic:syn-dependent_tuple_position_count-large-07 lifting=True rep=0 solved 1.134s
2026-09-08 07:32:27.927 | INFO     | __main__:main:97 - 747/791 synthetic:syn-dependent_sequence_patterns-large-03 lifting=False rep=0 solved 1.031s
2026-09-08 07:32:28.963 | INFO     | __main__:main:97 - 747/791 synthetic:syn-dependent_sequence_patterns-large-03 lifting=True rep=0 solved 1.031s
2026-09-08 07:32:29.874 | INFO     | __main__:main:97 - 751/791 synthetic:syn-dependent_sequence_patterns-large-07 lifting=False rep=0 solved 0.907s
2026-09-08 07:32:30.783 | INFO     | __main__:main:97 - 751/791 synthetic:syn-dependent_sequence_patterns-large-07 lifting=True rep=0 solved 0.905s
2026-09-08 07:32:31.621 | INFO     | __main__:main:97 - 755/791 synthetic:syn-dependent_partition_min_size-large-03 lifting=False rep=0 solved 0.834s
2026-09-08 07:32:32.462 | INFO     | __main__:main:97 - 755/791 synthetic:syn-dependent_partition_min_size-large-03 lifting=True rep=0 solved 0.837s
2026-09-08 07:32:33.303 | INFO     | __main__:main:97 - 759/791 synthetic:syn-dependent_partition_min_size-large-07 lifting=False rep=0 solved 0.836s
2026-09-08 07:32:34.144 | INFO     | __main__:main:97 - 759/791 synthetic:syn-dependent_partition_min_size-large-07 lifting=True rep=0 solved 0.837s
2026-09-08 07:32:35.386 | INFO     | __main__:main:97 - 763/791 synthetic:syn-dependent_composition_sizes-large-03 lifting=False rep=0 solved 1.238s
2026-09-08 07:32:36.646 | INFO     | __main__:main:97 - 763/791 synthetic:syn-dependent_composition_sizes-large-03 lifting=True rep=0 solved 1.255s
2026-09-08 07:32:37.657 | INFO     | __main__:main:97 - 767/791 synthetic:syn-dependent_composition_sizes-large-07 lifting=False rep=0 solved 1.007s
2026-09-08 07:32:38.666 | INFO     | __main__:main:97 - 767/791 synthetic:syn-dependent_composition_sizes-large-07 lifting=True rep=0 solved 1.005s
2026-09-08 07:32:45.156 | INFO     | __main__:main:97 - 771/791 synthetic:syn-dependent_bag_tuple-large-03 lifting=False rep=0 solved 6.486s
2026-09-08 07:32:51.621 | INFO     | __main__:main:97 - 771/791 synthetic:syn-dependent_bag_tuple-large-03 lifting=True rep=0 solved 6.460s
2026-09-08 07:32:58.156 | INFO     | __main__:main:97 - 775/791 synthetic:syn-dependent_bag_tuple-large-07 lifting=False rep=0 solved 6.529s
2026-09-08 07:33:04.708 | INFO     | __main__:main:97 - 775/791 synthetic:syn-dependent_bag_tuple-large-07 lifting=True rep=0 solved 6.547s
2026-09-08 07:33:05.161 | INFO     | __main__:main:97 - 779/791 synthetic:syn-nested_choice_chain-large-03 lifting=False rep=0 solved 0.449s
2026-09-08 07:33:05.616 | INFO     | __main__:main:97 - 779/791 synthetic:syn-nested_choice_chain-large-03 lifting=True rep=0 solved 0.450s
2026-09-08 07:33:06.064 | INFO     | __main__:main:97 - 783/791 synthetic:syn-nested_choice_chain-large-07 lifting=False rep=0 solved 0.444s
2026-09-08 07:33:06.517 | INFO     | __main__:main:97 - 783/791 synthetic:syn-nested_choice_chain-large-07 lifting=True rep=0 solved 0.448s
2026-09-08 07:33:06.990 | INFO     | __main__:main:97 - 787/791 synthetic:syn-dependent_selected_subsets-large-03 lifting=False rep=0 solved 0.469s
2026-09-08 07:33:07.472 | INFO     | __main__:main:97 - 787/791 synthetic:syn-dependent_selected_subsets-large-03 lifting=True rep=0 solved 0.477s
2026-09-08 07:33:07.951 | INFO     | __main__:main:97 - 791/791 synthetic:syn-dependent_selected_subsets-large-07 lifting=False rep=0 solved 0.475s
2026-09-08 07:33:08.423 | INFO     | __main__:main:97 - 791/791 synthetic:syn-dependent_selected_subsets-large-07 lifting=True rep=0 solved 0.467s
2026-09-08 07:33:08.424 | INFO     | __main__:main:102 - Complete: {'solved': 394, 'timeout': 2}
