2026-09-08 07:23:33.525 | INFO     | __main__:main:97 - 1/791 real:0 lifting=False rep=0 solved 0.361s
2026-09-08 07:23:33.906 | INFO     | __main__:main:97 - 1/791 real:0 lifting=True rep=0 solved 0.378s
2026-09-08 07:23:35.013 | INFO     | __main__:main:97 - 5/791 real:4 lifting=False rep=0 solved 1.106s
2026-09-08 07:23:36.110 | INFO     | __main__:main:97 - 5/791 real:4 lifting=True rep=0 solved 1.096s
2026-09-08 07:23:36.574 | INFO     | __main__:main:97 - 9/791 real:11 lifting=False rep=0 solved 0.462s
2026-09-08 07:23:37.032 | INFO     | __main__:main:97 - 9/791 real:11 lifting=True rep=0 solved 0.457s
2026-09-08 07:23:37.450 | INFO     | __main__:main:97 - 13/791 real:15 lifting=False rep=0 solved 0.416s
2026-09-08 07:23:37.862 | INFO     | __main__:main:97 - 13/791 real:15 lifting=True rep=0 solved 0.411s
2026-09-08 07:23:38.323 | INFO     | __main__:main:97 - 17/791 real:21 lifting=False rep=0 solved 0.459s
2026-09-08 07:23:38.774 | INFO     | __main__:main:97 - 17/791 real:21 lifting=True rep=0 solved 0.450s
2026-09-08 07:23:39.252 | INFO     | __main__:main:97 - 21/791 real:25 lifting=False rep=0 solved 0.477s
2026-09-08 07:23:39.727 | INFO     | __main__:main:97 - 21/791 real:25 lifting=True rep=0 solved 0.474s
2026-09-08 07:23:40.224 | INFO     | __main__:main:97 - 25/791 real:29 lifting=False rep=0 solved 0.496s
2026-09-08 07:23:40.728 | INFO     | __main__:main:97 - 25/791 real:29 lifting=True rep=0 solved 0.503s
2026-09-08 07:23:41.171 | INFO     | __main__:main:97 - 29/791 real:34 lifting=False rep=0 solved 0.441s
2026-09-08 07:23:41.625 | INFO     | __main__:main:97 - 29/791 real:34 lifting=True rep=0 solved 0.453s
2026-09-08 07:23:42.136 | INFO     | __main__:main:97 - 33/791 real:40 lifting=False rep=0 solved 0.509s
2026-09-08 07:23:42.649 | INFO     | __main__:main:97 - 33/791 real:40 lifting=True rep=0 solved 0.512s
2026-09-08 07:23:43.061 | INFO     | __main__:main:97 - 37/791 real:44 lifting=False rep=0 solved 0.411s
2026-09-08 07:23:43.479 | INFO     | __main__:main:97 - 37/791 real:44 lifting=True rep=0 solved 0.416s
2026-09-08 07:23:44.151 | INFO     | __main__:main:97 - 41/791 real:49 lifting=False rep=0 solved 0.671s
2026-09-08 07:23:44.821 | INFO     | __main__:main:97 - 41/791 real:49 lifting=True rep=0 solved 0.668s
2026-09-08 07:23:45.291 | INFO     | __main__:main:97 - 45/791 real:57 lifting=False rep=0 solved 0.468s
2026-09-08 07:23:45.757 | INFO     | __main__:main:97 - 45/791 real:57 lifting=True rep=0 solved 0.466s
2026-09-08 07:23:46.220 | INFO     | __main__:main:97 - 49/791 real:61 lifting=False rep=0 solved 0.462s
2026-09-08 07:23:46.686 | INFO     | __main__:main:97 - 49/791 real:61 lifting=True rep=0 solved 0.464s
2026-09-08 07:23:47.211 | INFO     | __main__:main:97 - 53/791 real:66 lifting=False rep=0 solved 0.523s
2026-09-08 07:23:47.737 | INFO     | __main__:main:97 - 53/791 real:66 lifting=True rep=0 solved 0.526s
2026-09-08 07:23:48.107 | INFO     | __main__:main:97 - 57/791 real:71 lifting=False rep=0 solved 0.368s
2026-09-08 07:23:48.530 | INFO     | __main__:main:97 - 57/791 real:71 lifting=True rep=0 solved 0.422s
2026-09-08 07:23:49.471 | INFO     | __main__:main:97 - 61/791 real:75 lifting=False rep=0 solved 0.940s
2026-09-08 07:23:50.425 | INFO     | __main__:main:97 - 61/791 real:75 lifting=True rep=0 solved 0.953s
2026-09-08 07:23:51.260 | INFO     | __main__:main:97 - 65/791 real:81 lifting=False rep=0 solved 0.833s
2026-09-08 07:23:52.080 | INFO     | __main__:main:97 - 65/791 real:81 lifting=True rep=0 solved 0.819s
2026-09-08 07:23:52.957 | INFO     | __main__:main:97 - 69/791 real:86 lifting=False rep=0 solved 0.875s
2026-09-08 07:23:53.834 | INFO     | __main__:main:97 - 69/791 real:86 lifting=True rep=0 solved 0.876s
2026-09-08 07:23:54.588 | INFO     | __main__:main:97 - 73/791 real:93 lifting=False rep=0 solved 0.752s
2026-09-08 07:23:55.367 | INFO     | __main__:main:97 - 73/791 real:93 lifting=True rep=0 solved 0.778s
2026-09-08 07:23:55.700 | INFO     | __main__:main:97 - 77/791 real:97 lifting=False rep=0 solved 0.332s
2026-09-08 07:23:56.043 | INFO     | __main__:main:97 - 77/791 real:97 lifting=True rep=0 solved 0.341s
2026-09-08 07:23:56.466 | INFO     | __main__:main:97 - 81/791 real:101 lifting=False rep=0 solved 0.422s
2026-09-08 07:23:56.893 | INFO     | __main__:main:97 - 81/791 real:101 lifting=True rep=0 solved 0.426s
2026-09-08 07:23:57.302 | INFO     | __main__:main:97 - 85/791 real:105 lifting=False rep=0 solved 0.408s
2026-09-08 07:23:57.708 | INFO     | __main__:main:97 - 85/791 real:105 lifting=True rep=0 solved 0.404s
2026-09-08 07:23:58.583 | INFO     | __main__:main:97 - 89/791 real:109 lifting=False rep=0 solved 0.873s
2026-09-08 07:23:59.464 | INFO     | __main__:main:97 - 89/791 real:109 lifting=True rep=0 solved 0.879s
2026-09-08 07:23:59.826 | INFO     | __main__:main:97 - 93/791 real:114 lifting=False rep=0 solved 0.361s
2026-09-08 07:24:00.194 | INFO     | __main__:main:97 - 93/791 real:114 lifting=True rep=0 solved 0.366s
2026-09-08 07:24:00.640 | INFO     | __main__:main:97 - 97/791 real:119 lifting=False rep=0 solved 0.444s
2026-09-08 07:24:01.084 | INFO     | __main__:main:97 - 97/791 real:119 lifting=True rep=0 solved 0.443s
2026-09-08 07:24:01.458 | INFO     | __main__:main:97 - 101/791 real:125 lifting=False rep=0 solved 0.373s
2026-09-08 07:24:01.840 | INFO     | __main__:main:97 - 101/791 real:125 lifting=True rep=0 solved 0.380s
2026-09-08 07:24:02.403 | INFO     | __main__:main:97 - 105/791 real:129 lifting=False rep=0 solved 0.562s
2026-09-08 07:24:02.972 | INFO     | __main__:main:97 - 105/791 real:129 lifting=True rep=0 solved 0.567s
2026-09-08 07:24:03.346 | INFO     | __main__:main:97 - 109/791 real:133 lifting=False rep=0 solved 0.373s
2026-09-08 07:24:03.715 | INFO     | __main__:main:97 - 109/791 real:133 lifting=True rep=0 solved 0.368s
2026-09-08 07:24:04.240 | INFO     | __main__:main:97 - 113/791 real:138 lifting=False rep=0 solved 0.524s
2026-09-08 07:24:04.765 | INFO     | __main__:main:97 - 113/791 real:138 lifting=True rep=0 solved 0.524s
2026-09-08 07:24:05.575 | INFO     | __main__:main:97 - 117/791 real:143 lifting=False rep=0 solved 0.808s
2026-09-08 07:24:06.383 | INFO     | __main__:main:97 - 117/791 real:143 lifting=True rep=0 solved 0.807s
2026-09-08 07:24:07.452 | INFO     | __main__:main:97 - 121/791 real:147 lifting=False rep=0 solved 1.068s
2026-09-08 07:24:08.596 | INFO     | __main__:main:97 - 121/791 real:147 lifting=True rep=0 solved 1.142s
2026-09-08 07:24:08.966 | INFO     | __main__:main:97 - 125/791 real:153 lifting=False rep=0 solved 0.368s
2026-09-08 07:24:09.334 | INFO     | __main__:main:97 - 125/791 real:153 lifting=True rep=0 solved 0.367s
2026-09-08 07:24:10.710 | INFO     | __main__:main:97 - 129/791 real:160 lifting=False rep=0 solved 1.374s
2026-09-08 07:24:12.095 | INFO     | __main__:main:97 - 129/791 real:160 lifting=True rep=0 solved 1.383s
2026-09-08 07:24:12.826 | INFO     | __main__:main:97 - 133/791 real:164 lifting=False rep=0 solved 0.730s
2026-09-08 07:24:13.556 | INFO     | __main__:main:97 - 133/791 real:164 lifting=True rep=0 solved 0.728s
2026-09-08 07:24:14.490 | INFO     | __main__:main:97 - 137/791 real:168 lifting=False rep=0 solved 0.932s
2026-09-08 07:24:15.425 | INFO     | __main__:main:97 - 137/791 real:168 lifting=True rep=0 solved 0.933s
2026-09-08 07:24:43.117 | INFO     | __main__:main:97 - 141/791 real:172 lifting=False rep=0 solved 27.691s
2026-09-08 07:25:11.255 | INFO     | __main__:main:97 - 141/791 real:172 lifting=True rep=0 solved 28.136s
2026-09-08 07:25:12.438 | INFO     | __main__:main:97 - 145/791 real:178 lifting=False rep=0 solved 1.181s
2026-09-08 07:25:13.623 | INFO     | __main__:main:97 - 145/791 real:178 lifting=True rep=0 solved 1.184s
2026-09-08 07:25:14.800 | INFO     | __main__:main:97 - 149/791 real:182 lifting=False rep=0 solved 1.176s
2026-09-08 07:25:15.989 | INFO     | __main__:main:97 - 149/791 real:182 lifting=True rep=0 solved 1.187s
2026-09-08 07:25:16.910 | INFO     | __main__:main:97 - 153/791 real:186 lifting=False rep=0 solved 0.920s
2026-09-08 07:25:17.828 | INFO     | __main__:main:97 - 153/791 real:186 lifting=True rep=0 solved 0.916s
2026-09-08 07:25:18.207 | INFO     | __main__:main:97 - 157/791 real:190 lifting=False rep=0 solved 0.378s
2026-09-08 07:25:18.578 | INFO     | __main__:main:97 - 157/791 real:190 lifting=True rep=0 solved 0.370s
2026-09-08 07:25:19.347 | INFO     | __main__:main:97 - 161/791 real:194 lifting=False rep=0 solved 0.767s
2026-09-08 07:25:20.120 | INFO     | __main__:main:97 - 161/791 real:194 lifting=True rep=0 solved 0.772s
2026-09-08 07:25:21.181 | INFO     | __main__:main:97 - 165/791 real:201 lifting=False rep=0 solved 1.060s
2026-09-08 07:25:22.262 | INFO     | __main__:main:97 - 165/791 real:201 lifting=True rep=0 solved 1.079s
2026-09-08 07:25:36.510 | INFO     | __main__:main:97 - 169/791 real:207 lifting=False rep=0 solved 14.246s
2026-09-08 07:25:50.857 | INFO     | __main__:main:97 - 169/791 real:207 lifting=True rep=0 solved 14.346s
2026-09-08 07:25:51.351 | INFO     | __main__:main:97 - 173/791 real:212 lifting=False rep=0 solved 0.492s
2026-09-08 07:25:51.843 | INFO     | __main__:main:97 - 173/791 real:212 lifting=True rep=0 solved 0.490s
2026-09-08 07:25:52.289 | INFO     | __main__:main:97 - 177/791 real:221 lifting=False rep=0 solved 0.445s
2026-09-08 07:25:52.738 | INFO     | __main__:main:97 - 177/791 real:221 lifting=True rep=0 solved 0.447s
2026-09-08 07:25:53.530 | INFO     | __main__:main:97 - 181/791 real:227 lifting=False rep=0 solved 0.790s
2026-09-08 07:25:54.328 | INFO     | __main__:main:97 - 181/791 real:227 lifting=True rep=0 solved 0.796s
2026-09-08 07:25:55.400 | INFO     | __main__:main:97 - 185/791 real:232 lifting=False rep=0 solved 1.070s
2026-09-08 07:25:56.470 | INFO     | __main__:main:97 - 185/791 real:232 lifting=True rep=0 solved 1.069s
2026-09-08 07:25:57.371 | INFO     | __main__:main:97 - 189/791 real:238 lifting=False rep=0 solved 0.899s
2026-09-08 07:25:58.258 | INFO     | __main__:main:97 - 189/791 real:238 lifting=True rep=0 solved 0.885s
2026-09-08 07:25:58.538 | INFO     | __main__:main:97 - 193/791 real:243 lifting=False rep=0 solved 0.278s
2026-09-08 07:25:58.821 | INFO     | __main__:main:97 - 193/791 real:243 lifting=True rep=0 solved 0.281s
2026-09-08 07:26:00.178 | INFO     | __main__:main:97 - 197/791 real:248 lifting=False rep=0 solved 1.356s
2026-09-08 07:26:01.570 | INFO     | __main__:main:97 - 197/791 real:248 lifting=True rep=0 solved 1.391s
2026-09-08 07:26:02.392 | INFO     | __main__:main:97 - 201/791 real:253 lifting=False rep=0 solved 0.820s
2026-09-08 07:26:03.226 | INFO     | __main__:main:97 - 201/791 real:253 lifting=True rep=0 solved 0.832s
2026-09-08 07:26:03.607 | INFO     | __main__:main:97 - 205/791 real:258 lifting=False rep=0 solved 0.379s
2026-09-08 07:26:03.983 | INFO     | __main__:main:97 - 205/791 real:258 lifting=True rep=0 solved 0.374s
2026-09-08 07:26:04.731 | INFO     | __main__:main:97 - 209/791 real:264 lifting=False rep=0 solved 0.746s
2026-09-08 07:26:05.485 | INFO     | __main__:main:97 - 209/791 real:264 lifting=True rep=0 solved 0.752s
2026-09-08 07:26:06.390 | INFO     | __main__:main:97 - 213/791 real:271 lifting=False rep=0 solved 0.904s
2026-09-08 07:26:07.342 | INFO     | __main__:main:97 - 213/791 real:271 lifting=True rep=0 solved 0.950s
2026-09-08 07:26:08.186 | INFO     | __main__:main:97 - 217/791 real:275 lifting=False rep=0 solved 0.842s
2026-09-08 07:26:09.018 | INFO     | __main__:main:97 - 217/791 real:275 lifting=True rep=0 solved 0.831s
2026-09-08 07:26:09.590 | INFO     | __main__:main:97 - 221/791 real:280 lifting=False rep=0 solved 0.570s
2026-09-08 07:26:10.149 | INFO     | __main__:main:97 - 221/791 real:280 lifting=True rep=0 solved 0.557s
2026-09-08 07:26:10.524 | INFO     | __main__:main:97 - 225/791 real:287 lifting=False rep=0 solved 0.373s
2026-09-08 07:26:10.895 | INFO     | __main__:main:97 - 225/791 real:287 lifting=True rep=0 solved 0.369s
2026-09-08 07:26:11.290 | INFO     | __main__:main:97 - 229/791 real:292 lifting=False rep=0 solved 0.394s
2026-09-08 07:26:11.685 | INFO     | __main__:main:97 - 229/791 real:292 lifting=True rep=0 solved 0.393s
2026-09-08 07:26:12.382 | INFO     | __main__:main:97 - 233/791 real:297 lifting=False rep=0 solved 0.695s
2026-09-08 07:26:13.077 | INFO     | __main__:main:97 - 233/791 real:297 lifting=True rep=0 solved 0.693s
2026-09-08 07:26:13.546 | INFO     | __main__:main:97 - 237/791 real:301 lifting=False rep=0 solved 0.467s
2026-09-08 07:26:14.034 | INFO     | __main__:main:97 - 237/791 real:301 lifting=True rep=0 solved 0.485s
2026-09-08 07:26:14.558 | INFO     | __main__:main:97 - 241/791 real:306 lifting=False rep=0 solved 0.522s
2026-09-08 07:26:15.064 | INFO     | __main__:main:97 - 241/791 real:306 lifting=True rep=0 solved 0.504s
2026-09-08 07:26:16.025 | INFO     | __main__:main:97 - 245/791 real:335 lifting=False rep=0 solved 0.960s
2026-09-08 07:26:16.981 | INFO     | __main__:main:97 - 245/791 real:335 lifting=True rep=0 solved 0.954s
2026-09-08 07:26:17.843 | INFO     | __main__:main:97 - 249/791 growing:mathcounts_010 lifting=False rep=0 solved 0.860s
2026-09-08 07:26:18.711 | INFO     | __main__:main:97 - 249/791 growing:mathcounts_010 lifting=True rep=0 solved 0.866s
2026-09-08 07:26:19.586 | INFO     | __main__:main:97 - 253/791 growing:mathcounts_030 lifting=False rep=0 solved 0.873s
2026-09-08 07:26:20.462 | INFO     | __main__:main:97 - 253/791 growing:mathcounts_030 lifting=True rep=0 solved 0.874s
2026-09-08 07:26:21.349 | INFO     | __main__:main:97 - 257/791 growing:mathcounts_050 lifting=False rep=0 solved 0.886s
2026-09-08 07:26:22.233 | INFO     | __main__:main:97 - 257/791 growing:mathcounts_050 lifting=True rep=0 solved 0.881s
2026-09-08 07:26:23.128 | INFO     | __main__:main:97 - 261/791 growing:mathcounts_070 lifting=False rep=0 solved 0.893s
2026-09-08 07:26:24.014 | INFO     | __main__:main:97 - 261/791 growing:mathcounts_070 lifting=True rep=0 solved 0.884s
2026-09-08 07:26:24.915 | INFO     | __main__:main:97 - 265/791 growing:mathcounts_090 lifting=False rep=0 solved 0.899s
2026-09-08 07:26:25.803 | INFO     | __main__:main:97 - 265/791 growing:mathcounts_090 lifting=True rep=0 solved 0.886s
2026-09-08 07:26:26.650 | INFO     | __main__:main:97 - 269/791 growing:fourletter_010 lifting=False rep=0 solved 0.846s
2026-09-08 07:26:27.482 | INFO     | __main__:main:97 - 269/791 growing:fourletter_010 lifting=True rep=0 solved 0.830s
2026-09-08 07:26:28.337 | INFO     | __main__:main:97 - 273/791 growing:fourletter_030 lifting=False rep=0 solved 0.853s
2026-09-08 07:26:29.194 | INFO     | __main__:main:97 - 273/791 growing:fourletter_030 lifting=True rep=0 solved 0.855s
2026-09-08 07:26:30.127 | INFO     | __main__:main:97 - 277/791 growing:fourletter_050 lifting=False rep=0 solved 0.931s
2026-09-08 07:26:31.044 | INFO     | __main__:main:97 - 277/791 growing:fourletter_050 lifting=True rep=0 solved 0.915s
2026-09-08 07:26:32.080 | INFO     | __main__:main:97 - 281/791 growing:fourletter_070 lifting=False rep=0 solved 1.034s
2026-09-08 07:26:33.136 | INFO     | __main__:main:97 - 281/791 growing:fourletter_070 lifting=True rep=0 solved 1.054s
2026-09-08 07:26:34.412 | INFO     | __main__:main:97 - 285/791 growing:fourletter_090 lifting=False rep=0 solved 1.274s
2026-09-08 07:26:35.679 | INFO     | __main__:main:97 - 285/791 growing:fourletter_090 lifting=True rep=0 solved 1.265s
2026-09-08 07:26:36.451 | INFO     | __main__:main:97 - 289/791 growing:tvs_010 lifting=False rep=0 solved 0.770s
2026-09-08 07:26:37.226 | INFO     | __main__:main:97 - 289/791 growing:tvs_010 lifting=True rep=0 solved 0.773s
2026-09-08 07:26:38.019 | INFO     | __main__:main:97 - 293/791 growing:tvs_030 lifting=False rep=0 solved 0.790s
2026-09-08 07:26:38.808 | INFO     | __main__:main:97 - 293/791 growing:tvs_030 lifting=True rep=0 solved 0.787s
2026-09-08 07:26:39.585 | INFO     | __main__:main:97 - 297/791 growing:tvs_050 lifting=False rep=0 solved 0.776s
2026-09-08 07:26:40.386 | INFO     | __main__:main:97 - 297/791 growing:tvs_050 lifting=True rep=0 solved 0.799s
2026-09-08 07:26:41.159 | INFO     | __main__:main:97 - 301/791 growing:tvs_070 lifting=False rep=0 solved 0.771s
2026-09-08 07:26:41.936 | INFO     | __main__:main:97 - 301/791 growing:tvs_070 lifting=True rep=0 solved 0.775s
2026-09-08 07:26:42.715 | INFO     | __main__:main:97 - 305/791 growing:tvs_090 lifting=False rep=0 solved 0.777s
2026-09-08 07:26:43.508 | INFO     | __main__:main:97 - 305/791 growing:tvs_090 lifting=True rep=0 solved 0.791s
2026-09-08 07:26:44.367 | INFO     | __main__:main:97 - 309/791 growing:workers_010 lifting=False rep=0 solved 0.857s
2026-09-08 07:26:45.221 | INFO     | __main__:main:97 - 309/791 growing:workers_010 lifting=True rep=0 solved 0.852s
2026-09-08 07:26:46.082 | INFO     | __main__:main:97 - 313/791 growing:workers_030 lifting=False rep=0 solved 0.859s
2026-09-08 07:26:46.949 | INFO     | __main__:main:97 - 313/791 growing:workers_030 lifting=True rep=0 solved 0.865s
2026-09-08 07:26:47.819 | INFO     | __main__:main:97 - 317/791 growing:workers_050 lifting=False rep=0 solved 0.868s
2026-09-08 07:26:48.695 | INFO     | __main__:main:97 - 317/791 growing:workers_050 lifting=True rep=0 solved 0.873s
2026-09-08 07:26:49.577 | INFO     | __main__:main:97 - 321/791 growing:workers_070 lifting=False rep=0 solved 0.880s
2026-09-08 07:26:50.460 | INFO     | __main__:main:97 - 321/791 growing:workers_070 lifting=True rep=0 solved 0.881s
2026-09-08 07:26:51.358 | INFO     | __main__:main:97 - 325/791 growing:workers_090 lifting=False rep=0 solved 0.896s
2026-09-08 07:26:52.259 | INFO     | __main__:main:97 - 325/791 growing:workers_090 lifting=True rep=0 solved 0.899s
2026-09-08 07:26:53.206 | INFO     | __main__:main:97 - 329/791 growing:banana_010 lifting=False rep=0 solved 0.945s
2026-09-08 07:26:54.254 | INFO     | __main__:main:97 - 329/791 growing:banana_010 lifting=True rep=0 solved 1.045s
2026-09-08 07:26:55.598 | INFO     | __main__:main:97 - 333/791 growing:banana_030 lifting=False rep=0 solved 1.341s
2026-09-08 07:26:56.944 | INFO     | __main__:main:97 - 333/791 growing:banana_030 lifting=True rep=0 solved 1.344s
2026-09-08 07:26:58.301 | INFO     | __main__:main:97 - 337/791 growing:banana_050 lifting=False rep=0 solved 1.355s
2026-09-08 07:26:59.653 | INFO     | __main__:main:97 - 337/791 growing:banana_050 lifting=True rep=0 solved 1.350s
2026-09-08 07:27:01.104 | INFO     | __main__:main:97 - 341/791 growing:banana_070 lifting=False rep=0 solved 1.448s
2026-09-08 07:27:02.665 | INFO     | __main__:main:97 - 341/791 growing:banana_070 lifting=True rep=0 solved 1.559s
2026-09-08 07:27:04.422 | INFO     | __main__:main:97 - 345/791 growing:banana_090 lifting=False rep=0 solved 1.754s
2026-09-08 07:27:06.209 | INFO     | __main__:main:97 - 345/791 growing:banana_090 lifting=True rep=0 solved 1.783s
2026-09-08 07:27:06.735 | INFO     | __main__:main:97 - 349/791 growing:nested_choice_010 lifting=False rep=0 solved 0.524s
2026-09-08 07:27:07.226 | INFO     | __main__:main:97 - 349/791 growing:nested_choice_010 lifting=True rep=0 solved 0.488s
2026-09-08 07:27:07.725 | INFO     | __main__:main:97 - 353/791 growing:nested_choice_030 lifting=False rep=0 solved 0.496s
2026-09-08 07:27:08.221 | INFO     | __main__:main:97 - 353/791 growing:nested_choice_030 lifting=True rep=0 solved 0.493s
2026-09-08 07:27:08.720 | INFO     | __main__:main:97 - 357/791 growing:nested_choice_050 lifting=False rep=0 solved 0.496s
2026-09-08 07:27:09.207 | INFO     | __main__:main:97 - 357/791 growing:nested_choice_050 lifting=True rep=0 solved 0.485s
2026-09-08 07:27:09.696 | INFO     | __main__:main:97 - 361/791 growing:nested_choice_070 lifting=False rep=0 solved 0.486s
2026-09-08 07:27:10.167 | INFO     | __main__:main:97 - 361/791 growing:nested_choice_070 lifting=True rep=0 solved 0.469s
2026-09-08 07:27:10.648 | INFO     | __main__:main:97 - 365/791 growing:nested_choice_090 lifting=False rep=0 solved 0.478s
2026-09-08 07:27:11.125 | INFO     | __main__:main:97 - 365/791 growing:nested_choice_090 lifting=True rep=0 solved 0.475s
2026-09-08 07:27:12.005 | INFO     | __main__:main:97 - 369/791 growing:selected_pairs_010 lifting=False rep=0 solved 0.877s
2026-09-08 07:27:12.887 | INFO     | __main__:main:97 - 369/791 growing:selected_pairs_010 lifting=True rep=0 solved 0.879s
2026-09-08 07:27:13.769 | INFO     | __main__:main:97 - 373/791 growing:selected_pairs_030 lifting=False rep=0 solved 0.880s
2026-09-08 07:27:14.653 | INFO     | __main__:main:97 - 373/791 growing:selected_pairs_030 lifting=True rep=0 solved 0.881s
2026-09-08 07:27:15.545 | INFO     | __main__:main:97 - 377/791 growing:selected_pairs_050 lifting=False rep=0 solved 0.889s
2026-09-08 07:27:16.422 | INFO     | __main__:main:97 - 377/791 growing:selected_pairs_050 lifting=True rep=0 solved 0.875s
2026-09-08 07:27:17.324 | INFO     | __main__:main:97 - 381/791 growing:selected_pairs_070 lifting=False rep=0 solved 0.899s
2026-09-08 07:27:18.225 | INFO     | __main__:main:97 - 381/791 growing:selected_pairs_070 lifting=True rep=0 solved 0.899s
2026-09-08 07:27:19.142 | INFO     | __main__:main:97 - 385/791 growing:selected_pairs_090 lifting=False rep=0 solved 0.914s
2026-09-08 07:27:20.056 | INFO     | __main__:main:97 - 385/791 growing:selected_pairs_090 lifting=True rep=0 solved 0.912s
2026-09-08 07:27:20.940 | INFO     | __main__:main:97 - 389/791 growing:selected_sequence_010 lifting=False rep=0 solved 0.881s
2026-09-08 07:27:21.825 | INFO     | __main__:main:97 - 389/791 growing:selected_sequence_010 lifting=True rep=0 solved 0.882s
2026-09-08 07:27:22.768 | INFO     | __main__:main:97 - 393/791 growing:selected_sequence_030 lifting=False rep=0 solved 0.940s
2026-09-08 07:27:23.709 | INFO     | __main__:main:97 - 393/791 growing:selected_sequence_030 lifting=True rep=0 solved 0.938s
2026-09-08 07:27:24.759 | INFO     | __main__:main:97 - 397/791 growing:selected_sequence_050 lifting=False rep=0 solved 1.047s
2026-09-08 07:27:25.806 | INFO     | __main__:main:97 - 397/791 growing:selected_sequence_050 lifting=True rep=0 solved 1.045s
2026-09-08 07:27:27.016 | INFO     | __main__:main:97 - 401/791 growing:selected_sequence_070 lifting=False rep=0 solved 1.207s
2026-09-08 07:27:28.234 | INFO     | __main__:main:97 - 401/791 growing:selected_sequence_070 lifting=True rep=0 solved 1.215s
2026-09-08 07:27:29.675 | INFO     | __main__:main:97 - 405/791 growing:selected_sequence_090 lifting=False rep=0 solved 1.439s
2026-09-08 07:27:31.112 | INFO     | __main__:main:97 - 405/791 growing:selected_sequence_090 lifting=True rep=0 solved 1.434s
2026-09-08 07:27:31.989 | INFO     | __main__:main:97 - 409/791 synthetic:syn-set_choice_intersection-small-01 lifting=False rep=0 solved 0.874s
2026-09-08 07:27:32.853 | INFO     | __main__:main:97 - 409/791 synthetic:syn-set_choice_intersection-small-01 lifting=True rep=0 solved 0.862s
2026-09-08 07:27:33.706 | INFO     | __main__:main:97 - 413/791 synthetic:syn-set_choice_intersection-small-05 lifting=False rep=0 solved 0.850s
2026-09-08 07:27:34.569 | INFO     | __main__:main:97 - 413/791 synthetic:syn-set_choice_intersection-small-05 lifting=True rep=0 solved 0.859s
2026-09-08 07:27:35.064 | INFO     | __main__:main:97 - 417/791 synthetic:syn-bag_choice_multiplicity-small-01 lifting=False rep=0 solved 0.492s
2026-09-08 07:27:35.554 | INFO     | __main__:main:97 - 417/791 synthetic:syn-bag_choice_multiplicity-small-01 lifting=True rep=0 solved 0.487s
2026-09-08 07:27:36.046 | INFO     | __main__:main:97 - 421/791 synthetic:syn-bag_choice_multiplicity-small-05 lifting=False rep=0 solved 0.489s
2026-09-08 07:27:36.536 | INFO     | __main__:main:97 - 421/791 synthetic:syn-bag_choice_multiplicity-small-05 lifting=True rep=0 solved 0.488s
2026-09-08 07:27:37.990 | INFO     | __main__:main:97 - 425/791 synthetic:syn-set_tuple_position_count-small-01 lifting=False rep=0 solved 1.451s
2026-09-08 07:27:39.445 | INFO     | __main__:main:97 - 425/791 synthetic:syn-set_tuple_position_count-small-01 lifting=True rep=0 solved 1.452s
2026-09-08 07:27:40.897 | INFO     | __main__:main:97 - 429/791 synthetic:syn-set_tuple_position_count-small-05 lifting=False rep=0 solved 1.449s
2026-09-08 07:27:42.349 | INFO     | __main__:main:97 - 429/791 synthetic:syn-set_tuple_position_count-small-05 lifting=True rep=0 solved 1.448s
2026-09-08 07:27:44.534 | INFO     | __main__:main:97 - 433/791 synthetic:syn-bag_tuple_multiplicity-small-01 lifting=False rep=0 solved 2.183s
2026-09-08 07:27:46.754 | INFO     | __main__:main:97 - 433/791 synthetic:syn-bag_tuple_multiplicity-small-01 lifting=True rep=0 solved 2.217s
2026-09-08 07:27:48.150 | INFO     | __main__:main:97 - 437/791 synthetic:syn-bag_tuple_multiplicity-small-05 lifting=False rep=0 solved 1.393s
2026-09-08 07:27:49.547 | INFO     | __main__:main:97 - 437/791 synthetic:syn-bag_tuple_multiplicity-small-05 lifting=True rep=0 solved 1.394s
2026-09-08 07:27:50.219 | INFO     | __main__:main:97 - 441/791 synthetic:syn-set_sequence_patterns-small-01 lifting=False rep=0 solved 0.670s
2026-09-08 07:27:50.889 | INFO     | __main__:main:97 - 441/791 synthetic:syn-set_sequence_patterns-small-01 lifting=True rep=0 solved 0.667s
2026-09-08 07:27:51.502 | INFO     | __main__:main:97 - 445/791 synthetic:syn-set_sequence_patterns-small-05 lifting=False rep=0 solved 0.610s
2026-09-08 07:27:52.107 | INFO     | __main__:main:97 - 445/791 synthetic:syn-set_sequence_patterns-small-05 lifting=True rep=0 solved 0.602s
2026-09-08 07:27:52.761 | INFO     | __main__:main:97 - 449/791 synthetic:syn-bag_sequence_adjacency-small-01 lifting=False rep=0 solved 0.651s
2026-09-08 07:27:53.420 | INFO     | __main__:main:97 - 449/791 synthetic:syn-bag_sequence_adjacency-small-01 lifting=True rep=0 solved 0.656s
2026-09-08 07:27:54.082 | INFO     | __main__:main:97 - 453/791 synthetic:syn-bag_sequence_adjacency-small-05 lifting=False rep=0 solved 0.654s
2026-09-08 07:27:54.738 | INFO     | __main__:main:97 - 453/791 synthetic:syn-bag_sequence_adjacency-small-05 lifting=True rep=0 solved 0.653s
2026-09-08 07:27:55.726 | INFO     | __main__:main:97 - 457/791 synthetic:syn-set_partition_min_size-small-01 lifting=False rep=0 solved 0.985s
2026-09-08 07:27:56.711 | INFO     | __main__:main:97 - 457/791 synthetic:syn-set_partition_min_size-small-01 lifting=True rep=0 solved 0.982s
2026-09-08 07:27:57.590 | INFO     | __main__:main:97 - 461/791 synthetic:syn-set_partition_min_size-small-05 lifting=False rep=0 solved 0.876s
2026-09-08 07:27:58.491 | INFO     | __main__:main:97 - 461/791 synthetic:syn-set_partition_min_size-small-05 lifting=True rep=0 solved 0.897s
2026-09-08 07:27:59.366 | INFO     | __main__:main:97 - 465/791 synthetic:syn-set_composition_sizes-small-01 lifting=False rep=0 solved 0.872s
2026-09-08 07:28:00.241 | INFO     | __main__:main:97 - 465/791 synthetic:syn-set_composition_sizes-small-01 lifting=True rep=0 solved 0.872s
2026-09-08 07:28:01.335 | INFO     | __main__:main:97 - 469/791 synthetic:syn-set_composition_sizes-small-05 lifting=False rep=0 solved 1.092s
2026-09-08 07:28:02.432 | INFO     | __main__:main:97 - 469/791 synthetic:syn-set_composition_sizes-small-05 lifting=True rep=0 solved 1.094s
2026-09-08 07:28:02.971 | INFO     | __main__:main:97 - 473/791 synthetic:syn-dependent_choice_disjoint-small-01 lifting=False rep=0 solved 0.535s
2026-09-08 07:28:03.506 | INFO     | __main__:main:97 - 473/791 synthetic:syn-dependent_choice_disjoint-small-01 lifting=True rep=0 solved 0.532s
2026-09-08 07:28:04.041 | INFO     | __main__:main:97 - 477/791 synthetic:syn-dependent_choice_disjoint-small-05 lifting=False rep=0 solved 0.532s
2026-09-08 07:28:04.578 | INFO     | __main__:main:97 - 477/791 synthetic:syn-dependent_choice_disjoint-small-05 lifting=True rep=0 solved 0.534s
2026-09-08 07:28:05.818 | INFO     | __main__:main:97 - 481/791 synthetic:syn-dependent_tuple_position_count-small-01 lifting=False rep=0 solved 1.237s
2026-09-08 07:28:07.059 | INFO     | __main__:main:97 - 481/791 synthetic:syn-dependent_tuple_position_count-small-01 lifting=True rep=0 solved 1.238s
2026-09-08 07:28:08.304 | INFO     | __main__:main:97 - 485/791 synthetic:syn-dependent_tuple_position_count-small-05 lifting=False rep=0 solved 1.242s
2026-09-08 07:28:09.550 | INFO     | __main__:main:97 - 485/791 synthetic:syn-dependent_tuple_position_count-small-05 lifting=True rep=0 solved 1.242s
2026-09-08 07:28:10.573 | INFO     | __main__:main:97 - 489/791 synthetic:syn-dependent_sequence_patterns-small-01 lifting=False rep=0 solved 1.020s
2026-09-08 07:28:11.607 | INFO     | __main__:main:97 - 489/791 synthetic:syn-dependent_sequence_patterns-small-01 lifting=True rep=0 solved 1.031s
2026-09-08 07:28:12.635 | INFO     | __main__:main:97 - 493/791 synthetic:syn-dependent_sequence_patterns-small-05 lifting=False rep=0 solved 1.025s
2026-09-08 07:28:13.656 | INFO     | __main__:main:97 - 493/791 synthetic:syn-dependent_sequence_patterns-small-05 lifting=True rep=0 solved 1.018s
2026-09-08 07:28:14.531 | INFO     | __main__:main:97 - 497/791 synthetic:syn-dependent_partition_min_size-small-01 lifting=False rep=0 solved 0.872s
2026-09-08 07:28:15.408 | INFO     | __main__:main:97 - 497/791 synthetic:syn-dependent_partition_min_size-small-01 lifting=True rep=0 solved 0.873s
2026-09-08 07:28:16.285 | INFO     | __main__:main:97 - 501/791 synthetic:syn-dependent_partition_min_size-small-05 lifting=False rep=0 solved 0.874s
2026-09-08 07:28:17.168 | INFO     | __main__:main:97 - 501/791 synthetic:syn-dependent_partition_min_size-small-05 lifting=True rep=0 solved 0.880s
2026-09-08 07:28:18.186 | INFO     | __main__:main:97 - 505/791 synthetic:syn-dependent_composition_sizes-small-01 lifting=False rep=0 solved 1.015s
2026-09-08 07:28:19.200 | INFO     | __main__:main:97 - 505/791 synthetic:syn-dependent_composition_sizes-small-01 lifting=True rep=0 solved 1.010s
2026-09-08 07:28:20.118 | INFO     | __main__:main:97 - 509/791 synthetic:syn-dependent_composition_sizes-small-05 lifting=False rep=0 solved 0.915s
2026-09-08 07:28:21.035 | INFO     | __main__:main:97 - 509/791 synthetic:syn-dependent_composition_sizes-small-05 lifting=True rep=0 solved 0.913s
2026-09-08 07:28:22.512 | INFO     | __main__:main:97 - 513/791 synthetic:syn-dependent_bag_tuple-small-01 lifting=False rep=0 solved 1.474s
2026-09-08 07:28:23.998 | INFO     | __main__:main:97 - 513/791 synthetic:syn-dependent_bag_tuple-small-01 lifting=True rep=0 solved 1.483s
2026-09-08 07:28:25.488 | INFO     | __main__:main:97 - 517/791 synthetic:syn-dependent_bag_tuple-small-05 lifting=False rep=0 solved 1.486s
2026-09-08 07:28:26.979 | INFO     | __main__:main:97 - 517/791 synthetic:syn-dependent_bag_tuple-small-05 lifting=True rep=0 solved 1.487s
2026-09-08 07:28:27.492 | INFO     | __main__:main:97 - 521/791 synthetic:syn-nested_choice_chain-small-01 lifting=False rep=0 solved 0.510s
2026-09-08 07:28:28.005 | INFO     | __main__:main:97 - 521/791 synthetic:syn-nested_choice_chain-small-01 lifting=True rep=0 solved 0.510s
2026-09-08 07:28:28.517 | INFO     | __main__:main:97 - 525/791 synthetic:syn-nested_choice_chain-small-05 lifting=False rep=0 solved 0.508s
2026-09-08 07:28:29.028 | INFO     | __main__:main:97 - 525/791 synthetic:syn-nested_choice_chain-small-05 lifting=True rep=0 solved 0.508s
2026-09-08 07:28:29.569 | INFO     | __main__:main:97 - 529/791 synthetic:syn-dependent_selected_subsets-small-01 lifting=False rep=0 solved 0.537s
2026-09-08 07:28:30.111 | INFO     | __main__:main:97 - 529/791 synthetic:syn-dependent_selected_subsets-small-01 lifting=True rep=0 solved 0.539s
2026-09-08 07:28:30.651 | INFO     | __main__:main:97 - 533/791 synthetic:syn-dependent_selected_subsets-small-05 lifting=False rep=0 solved 0.536s
2026-09-08 07:28:31.191 | INFO     | __main__:main:97 - 533/791 synthetic:syn-dependent_selected_subsets-small-05 lifting=True rep=0 solved 0.537s
2026-09-08 07:28:32.056 | INFO     | __main__:main:97 - 537/791 synthetic:syn-set_choice_intersection-medium-01 lifting=False rep=0 solved 0.861s
2026-09-08 07:28:32.924 | INFO     | __main__:main:97 - 537/791 synthetic:syn-set_choice_intersection-medium-01 lifting=True rep=0 solved 0.864s
2026-09-08 07:28:33.783 | INFO     | __main__:main:97 - 541/791 synthetic:syn-set_choice_intersection-medium-05 lifting=False rep=0 solved 0.856s
2026-09-08 07:28:34.644 | INFO     | __main__:main:97 - 541/791 synthetic:syn-set_choice_intersection-medium-05 lifting=True rep=0 solved 0.858s
2026-09-08 07:28:35.138 | INFO     | __main__:main:97 - 545/791 synthetic:syn-bag_choice_multiplicity-medium-01 lifting=False rep=0 solved 0.491s
2026-09-08 07:28:35.638 | INFO     | __main__:main:97 - 545/791 synthetic:syn-bag_choice_multiplicity-medium-01 lifting=True rep=0 solved 0.496s
2026-09-08 07:28:36.133 | INFO     | __main__:main:97 - 549/791 synthetic:syn-bag_choice_multiplicity-medium-05 lifting=False rep=0 solved 0.491s
2026-09-08 07:28:36.631 | INFO     | __main__:main:97 - 549/791 synthetic:syn-bag_choice_multiplicity-medium-05 lifting=True rep=0 solved 0.495s
2026-09-08 07:28:38.106 | INFO     | __main__:main:97 - 553/791 synthetic:syn-set_tuple_position_count-medium-01 lifting=False rep=0 solved 1.471s
2026-09-08 07:28:39.580 | INFO     | __main__:main:97 - 553/791 synthetic:syn-set_tuple_position_count-medium-01 lifting=True rep=0 solved 1.471s
2026-09-08 07:28:41.047 | INFO     | __main__:main:97 - 557/791 synthetic:syn-set_tuple_position_count-medium-05 lifting=False rep=0 solved 1.463s
2026-09-08 07:28:42.509 | INFO     | __main__:main:97 - 557/791 synthetic:syn-set_tuple_position_count-medium-05 lifting=True rep=0 solved 1.459s
2026-09-08 07:28:46.656 | INFO     | __main__:main:97 - 561/791 synthetic:syn-bag_tuple_multiplicity-medium-01 lifting=False rep=0 solved 4.143s
2026-09-08 07:28:50.841 | INFO     | __main__:main:97 - 561/791 synthetic:syn-bag_tuple_multiplicity-medium-01 lifting=True rep=0 solved 4.181s
2026-09-08 07:28:54.998 | INFO     | __main__:main:97 - 565/791 synthetic:syn-bag_tuple_multiplicity-medium-05 lifting=False rep=0 solved 4.154s
2026-09-08 07:28:59.178 | INFO     | __main__:main:97 - 565/791 synthetic:syn-bag_tuple_multiplicity-medium-05 lifting=True rep=0 solved 4.176s
2026-09-08 07:29:00.018 | INFO     | __main__:main:97 - 569/791 synthetic:syn-set_sequence_patterns-medium-01 lifting=False rep=0 solved 0.836s
2026-09-08 07:29:00.857 | INFO     | __main__:main:97 - 569/791 synthetic:syn-set_sequence_patterns-medium-01 lifting=True rep=0 solved 0.835s
2026-09-08 07:29:01.485 | INFO     | __main__:main:97 - 573/791 synthetic:syn-set_sequence_patterns-medium-05 lifting=False rep=0 solved 0.625s
2026-09-08 07:29:02.119 | INFO     | __main__:main:97 - 573/791 synthetic:syn-set_sequence_patterns-medium-05 lifting=True rep=0 solved 0.630s
2026-09-08 07:29:03.607 | INFO     | __main__:main:97 - 577/791 synthetic:syn-bag_sequence_adjacency-medium-01 lifting=False rep=0 solved 1.484s
2026-09-08 07:29:05.085 | INFO     | __main__:main:97 - 577/791 synthetic:syn-bag_sequence_adjacency-medium-01 lifting=True rep=0 solved 1.474s
2026-09-08 07:29:06.574 | INFO     | __main__:main:97 - 581/791 synthetic:syn-bag_sequence_adjacency-medium-05 lifting=False rep=0 solved 1.485s
2026-09-08 07:29:08.055 | INFO     | __main__:main:97 - 581/791 synthetic:syn-bag_sequence_adjacency-medium-05 lifting=True rep=0 solved 1.477s
2026-09-08 07:29:09.049 | INFO     | __main__:main:97 - 585/791 synthetic:syn-set_partition_min_size-medium-01 lifting=False rep=0 solved 0.990s
2026-09-08 07:29:10.044 | INFO     | __main__:main:97 - 585/791 synthetic:syn-set_partition_min_size-medium-01 lifting=True rep=0 solved 0.991s
2026-09-08 07:29:10.932 | INFO     | __main__:main:97 - 589/791 synthetic:syn-set_partition_min_size-medium-05 lifting=False rep=0 solved 0.884s
2026-09-08 07:29:11.822 | INFO     | __main__:main:97 - 589/791 synthetic:syn-set_partition_min_size-medium-05 lifting=True rep=0 solved 0.886s
2026-09-08 07:29:12.797 | INFO     | __main__:main:97 - 593/791 synthetic:syn-set_composition_sizes-medium-01 lifting=False rep=0 solved 0.971s
2026-09-08 07:29:13.774 | INFO     | __main__:main:97 - 593/791 synthetic:syn-set_composition_sizes-medium-01 lifting=True rep=0 solved 0.973s
2026-09-08 07:29:14.657 | INFO     | __main__:main:97 - 597/791 synthetic:syn-set_composition_sizes-medium-05 lifting=False rep=0 solved 0.879s
2026-09-08 07:29:15.538 | INFO     | __main__:main:97 - 597/791 synthetic:syn-set_composition_sizes-medium-05 lifting=True rep=0 solved 0.876s
2026-09-08 07:29:16.085 | INFO     | __main__:main:97 - 601/791 synthetic:syn-dependent_choice_disjoint-medium-01 lifting=False rep=0 solved 0.544s
2026-09-08 07:29:16.629 | INFO     | __main__:main:97 - 601/791 synthetic:syn-dependent_choice_disjoint-medium-01 lifting=True rep=0 solved 0.540s
2026-09-08 07:29:17.171 | INFO     | __main__:main:97 - 605/791 synthetic:syn-dependent_choice_disjoint-medium-05 lifting=False rep=0 solved 0.538s
2026-09-08 07:29:17.713 | INFO     | __main__:main:97 - 605/791 synthetic:syn-dependent_choice_disjoint-medium-05 lifting=True rep=0 solved 0.537s
2026-09-08 07:29:18.971 | INFO     | __main__:main:97 - 609/791 synthetic:syn-dependent_tuple_position_count-medium-01 lifting=False rep=0 solved 1.254s
2026-09-08 07:29:20.232 | INFO     | __main__:main:97 - 609/791 synthetic:syn-dependent_tuple_position_count-medium-01 lifting=True rep=0 solved 1.257s
2026-09-08 07:29:21.520 | INFO     | __main__:main:97 - 613/791 synthetic:syn-dependent_tuple_position_count-medium-05 lifting=False rep=0 solved 1.284s
2026-09-08 07:29:22.799 | INFO     | __main__:main:97 - 613/791 synthetic:syn-dependent_tuple_position_count-medium-05 lifting=True rep=0 solved 1.275s
2026-09-08 07:29:23.934 | INFO     | __main__:main:97 - 617/791 synthetic:syn-dependent_sequence_patterns-medium-01 lifting=False rep=0 solved 1.131s
2026-09-08 07:29:25.071 | INFO     | __main__:main:97 - 617/791 synthetic:syn-dependent_sequence_patterns-medium-01 lifting=True rep=0 solved 1.133s
2026-09-08 07:29:26.098 | INFO     | __main__:main:97 - 621/791 synthetic:syn-dependent_sequence_patterns-medium-05 lifting=False rep=0 solved 1.023s
2026-09-08 07:29:27.114 | INFO     | __main__:main:97 - 621/791 synthetic:syn-dependent_sequence_patterns-medium-05 lifting=True rep=0 solved 1.012s
2026-09-08 07:29:27.983 | INFO     | __main__:main:97 - 625/791 synthetic:syn-dependent_partition_min_size-medium-01 lifting=False rep=0 solved 0.865s
2026-09-08 07:29:28.867 | INFO     | __main__:main:97 - 625/791 synthetic:syn-dependent_partition_min_size-medium-01 lifting=True rep=0 solved 0.880s
2026-09-08 07:29:29.725 | INFO     | __main__:main:97 - 629/791 synthetic:syn-dependent_partition_min_size-medium-05 lifting=False rep=0 solved 0.854s
2026-09-08 07:29:30.582 | INFO     | __main__:main:97 - 629/791 synthetic:syn-dependent_partition_min_size-medium-05 lifting=True rep=0 solved 0.853s
2026-09-08 07:29:31.595 | INFO     | __main__:main:97 - 633/791 synthetic:syn-dependent_composition_sizes-medium-01 lifting=False rep=0 solved 1.010s
2026-09-08 07:29:32.607 | INFO     | __main__:main:97 - 633/791 synthetic:syn-dependent_composition_sizes-medium-01 lifting=True rep=0 solved 1.008s
2026-09-08 07:29:33.515 | INFO     | __main__:main:97 - 637/791 synthetic:syn-dependent_composition_sizes-medium-05 lifting=False rep=0 solved 0.904s
2026-09-08 07:29:34.410 | INFO     | __main__:main:97 - 637/791 synthetic:syn-dependent_composition_sizes-medium-05 lifting=True rep=0 solved 0.892s
2026-09-08 07:29:38.084 | INFO     | __main__:main:97 - 641/791 synthetic:syn-dependent_bag_tuple-medium-01 lifting=False rep=0 solved 3.670s
2026-09-08 07:29:41.745 | INFO     | __main__:main:97 - 641/791 synthetic:syn-dependent_bag_tuple-medium-01 lifting=True rep=0 solved 3.657s
2026-09-08 07:29:43.063 | INFO     | __main__:main:97 - 645/791 synthetic:syn-dependent_bag_tuple-medium-05 lifting=False rep=0 solved 1.314s
2026-09-08 07:29:44.390 | INFO     | __main__:main:97 - 645/791 synthetic:syn-dependent_bag_tuple-medium-05 lifting=True rep=0 solved 1.322s
2026-09-08 07:29:44.849 | INFO     | __main__:main:97 - 649/791 synthetic:syn-nested_choice_chain-medium-01 lifting=False rep=0 solved 0.456s
2026-09-08 07:29:45.308 | INFO     | __main__:main:97 - 649/791 synthetic:syn-nested_choice_chain-medium-01 lifting=True rep=0 solved 0.455s
2026-09-08 07:29:45.770 | INFO     | __main__:main:97 - 653/791 synthetic:syn-nested_choice_chain-medium-05 lifting=False rep=0 solved 0.458s
2026-09-08 07:29:46.230 | INFO     | __main__:main:97 - 653/791 synthetic:syn-nested_choice_chain-medium-05 lifting=True rep=0 solved 0.457s
2026-09-08 07:29:46.717 | INFO     | __main__:main:97 - 657/791 synthetic:syn-dependent_selected_subsets-medium-01 lifting=False rep=0 solved 0.482s
2026-09-08 07:29:47.202 | INFO     | __main__:main:97 - 657/791 synthetic:syn-dependent_selected_subsets-medium-01 lifting=True rep=0 solved 0.481s
2026-09-08 07:29:47.691 | INFO     | __main__:main:97 - 661/791 synthetic:syn-dependent_selected_subsets-medium-05 lifting=False rep=0 solved 0.485s
2026-09-08 07:29:48.177 | INFO     | __main__:main:97 - 661/791 synthetic:syn-dependent_selected_subsets-medium-05 lifting=True rep=0 solved 0.483s
2026-09-08 07:29:48.954 | INFO     | __main__:main:97 - 665/791 synthetic:syn-set_choice_intersection-large-01 lifting=False rep=0 solved 0.773s
2026-09-08 07:29:49.726 | INFO     | __main__:main:97 - 665/791 synthetic:syn-set_choice_intersection-large-01 lifting=True rep=0 solved 0.768s
2026-09-08 07:29:50.501 | INFO     | __main__:main:97 - 669/791 synthetic:syn-set_choice_intersection-large-05 lifting=False rep=0 solved 0.771s
2026-09-08 07:29:51.278 | INFO     | __main__:main:97 - 669/791 synthetic:syn-set_choice_intersection-large-05 lifting=True rep=0 solved 0.773s
2026-09-08 07:29:51.731 | INFO     | __main__:main:97 - 673/791 synthetic:syn-bag_choice_multiplicity-large-01 lifting=False rep=0 solved 0.449s
2026-09-08 07:29:52.180 | INFO     | __main__:main:97 - 673/791 synthetic:syn-bag_choice_multiplicity-large-01 lifting=True rep=0 solved 0.445s
2026-09-08 07:29:52.632 | INFO     | __main__:main:97 - 677/791 synthetic:syn-bag_choice_multiplicity-large-05 lifting=False rep=0 solved 0.448s
2026-09-08 07:29:53.083 | INFO     | __main__:main:97 - 677/791 synthetic:syn-bag_choice_multiplicity-large-05 lifting=True rep=0 solved 0.447s
2026-09-08 07:29:54.436 | INFO     | __main__:main:97 - 681/791 synthetic:syn-set_tuple_position_count-large-01 lifting=False rep=0 solved 1.348s
2026-09-08 07:29:55.801 | INFO     | __main__:main:97 - 681/791 synthetic:syn-set_tuple_position_count-large-01 lifting=True rep=0 solved 1.361s
2026-09-08 07:29:57.141 | INFO     | __main__:main:97 - 685/791 synthetic:syn-set_tuple_position_count-large-05 lifting=False rep=0 solved 1.337s
2026-09-08 07:29:58.494 | INFO     | __main__:main:97 - 685/791 synthetic:syn-set_tuple_position_count-large-05 lifting=True rep=0 solved 1.349s
2026-09-08 07:30:05.194 | INFO     | __main__:main:97 - 689/791 synthetic:syn-bag_tuple_multiplicity-large-01 lifting=False rep=0 solved 6.696s
2026-09-08 07:30:11.968 | INFO     | __main__:main:97 - 689/791 synthetic:syn-bag_tuple_multiplicity-large-01 lifting=True rep=0 solved 6.770s
2026-09-08 07:30:18.721 | INFO     | __main__:main:97 - 693/791 synthetic:syn-bag_tuple_multiplicity-large-05 lifting=False rep=0 solved 6.748s
2026-09-08 07:30:25.585 | INFO     | __main__:main:97 - 693/791 synthetic:syn-bag_tuple_multiplicity-large-05 lifting=True rep=0 solved 6.860s
2026-09-08 07:30:26.453 | INFO     | __main__:main:97 - 697/791 synthetic:syn-set_sequence_patterns-large-01 lifting=False rep=0 solved 0.863s
2026-09-08 07:30:27.312 | INFO     | __main__:main:97 - 697/791 synthetic:syn-set_sequence_patterns-large-01 lifting=True rep=0 solved 0.855s
2026-09-08 07:30:27.895 | INFO     | __main__:main:97 - 701/791 synthetic:syn-set_sequence_patterns-large-05 lifting=False rep=0 solved 0.579s
2026-09-08 07:30:28.476 | INFO     | __main__:main:97 - 701/791 synthetic:syn-set_sequence_patterns-large-05 lifting=True rep=0 solved 0.577s
2026-09-08 07:30:32.440 | INFO     | __main__:main:97 - 705/791 synthetic:syn-bag_sequence_adjacency-large-01 lifting=False rep=0 solved 3.959s
2026-09-08 07:30:36.389 | INFO     | __main__:main:97 - 705/791 synthetic:syn-bag_sequence_adjacency-large-01 lifting=True rep=0 solved 3.946s
2026-09-08 07:30:40.264 | INFO     | __main__:main:97 - 709/791 synthetic:syn-bag_sequence_adjacency-large-05 lifting=False rep=0 solved 3.871s
2026-09-08 07:30:44.212 | INFO     | __main__:main:97 - 709/791 synthetic:syn-bag_sequence_adjacency-large-05 lifting=True rep=0 solved 3.944s
2026-09-08 07:30:44.954 | INFO     | __main__:main:97 - 713/791 synthetic:syn-set_partition_min_size-large-01 lifting=False rep=0 solved 0.737s
2026-09-08 07:30:45.698 | INFO     | __main__:main:97 - 713/791 synthetic:syn-set_partition_min_size-large-01 lifting=True rep=0 solved 0.741s
2026-09-08 07:30:46.438 | INFO     | __main__:main:97 - 717/791 synthetic:syn-set_partition_min_size-large-05 lifting=False rep=0 solved 0.735s
2026-09-08 07:30:47.181 | INFO     | __main__:main:97 - 717/791 synthetic:syn-set_partition_min_size-large-05 lifting=True rep=0 solved 0.738s
2026-09-08 07:30:48.066 | INFO     | __main__:main:97 - 721/791 synthetic:syn-set_composition_sizes-large-01 lifting=False rep=0 solved 0.881s
2026-09-08 07:30:48.958 | INFO     | __main__:main:97 - 721/791 synthetic:syn-set_composition_sizes-large-01 lifting=True rep=0 solved 0.888s
2026-09-08 07:30:49.962 | INFO     | __main__:main:97 - 725/791 synthetic:syn-set_composition_sizes-large-05 lifting=False rep=0 solved 0.999s
2026-09-08 07:30:50.968 | INFO     | __main__:main:97 - 725/791 synthetic:syn-set_composition_sizes-large-05 lifting=True rep=0 solved 1.001s
2026-09-08 07:30:51.461 | INFO     | __main__:main:97 - 729/791 synthetic:syn-dependent_choice_disjoint-large-01 lifting=False rep=0 solved 0.489s
2026-09-08 07:30:51.960 | INFO     | __main__:main:97 - 729/791 synthetic:syn-dependent_choice_disjoint-large-01 lifting=True rep=0 solved 0.494s
2026-09-08 07:30:52.457 | INFO     | __main__:main:97 - 733/791 synthetic:syn-dependent_choice_disjoint-large-05 lifting=False rep=0 solved 0.492s
2026-09-08 07:30:52.950 | INFO     | __main__:main:97 - 733/791 synthetic:syn-dependent_choice_disjoint-large-05 lifting=True rep=0 solved 0.489s
2026-09-08 07:30:54.153 | INFO     | __main__:main:97 - 737/791 synthetic:syn-dependent_tuple_position_count-large-01 lifting=False rep=0 solved 1.199s
2026-09-08 07:30:55.360 | INFO     | __main__:main:97 - 737/791 synthetic:syn-dependent_tuple_position_count-large-01 lifting=True rep=0 solved 1.202s
2026-09-08 07:30:56.548 | INFO     | __main__:main:97 - 741/791 synthetic:syn-dependent_tuple_position_count-large-05 lifting=False rep=0 solved 1.183s
2026-09-08 07:30:57.740 | INFO     | __main__:main:97 - 741/791 synthetic:syn-dependent_tuple_position_count-large-05 lifting=True rep=0 solved 1.187s
2026-09-08 07:30:58.814 | INFO     | __main__:main:97 - 745/791 synthetic:syn-dependent_sequence_patterns-large-01 lifting=False rep=0 solved 1.070s
2026-09-08 07:30:59.908 | INFO     | __main__:main:97 - 745/791 synthetic:syn-dependent_sequence_patterns-large-01 lifting=True rep=0 solved 1.090s
2026-09-08 07:31:00.863 | INFO     | __main__:main:97 - 749/791 synthetic:syn-dependent_sequence_patterns-large-05 lifting=False rep=0 solved 0.950s
2026-09-08 07:31:01.814 | INFO     | __main__:main:97 - 749/791 synthetic:syn-dependent_sequence_patterns-large-05 lifting=True rep=0 solved 0.946s
2026-09-08 07:31:02.605 | INFO     | __main__:main:97 - 753/791 synthetic:syn-dependent_partition_min_size-large-01 lifting=False rep=0 solved 0.786s
2026-09-08 07:31:03.392 | INFO     | __main__:main:97 - 753/791 synthetic:syn-dependent_partition_min_size-large-01 lifting=True rep=0 solved 0.783s
2026-09-08 07:31:04.176 | INFO     | __main__:main:97 - 757/791 synthetic:syn-dependent_partition_min_size-large-05 lifting=False rep=0 solved 0.779s
2026-09-08 07:31:04.961 | INFO     | __main__:main:97 - 757/791 synthetic:syn-dependent_partition_min_size-large-05 lifting=True rep=0 solved 0.781s
2026-09-08 07:31:06.221 | INFO     | __main__:main:97 - 761/791 synthetic:syn-dependent_composition_sizes-large-01 lifting=False rep=0 solved 1.255s
2026-09-08 07:31:07.475 | INFO     | __main__:main:97 - 761/791 synthetic:syn-dependent_composition_sizes-large-01 lifting=True rep=0 solved 1.249s
2026-09-08 07:31:08.743 | INFO     | __main__:main:97 - 765/791 synthetic:syn-dependent_composition_sizes-large-05 lifting=False rep=0 solved 1.263s
2026-09-08 07:31:09.999 | INFO     | __main__:main:97 - 765/791 synthetic:syn-dependent_composition_sizes-large-05 lifting=True rep=0 solved 1.252s
2026-09-08 07:31:16.688 | INFO     | __main__:main:97 - 769/791 synthetic:syn-dependent_bag_tuple-large-01 lifting=False rep=0 solved 6.685s
2026-09-08 07:31:23.407 | INFO     | __main__:main:97 - 769/791 synthetic:syn-dependent_bag_tuple-large-01 lifting=True rep=0 solved 6.715s
2026-09-08 07:31:30.168 | INFO     | __main__:main:97 - 773/791 synthetic:syn-dependent_bag_tuple-large-05 lifting=False rep=0 solved 6.756s
2026-09-08 07:31:36.906 | INFO     | __main__:main:97 - 773/791 synthetic:syn-dependent_bag_tuple-large-05 lifting=True rep=0 solved 6.734s
2026-09-08 07:31:37.363 | INFO     | __main__:main:97 - 777/791 synthetic:syn-nested_choice_chain-large-01 lifting=False rep=0 solved 0.452s
2026-09-08 07:31:37.822 | INFO     | __main__:main:97 - 777/791 synthetic:syn-nested_choice_chain-large-01 lifting=True rep=0 solved 0.454s
2026-09-08 07:31:38.280 | INFO     | __main__:main:97 - 781/791 synthetic:syn-nested_choice_chain-large-05 lifting=False rep=0 solved 0.454s
2026-09-08 07:31:38.736 | INFO     | __main__:main:97 - 781/791 synthetic:syn-nested_choice_chain-large-05 lifting=True rep=0 solved 0.451s
2026-09-08 07:31:39.224 | INFO     | __main__:main:97 - 785/791 synthetic:syn-dependent_selected_subsets-large-01 lifting=False rep=0 solved 0.483s
2026-09-08 07:31:39.708 | INFO     | __main__:main:97 - 785/791 synthetic:syn-dependent_selected_subsets-large-01 lifting=True rep=0 solved 0.479s
2026-09-08 07:31:40.189 | INFO     | __main__:main:97 - 789/791 synthetic:syn-dependent_selected_subsets-large-05 lifting=False rep=0 solved 0.477s
2026-09-08 07:31:40.667 | INFO     | __main__:main:97 - 789/791 synthetic:syn-dependent_selected_subsets-large-05 lifting=True rep=0 solved 0.474s
2026-09-08 07:31:40.668 | INFO     | __main__:main:102 - Complete: {'solved': 396}
