2026-09-08 07:42:11.607 | INFO     | __main__:main:104 - 1/29 real:3 lifting=True rep=1 solved 0.333s
2026-09-08 07:42:11.938 | INFO     | __main__:main:104 - 1/29 real:3 lifting=False rep=1 solved 0.330s
2026-09-08 07:42:12.269 | INFO     | __main__:main:104 - 1/29 real:3 lifting=False rep=2 solved 0.329s
2026-09-08 07:42:12.603 | INFO     | __main__:main:104 - 1/29 real:3 lifting=True rep=2 solved 0.333s
2026-09-08 07:42:12.935 | INFO     | __main__:main:104 - 1/29 real:3 lifting=True rep=3 solved 0.332s
2026-09-08 07:42:13.267 | INFO     | __main__:main:104 - 1/29 real:3 lifting=False rep=3 solved 0.329s
2026-09-08 07:42:13.653 | INFO     | __main__:main:104 - 3/29 real:14 lifting=True rep=1 solved 0.385s
2026-09-08 07:42:14.039 | INFO     | __main__:main:104 - 3/29 real:14 lifting=False rep=1 solved 0.385s
2026-09-08 07:42:14.431 | INFO     | __main__:main:104 - 3/29 real:14 lifting=False rep=2 solved 0.390s
2026-09-08 07:42:14.819 | INFO     | __main__:main:104 - 3/29 real:14 lifting=True rep=2 solved 0.388s
2026-09-08 07:42:15.209 | INFO     | __main__:main:104 - 3/29 real:14 lifting=True rep=3 solved 0.389s
2026-09-08 07:42:15.599 | INFO     | __main__:main:104 - 3/29 real:14 lifting=False rep=3 solved 0.389s
2026-09-08 07:42:16.201 | INFO     | __main__:main:104 - 5/29 real:24 lifting=True rep=1 solved 0.601s
2026-09-08 07:42:16.815 | INFO     | __main__:main:104 - 5/29 real:24 lifting=False rep=1 solved 0.613s
2026-09-08 07:42:17.424 | INFO     | __main__:main:104 - 5/29 real:24 lifting=False rep=2 solved 0.608s
2026-09-08 07:42:18.028 | INFO     | __main__:main:104 - 5/29 real:24 lifting=True rep=2 solved 0.603s
2026-09-08 07:42:18.635 | INFO     | __main__:main:104 - 5/29 real:24 lifting=True rep=3 solved 0.606s
2026-09-08 07:42:19.235 | INFO     | __main__:main:104 - 5/29 real:24 lifting=False rep=3 solved 0.599s
2026-09-08 07:42:20.076 | INFO     | __main__:main:104 - 7/29 real:32 lifting=True rep=1 solved 0.840s
2026-09-08 07:42:20.924 | INFO     | __main__:main:104 - 7/29 real:32 lifting=False rep=1 solved 0.846s
2026-09-08 07:42:21.764 | INFO     | __main__:main:104 - 7/29 real:32 lifting=False rep=2 solved 0.839s
2026-09-08 07:42:22.607 | INFO     | __main__:main:104 - 7/29 real:32 lifting=True rep=2 solved 0.841s
2026-09-08 07:42:23.466 | INFO     | __main__:main:104 - 7/29 real:32 lifting=True rep=3 solved 0.859s
2026-09-08 07:42:24.300 | INFO     | __main__:main:104 - 7/29 real:32 lifting=False rep=3 solved 0.833s
2026-09-08 07:42:24.954 | INFO     | __main__:main:104 - 9/29 real:43 lifting=True rep=1 solved 0.653s
2026-09-08 07:42:25.606 | INFO     | __main__:main:104 - 9/29 real:43 lifting=False rep=1 solved 0.650s
2026-09-08 07:42:26.264 | INFO     | __main__:main:104 - 9/29 real:43 lifting=False rep=2 solved 0.658s
2026-09-08 07:42:26.922 | INFO     | __main__:main:104 - 9/29 real:43 lifting=True rep=2 solved 0.657s
2026-09-08 07:42:27.571 | INFO     | __main__:main:104 - 9/29 real:43 lifting=True rep=3 solved 0.647s
2026-09-08 07:42:28.228 | INFO     | __main__:main:104 - 9/29 real:43 lifting=False rep=3 solved 0.656s
2026-09-08 07:42:28.594 | INFO     | __main__:main:104 - 11/29 real:56 lifting=True rep=1 solved 0.365s
2026-09-08 07:42:28.975 | INFO     | __main__:main:104 - 11/29 real:56 lifting=False rep=1 solved 0.379s
2026-09-08 07:42:29.356 | INFO     | __main__:main:104 - 11/29 real:56 lifting=False rep=2 solved 0.381s
2026-09-08 07:42:29.721 | INFO     | __main__:main:104 - 11/29 real:56 lifting=True rep=2 solved 0.364s
2026-09-08 07:42:30.085 | INFO     | __main__:main:104 - 11/29 real:56 lifting=True rep=3 solved 0.363s
2026-09-08 07:42:30.449 | INFO     | __main__:main:104 - 11/29 real:56 lifting=False rep=3 solved 0.362s
2026-09-08 07:42:31.247 | INFO     | __main__:main:104 - 13/29 real:65 lifting=True rep=1 solved 0.797s
2026-09-08 07:42:32.049 | INFO     | __main__:main:104 - 13/29 real:65 lifting=False rep=1 solved 0.801s
2026-09-08 07:42:32.852 | INFO     | __main__:main:104 - 13/29 real:65 lifting=False rep=2 solved 0.802s
2026-09-08 07:42:33.658 | INFO     | __main__:main:104 - 13/29 real:65 lifting=True rep=2 solved 0.804s
2026-09-08 07:42:34.465 | INFO     | __main__:main:104 - 13/29 real:65 lifting=True rep=3 solved 0.806s
2026-09-08 07:42:35.274 | INFO     | __main__:main:104 - 13/29 real:65 lifting=False rep=3 solved 0.808s
2026-09-08 07:42:36.067 | INFO     | __main__:main:104 - 15/29 real:74 lifting=True rep=1 solved 0.792s
2026-09-08 07:42:36.861 | INFO     | __main__:main:104 - 15/29 real:74 lifting=False rep=1 solved 0.793s
2026-09-08 07:42:37.649 | INFO     | __main__:main:104 - 15/29 real:74 lifting=False rep=2 solved 0.786s
2026-09-08 07:42:38.441 | INFO     | __main__:main:104 - 15/29 real:74 lifting=True rep=2 solved 0.791s
2026-09-08 07:42:39.235 | INFO     | __main__:main:104 - 15/29 real:74 lifting=True rep=3 solved 0.793s
2026-09-08 07:42:40.029 | INFO     | __main__:main:104 - 15/29 real:74 lifting=False rep=3 solved 0.793s
2026-09-08 07:42:40.414 | INFO     | __main__:main:104 - 17/29 real:85 lifting=True rep=1 solved 0.383s
2026-09-08 07:42:40.799 | INFO     | __main__:main:104 - 17/29 real:85 lifting=False rep=1 solved 0.385s
2026-09-08 07:42:41.182 | INFO     | __main__:main:104 - 17/29 real:85 lifting=False rep=2 solved 0.381s
2026-09-08 07:42:41.570 | INFO     | __main__:main:104 - 17/29 real:85 lifting=True rep=2 solved 0.386s
2026-09-08 07:42:41.951 | INFO     | __main__:main:104 - 17/29 real:85 lifting=True rep=3 solved 0.380s
2026-09-08 07:42:42.336 | INFO     | __main__:main:104 - 17/29 real:85 lifting=False rep=3 solved 0.384s
2026-09-08 07:42:42.701 | INFO     | __main__:main:104 - 19/29 real:96 lifting=True rep=1 solved 0.365s
2026-09-08 07:42:43.070 | INFO     | __main__:main:104 - 19/29 real:96 lifting=False rep=1 solved 0.367s
2026-09-08 07:42:43.437 | INFO     | __main__:main:104 - 19/29 real:96 lifting=False rep=2 solved 0.365s
2026-09-08 07:42:43.805 | INFO     | __main__:main:104 - 19/29 real:96 lifting=True rep=2 solved 0.367s
2026-09-08 07:42:44.175 | INFO     | __main__:main:104 - 19/29 real:96 lifting=True rep=3 solved 0.368s
2026-09-08 07:42:44.542 | INFO     | __main__:main:104 - 19/29 real:96 lifting=False rep=3 solved 0.366s
2026-09-08 07:42:45.323 | INFO     | __main__:main:104 - 21/29 real:104 lifting=True rep=1 solved 0.780s
2026-09-08 07:42:46.107 | INFO     | __main__:main:104 - 21/29 real:104 lifting=False rep=1 solved 0.783s
2026-09-08 07:42:46.887 | INFO     | __main__:main:104 - 21/29 real:104 lifting=False rep=2 solved 0.778s
2026-09-08 07:42:47.673 | INFO     | __main__:main:104 - 21/29 real:104 lifting=True rep=2 solved 0.785s
2026-09-08 07:42:48.456 | INFO     | __main__:main:104 - 21/29 real:104 lifting=True rep=3 solved 0.782s
2026-09-08 07:42:49.238 | INFO     | __main__:main:104 - 21/29 real:104 lifting=False rep=3 solved 0.781s
2026-09-08 07:42:50.020 | INFO     | __main__:main:104 - 23/29 real:112 lifting=True rep=1 solved 0.781s
2026-09-08 07:42:50.797 | INFO     | __main__:main:104 - 23/29 real:112 lifting=False rep=1 solved 0.776s
2026-09-08 07:42:51.579 | INFO     | __main__:main:104 - 23/29 real:112 lifting=False rep=2 solved 0.781s
2026-09-08 07:42:52.358 | INFO     | __main__:main:104 - 23/29 real:112 lifting=True rep=2 solved 0.777s
2026-09-08 07:42:53.143 | INFO     | __main__:main:104 - 23/29 real:112 lifting=True rep=3 solved 0.783s
2026-09-08 07:42:53.922 | INFO     | __main__:main:104 - 23/29 real:112 lifting=False rep=3 solved 0.778s
2026-09-08 07:42:54.253 | INFO     | __main__:main:104 - 25/29 real:124 lifting=True rep=1 solved 0.330s
2026-09-08 07:42:54.579 | INFO     | __main__:main:104 - 25/29 real:124 lifting=False rep=1 solved 0.324s
2026-09-08 07:42:54.906 | INFO     | __main__:main:104 - 25/29 real:124 lifting=False rep=2 solved 0.326s
2026-09-08 07:42:55.233 | INFO     | __main__:main:104 - 25/29 real:124 lifting=True rep=2 solved 0.327s
2026-09-08 07:42:55.560 | INFO     | __main__:main:104 - 25/29 real:124 lifting=True rep=3 solved 0.325s
2026-09-08 07:42:55.884 | INFO     | __main__:main:104 - 25/29 real:124 lifting=False rep=3 solved 0.323s
2026-09-08 07:42:56.372 | INFO     | __main__:main:104 - 27/29 real:132 lifting=True rep=1 solved 0.487s
2026-09-08 07:42:56.914 | INFO     | __main__:main:104 - 27/29 real:132 lifting=False rep=1 solved 0.540s
2026-09-08 07:42:57.464 | INFO     | __main__:main:104 - 27/29 real:132 lifting=False rep=2 solved 0.549s
2026-09-08 07:42:57.956 | INFO     | __main__:main:104 - 27/29 real:132 lifting=True rep=2 solved 0.490s
2026-09-08 07:42:58.436 | INFO     | __main__:main:104 - 27/29 real:132 lifting=True rep=3 solved 0.479s
2026-09-08 07:42:58.958 | INFO     | __main__:main:104 - 27/29 real:132 lifting=False rep=3 solved 0.520s
2026-09-08 07:43:00.165 | INFO     | __main__:main:104 - 29/29 growing:banana_090 lifting=True rep=1 solved 1.206s
2026-09-08 07:43:01.381 | INFO     | __main__:main:104 - 29/29 growing:banana_090 lifting=False rep=1 solved 1.214s
2026-09-08 07:43:02.592 | INFO     | __main__:main:104 - 29/29 growing:banana_090 lifting=False rep=2 solved 1.210s
2026-09-08 07:43:03.799 | INFO     | __main__:main:104 - 29/29 growing:banana_090 lifting=True rep=2 solved 1.206s
2026-09-08 07:43:05.006 | INFO     | __main__:main:104 - 29/29 growing:banana_090 lifting=True rep=3 solved 1.206s
2026-09-08 07:43:06.201 | INFO     | __main__:main:104 - 29/29 growing:banana_090 lifting=False rep=3 solved 1.193s
2026-09-08 07:43:06.201 | INFO     | __main__:main:109 - Complete: {'solved': 90}
